Archive member included to satisfy reference by file (symbol)

C:\Users\alejo\Documents\containers-project\D-Box\FreeRTOS\Demo\FreeRTOS-BOX-MODBUS_PID\Projects\GCC\lib\libarm_cortexM3l_math.a(arm_pid_init_f32.o)
                              ./ST_Code/Core/Src/main.o (arm_pid_init_f32)
c:/st/stm32cubeide_1.8.0/stm32cubeide/plugins/com.st.stm32cube.ide.mcu.externaltools.gnu-tools-for-stm32.9-2020-q2-update.win32_2.0.0.202105311346/tools/bin/../lib/gcc/arm-none-eabi/9.3.1/../../../../arm-none-eabi/lib/thumb/v7-m/nofp\libc_nano.a(lib_a-errno.o)
                              ./Startup/syscalls.o (__errno)
c:/st/stm32cubeide_1.8.0/stm32cubeide/plugins/com.st.stm32cube.ide.mcu.externaltools.gnu-tools-for-stm32.9-2020-q2-update.win32_2.0.0.202105311346/tools/bin/../lib/gcc/arm-none-eabi/9.3.1/../../../../arm-none-eabi/lib/thumb/v7-m/nofp\libc_nano.a(lib_a-exit.o)
                              c:/st/stm32cubeide_1.8.0/stm32cubeide/plugins/com.st.stm32cube.ide.mcu.externaltools.gnu-tools-for-stm32.9-2020-q2-update.win32_2.0.0.202105311346/tools/bin/../lib/gcc/arm-none-eabi/9.3.1/../../../../arm-none-eabi/lib/thumb/v7-m/nofp/crt0.o (exit)
c:/st/stm32cubeide_1.8.0/stm32cubeide/plugins/com.st.stm32cube.ide.mcu.externaltools.gnu-tools-for-stm32.9-2020-q2-update.win32_2.0.0.202105311346/tools/bin/../lib/gcc/arm-none-eabi/9.3.1/../../../../arm-none-eabi/lib/thumb/v7-m/nofp\libc_nano.a(lib_a-impure.o)
                              c:/st/stm32cubeide_1.8.0/stm32cubeide/plugins/com.st.stm32cube.ide.mcu.externaltools.gnu-tools-for-stm32.9-2020-q2-update.win32_2.0.0.202105311346/tools/bin/../lib/gcc/arm-none-eabi/9.3.1/../../../../arm-none-eabi/lib/thumb/v7-m/nofp\libc_nano.a(lib_a-exit.o) (_global_impure_ptr)
c:/st/stm32cubeide_1.8.0/stm32cubeide/plugins/com.st.stm32cube.ide.mcu.externaltools.gnu-tools-for-stm32.9-2020-q2-update.win32_2.0.0.202105311346/tools/bin/../lib/gcc/arm-none-eabi/9.3.1/../../../../arm-none-eabi/lib/thumb/v7-m/nofp\libc_nano.a(lib_a-init.o)
                              c:/st/stm32cubeide_1.8.0/stm32cubeide/plugins/com.st.stm32cube.ide.mcu.externaltools.gnu-tools-for-stm32.9-2020-q2-update.win32_2.0.0.202105311346/tools/bin/../lib/gcc/arm-none-eabi/9.3.1/../../../../arm-none-eabi/lib/thumb/v7-m/nofp/crt0.o (__libc_init_array)
c:/st/stm32cubeide_1.8.0/stm32cubeide/plugins/com.st.stm32cube.ide.mcu.externaltools.gnu-tools-for-stm32.9-2020-q2-update.win32_2.0.0.202105311346/tools/bin/../lib/gcc/arm-none-eabi/9.3.1/../../../../arm-none-eabi/lib/thumb/v7-m/nofp\libc_nano.a(lib_a-memcpy-stub.o)
                              ./FreeRTOS/queue.o (memcpy)
c:/st/stm32cubeide_1.8.0/stm32cubeide/plugins/com.st.stm32cube.ide.mcu.externaltools.gnu-tools-for-stm32.9-2020-q2-update.win32_2.0.0.202105311346/tools/bin/../lib/gcc/arm-none-eabi/9.3.1/../../../../arm-none-eabi/lib/thumb/v7-m/nofp\libc_nano.a(lib_a-memset.o)
                              c:/st/stm32cubeide_1.8.0/stm32cubeide/plugins/com.st.stm32cube.ide.mcu.externaltools.gnu-tools-for-stm32.9-2020-q2-update.win32_2.0.0.202105311346/tools/bin/../lib/gcc/arm-none-eabi/9.3.1/../../../../arm-none-eabi/lib/thumb/v7-m/nofp/crt0.o (memset)
c:/st/stm32cubeide_1.8.0/stm32cubeide/plugins/com.st.stm32cube.ide.mcu.externaltools.gnu-tools-for-stm32.9-2020-q2-update.win32_2.0.0.202105311346/tools/bin/../lib/gcc/arm-none-eabi/9.3.1/../../../../arm-none-eabi/lib/thumb/v7-m/nofp\libc_nano.a(lib_a-strlen.o)
                              ./FreeRTOS/tasks.o (strlen)
c:/st/stm32cubeide_1.8.0/stm32cubeide/plugins/com.st.stm32cube.ide.mcu.externaltools.gnu-tools-for-stm32.9-2020-q2-update.win32_2.0.0.202105311346/tools/bin/../lib/gcc/arm-none-eabi/9.3.1/thumb/v7-m/nofp\libgcc.a(_arm_muldf3.o)
                              ./ST_Code/Core/Src/main.o (__aeabi_dmul)
c:/st/stm32cubeide_1.8.0/stm32cubeide/plugins/com.st.stm32cube.ide.mcu.externaltools.gnu-tools-for-stm32.9-2020-q2-update.win32_2.0.0.202105311346/tools/bin/../lib/gcc/arm-none-eabi/9.3.1/thumb/v7-m/nofp\libgcc.a(_arm_mulsf3.o)
                              ./ST_Code/Core/Src/main.o (__aeabi_fmul)
c:/st/stm32cubeide_1.8.0/stm32cubeide/plugins/com.st.stm32cube.ide.mcu.externaltools.gnu-tools-for-stm32.9-2020-q2-update.win32_2.0.0.202105311346/tools/bin/../lib/gcc/arm-none-eabi/9.3.1/thumb/v7-m/nofp\libgcc.a(_arm_addsubdf3.o)
                              ./ST_Code/Core/Src/main.o (__aeabi_i2d)
c:/st/stm32cubeide_1.8.0/stm32cubeide/plugins/com.st.stm32cube.ide.mcu.externaltools.gnu-tools-for-stm32.9-2020-q2-update.win32_2.0.0.202105311346/tools/bin/../lib/gcc/arm-none-eabi/9.3.1/thumb/v7-m/nofp\libgcc.a(_arm_fixunsdfsi.o)
                              ./ST_Code/Core/Src/main.o (__aeabi_d2uiz)
c:/st/stm32cubeide_1.8.0/stm32cubeide/plugins/com.st.stm32cube.ide.mcu.externaltools.gnu-tools-for-stm32.9-2020-q2-update.win32_2.0.0.202105311346/tools/bin/../lib/gcc/arm-none-eabi/9.3.1/thumb/v7-m/nofp\libgcc.a(_arm_truncdfsf2.o)
                              ./ST_Code/Core/Src/main.o (__aeabi_d2f)
[...]
Memory Configuration

Name             Origin             Length             Attributes
RAM              0x0000000020000000 0x0000000000010000 xrw
RAM_UNUSED       0x0000000020010000 0x0000000000004000 xrw
FLASH            0x0000000008000000 0x0000000000080000 xr
*default*        0x0000000000000000 0xffffffffffffffff

Linker script and memory map

LOAD c:/st/stm32cubeide_1.8.0/stm32cubeide/plugins/com.st.stm32cube.ide.mcu.externaltools.gnu-tools-for-stm32.9-2020-q2-update.win32_2.0.0.202105311346/tools/bin/../lib/gcc/arm-none-eabi/9.3.1/thumb/v7-m/nofp/crti.o
LOAD c:/st/stm32cubeide_1.8.0/stm32cubeide/plugins/com.st.stm32cube.ide.mcu.externaltools.gnu-tools-for-stm32.9-2020-q2-update.win32_2.0.0.202105311346/tools/bin/../lib/gcc/arm-none-eabi/9.3.1/thumb/v7-m/nofp/crtbegin.o
LOAD c:/st/stm32cubeide_1.8.0/stm32cubeide/plugins/com.st.stm32cube.ide.mcu.externaltools.gnu-tools-for-stm32.9-2020-q2-update.win32_2.0.0.202105311346/tools/bin/../lib/gcc/arm-none-eabi/9.3.1/../../../../arm-none-eabi/lib/thumb/v7-m/nofp/crt0.o
LOAD ./FreeRTOS/container.o
LOAD ./FreeRTOS/croutine.o
LOAD ./FreeRTOS/event_groups.o
LOAD ./FreeRTOS/list.o
LOAD ./FreeRTOS/queue.o
LOAD ./FreeRTOS/stream_buffer.o
LOAD ./FreeRTOS/tasks.o
LOAD ./FreeRTOS/timers.o
LOAD ./FreeRTOS/portable/Common/mpu_wrappers.o
LOAD ./FreeRTOS/portable/GCC/ARM_CM3_MPU/port.o
LOAD ./FreeRTOS/portable/MemMang/heap_4.o
LOAD ./MODBUS-LIB/Src/Modbus.o
LOAD ./MODBUS-LIB/Src/UARTCallback.o
LOAD ./ST_Code/Core/Src/main.o
LOAD ./ST_Code/Core/Src/stm32l1xx_hal_timebase_tim.o
LOAD ./ST_Code/Core/Src/stm32l1xx_it.o
LOAD ./ST_Code/Core/Src/system_stm32l1xx.o
LOAD ./ST_Code/Drivers/STM32L1xx_HAL_Driver/Src/stm32l1xx_hal.o
LOAD ./ST_Code/Drivers/STM32L1xx_HAL_Driver/Src/stm32l1xx_hal_cortex.o
LOAD ./ST_Code/Drivers/STM32L1xx_HAL_Driver/Src/stm32l1xx_hal_dma.o
LOAD ./ST_Code/Drivers/STM32L1xx_HAL_Driver/Src/stm32l1xx_hal_flash.o
LOAD ./ST_Code/Drivers/STM32L1xx_HAL_Driver/Src/stm32l1xx_hal_flash_ex.o
LOAD ./ST_Code/Drivers/STM32L1xx_HAL_Driver/Src/stm32l1xx_hal_flash_ramfunc.o
LOAD ./ST_Code/Drivers/STM32L1xx_HAL_Driver/Src/stm32l1xx_hal_gpio.o
LOAD ./ST_Code/Drivers/STM32L1xx_HAL_Driver/Src/stm32l1xx_hal_pwr.o
LOAD ./ST_Code/Drivers/STM32L1xx_HAL_Driver/Src/stm32l1xx_hal_pwr_ex.o
LOAD ./ST_Code/Drivers/STM32L1xx_HAL_Driver/Src/stm32l1xx_hal_rcc.o
LOAD ./ST_Code/Drivers/STM32L1xx_HAL_Driver/Src/stm32l1xx_hal_rcc_ex.o
LOAD ./ST_Code/Drivers/STM32L1xx_HAL_Driver/Src/stm32l1xx_hal_tim.o
LOAD ./ST_Code/Drivers/STM32L1xx_HAL_Driver/Src/stm32l1xx_hal_tim_ex.o
LOAD ./ST_Code/Drivers/STM32L1xx_HAL_Driver/Src/stm32l1xx_hal_uart.o
LOAD ./ST_Code/Drivers/STM32L1xx_HAL_Driver/Src/stm32l1xx_ll_dma.o
LOAD ./ST_Code/Drivers/STM32L1xx_HAL_Driver/Src/stm32l1xx_ll_exti.o
LOAD ./ST_Code/Drivers/STM32L1xx_HAL_Driver/Src/stm32l1xx_ll_gpio.o
LOAD ./ST_Code/Drivers/STM32L1xx_HAL_Driver/Src/stm32l1xx_ll_pwr.o
LOAD ./ST_Code/Drivers/STM32L1xx_HAL_Driver/Src/stm32l1xx_ll_rcc.o
LOAD ./ST_Code/Drivers/STM32L1xx_HAL_Driver/Src/stm32l1xx_ll_usart.o
LOAD ./ST_Code/Drivers/STM32L1xx_HAL_Driver/Src/stm32l1xx_ll_utils.o
LOAD ./Startup/memfault_handler.o
LOAD ./Startup/startup_stm32l152retx.o
LOAD ./Startup/syscalls.o
LOAD ./Startup/sysmem.o
LOAD ./TRACE-LIB/trcKernelPort.o
LOAD ./TRACE-LIB/trcSnapshotRecorder.o
LOAD ./TRACE-LIB/trcStreamingRecorder.o
LOAD C:\Users\alejo\Documents\containers-project\D-Box\FreeRTOS\Demo\FreeRTOS-BOX-MODBUS_PID\Projects\GCC\lib\libarm_cortexM3l_math.a
START GROUP
LOAD c:/st/stm32cubeide_1.8.0/stm32cubeide/plugins/com.st.stm32cube.ide.mcu.externaltools.gnu-tools-for-stm32.9-2020-q2-update.win32_2.0.0.202105311346/tools/bin/../lib/gcc/arm-none-eabi/9.3.1/../../../../arm-none-eabi/lib/thumb/v7-m/nofp\libc_nano.a
LOAD c:/st/stm32cubeide_1.8.0/stm32cubeide/plugins/com.st.stm32cube.ide.mcu.externaltools.gnu-tools-for-stm32.9-2020-q2-update.win32_2.0.0.202105311346/tools/bin/../lib/gcc/arm-none-eabi/9.3.1/../../../../arm-none-eabi/lib/thumb/v7-m/nofp\libm.a
END GROUP
START GROUP
LOAD c:/st/stm32cubeide_1.8.0/stm32cubeide/plugins/com.st.stm32cube.ide.mcu.externaltools.gnu-tools-for-stm32.9-2020-q2-update.win32_2.0.0.202105311346/tools/bin/../lib/gcc/arm-none-eabi/9.3.1/thumb/v7-m/nofp\libgcc.a
LOAD c:/st/stm32cubeide_1.8.0/stm32cubeide/plugins/com.st.stm32cube.ide.mcu.externaltools.gnu-tools-for-stm32.9-2020-q2-update.win32_2.0.0.202105311346/tools/bin/../lib/gcc/arm-none-eabi/9.3.1/../../../../arm-none-eabi/lib/thumb/v7-m/nofp\libc_nano.a
END GROUP
START GROUP
LOAD c:/st/stm32cubeide_1.8.0/stm32cubeide/plugins/com.st.stm32cube.ide.mcu.externaltools.gnu-tools-for-stm32.9-2020-q2-update.win32_2.0.0.202105311346/tools/bin/../lib/gcc/arm-none-eabi/9.3.1/thumb/v7-m/nofp\libgcc.a
LOAD c:/st/stm32cubeide_1.8.0/stm32cubeide/plugins/com.st.stm32cube.ide.mcu.externaltools.gnu-tools-for-stm32.9-2020-q2-update.win32_2.0.0.202105311346/tools/bin/../lib/gcc/arm-none-eabi/9.3.1/../../../../arm-none-eabi/lib/thumb/v7-m/nofp\libc_nano.a
LOAD c:/st/stm32cubeide_1.8.0/stm32cubeide/plugins/com.st.stm32cube.ide.mcu.externaltools.gnu-tools-for-stm32.9-2020-q2-update.win32_2.0.0.202105311346/tools/bin/../lib/gcc/arm-none-eabi/9.3.1/../../../../arm-none-eabi/lib/thumb/v7-m/nofp\libnosys.a
END GROUP
START GROUP
LOAD c:/st/stm32cubeide_1.8.0/stm32cubeide/plugins/com.st.stm32cube.ide.mcu.externaltools.gnu-tools-for-stm32.9-2020-q2-update.win32_2.0.0.202105311346/tools/bin/../lib/gcc/arm-none-eabi/9.3.1/thumb/v7-m/nofp\libgcc.a
LOAD c:/st/stm32cubeide_1.8.0/stm32cubeide/plugins/com.st.stm32cube.ide.mcu.externaltools.gnu-tools-for-stm32.9-2020-q2-update.win32_2.0.0.202105311346/tools/bin/../lib/gcc/arm-none-eabi/9.3.1/../../../../arm-none-eabi/lib/thumb/v7-m/nofp\libc_nano.a
LOAD c:/st/stm32cubeide_1.8.0/stm32cubeide/plugins/com.st.stm32cube.ide.mcu.externaltools.gnu-tools-for-stm32.9-2020-q2-update.win32_2.0.0.202105311346/tools/bin/../lib/gcc/arm-none-eabi/9.3.1/../../../../arm-none-eabi/lib/thumb/v7-m/nofp\libnosys.a
END GROUP
LOAD c:/st/stm32cubeide_1.8.0/stm32cubeide/plugins/com.st.stm32cube.ide.mcu.externaltools.gnu-tools-for-stm32.9-2020-q2-update.win32_2.0.0.202105311346/tools/bin/../lib/gcc/arm-none-eabi/9.3.1/thumb/v7-m/nofp/crtend.o
LOAD c:/st/stm32cubeide_1.8.0/stm32cubeide/plugins/com.st.stm32cube.ide.mcu.externaltools.gnu-tools-for-stm32.9-2020-q2-update.win32_2.0.0.202105311346/tools/bin/../lib/gcc/arm-none-eabi/9.3.1/thumb/v7-m/nofp/crtn.o
                0x0000000020010000                _estack = (ORIGIN (RAM) + LENGTH (RAM))
                0x0000000000000200                _Min_Heap_Size = 0x200
                0x0000000000000400                _Min_Stack_Size = 0x400
                0x0000000000010000                __privileged_functions_region_size__ = 0x10000
                0x0000000000001000                __syscall_functions_region_size__ = 0x1000
                0x0000000000008000                __privileged_data_region_size__ = 0x8000
                0x0000000008000000                __FLASH_segment_start__ = ORIGIN (FLASH)
                0x0000000008080000                __FLASH_segment_end__ = (__FLASH_segment_start__ + LENGTH (FLASH))
                0x0000000020000000                __SRAM_segment_start__ = ORIGIN (RAM)
                0x0000000020010000                __SRAM_segment_end__ = (__SRAM_segment_start__ + LENGTH (RAM))
                0x0000000008000000                __privileged_functions_start__ = __FLASH_segment_start__
                0x0000000008010000                __privileged_functions_end__ = (__FLASH_segment_start__ + __privileged_functions_region_size__)
                0x0000000020000000                __privileged_data_start__ = __SRAM_segment_start__
                0x0000000020008000                __privileged_data_end__ = (__SRAM_segment_start__ + __privileged_data_region_size__)
                0x0000000008010000                __syscalls_flash_start__ = __privileged_functions_end__
                0x0000000008011000                __syscalls_flash_end__ = (__syscalls_flash_start__ + __syscall_functions_region_size__)

.privileged_functions
                0x0000000008000000    0x10000
                0x0000000008000000                . = ALIGN (0x4)
 *(.isr_vector)
 .isr_vector    0x0000000008000000      0x13c ./Startup/startup_stm32l152retx.o
                0x0000000008000000                g_pfnVectors
                0x000000000800013c                . = ALIGN (0x4)
 *(privileged_functions)
 privileged_functions
                0x000000000800013c      0x3a8 ./FreeRTOS/container.o
                0x000000000800013c                xContainerSendRequest
 privileged_functions
                0x00000000080004e4      0x64c ./FreeRTOS/event_groups.o
                0x00000000080004e4                xEventGroupCreate
                0x0000000008000518                xEventGroupCreateStatic
                0x0000000008000586                xEventGroupWaitBits
                0x0000000008000724                xEventGroupClearBits
                0x0000000008000794                xEventGroupSetBits
                0x00000000080008aa                xEventGroupSync
                0x0000000008000a08                xEventGroupGetBitsFromISR
                0x0000000008000a4e                vEventGroupDelete
                0x0000000008000ab8                vEventGroupSetBitsCallback
                0x0000000008000ad2                vEventGroupClearBitsCallback
 privileged_functions
                0x0000000008000b30      0x15e ./FreeRTOS/list.o
                0x0000000008000b30                vListInitialise
                0x0000000008000b6e                vListInitialiseItem
                0x0000000008000b86                vListInsert
                0x0000000008000bf6                vListInsertEnd
                0x0000000008000c3c                uxListRemove
 *fill*         0x0000000008000c8e        0x2 
 privileged_functions
                0x0000000008000c90     0x1914 ./FreeRTOS/queue.o
                0x0000000008000c90                xQueueGenericSend
                0x0000000008000ec4                xQueuePeek
                0x0000000008001088                xQueuePeekFromISR
                0x000000000800115a                xQueueReceive
                0x0000000008001318                uxQueueMessagesWaiting
                0x0000000008001354                uxQueueSpacesAvailable
                0x000000000800139a                vQueueDelete
                0x00000000080013e0                xQueueGenericSendFromISR
                0x0000000008001562                xQueueGiveFromISR
                0x00000000080016bc                xQueueReceiveFromISR
                0x00000000080017da                xQueueIsQueueEmptyFromISR
                0x0000000008001820                xQueueIsQueueFullFromISR
                0x000000000800186a                uxQueueMessagesWaitingFromISR
                0x00000000080018a4                xQueueCreateMutex
                0x00000000080018d4                xQueueCreateMutexStatic
                0x000000000800190a                xQueueCreateCountingSemaphore
                0x0000000008001970                xQueueCreateCountingSemaphoreStatic
                0x00000000080019de                xQueueSemaphoreTake
                0x0000000008001bf4                xQueueGetMutexHolder
                0x0000000008001c26                xQueueGetMutexHolderFromISR
                0x0000000008001c6a                xQueueTakeMutexRecursive
                0x0000000008001cd6                xQueueGiveMutexRecursive
                0x0000000008001d3e                vQueueAddToRegistry
                0x0000000008001d90                vQueueUnregisterQueue
                0x0000000008001de4                pcQueueGetName
                0x0000000008001e30                xQueueGenericCreate
                0x0000000008001ed8                xQueueGenericCreateStatic
                0x0000000008001fc8                xQueueCreateSet
                0x0000000008001fe6                xQueueAddToSet
                0x0000000008002028                xQueueRemoveFromSet
                0x0000000008002070                xQueueSelectFromSet
                0x0000000008002096                xQueueSelectFromSetFromISR
                0x00000000080020ba                vQueueWaitForMessageRestricted
                0x0000000008002122                xQueueGenericReset
 privileged_functions
                0x00000000080025a4      0xdaa ./FreeRTOS/stream_buffer.o
                0x00000000080025a4                xStreamBufferSend
                0x000000000800273a                xStreamBufferSendFromISR
                0x0000000008002820                xStreamBufferReceive
                0x0000000008002954                xStreamBufferReceiveFromISR
                0x0000000008002a36                vStreamBufferDelete
                0x0000000008002a84                xStreamBufferIsFull
                0x0000000008002ae4                xStreamBufferIsEmpty
                0x0000000008002b32                xStreamBufferReset
                0x0000000008002b9e                xStreamBufferSpacesAvailable
                0x0000000008002c02                xStreamBufferBytesAvailable
                0x0000000008002c3c                xStreamBufferSetTriggerLevel
                0x0000000008002c96                xStreamBufferSendCompletedFromISR
                0x0000000008002d20                xStreamBufferReceiveCompletedFromISR
                0x0000000008002daa                xStreamBufferGenericCreate
                0x0000000008002e60                xStreamBufferGenericCreateStatic
                0x0000000008002f62                xStreamBufferNextMessageLengthBytes
 *fill*         0x000000000800334e        0x2 
 privileged_functions
                0x0000000008003350     0x2b98 ./FreeRTOS/tasks.o
                0x0000000008003350                xTaskCreate
                0x00000000080033de                xTaskCreateStatic
                0x00000000080034e4                xTaskCreateRestricted
                0x00000000080035dc                xTaskCreateRestrictedStatic
                0x00000000080036e8                vTaskAllocateMPURegions
                0x000000000800371c                vTaskDelete
                0x000000000800383c                vTaskDelay
                0x00000000080038a4                xTaskDelayUntil
                0x00000000080039a0                xTaskAbortDelay
                0x0000000008003a70                uxTaskPriorityGet
                0x0000000008003aa4                uxTaskPriorityGetFromISR
                0x0000000008003afc                eTaskGetState
                0x0000000008003bf0                vTaskPrioritySet
                0x0000000008003d44                vTaskSuspend
                0x0000000008003e84                vTaskResume
                0x0000000008003f40                xTaskResumeFromISR
                0x000000000800402c                vTaskStartScheduler
                0x0000000008004108                vTaskEndScheduler
                0x0000000008004138                vTaskSuspendAll
                0x0000000008004154                xTaskResumeAll
                0x000000000800428c                xTaskGetTickCount
                0x00000000080042a8                xTaskGetTickCountFromISR
                0x00000000080042cc                uxTaskGetNumberOfTasks
                0x00000000080042e0                pcTaskGetName
                0x0000000008004328                xTaskGetHandle
                0x00000000080043f4                uxTaskGetStackHighWaterMark
                0x000000000800442c                vTaskSetApplicationTaskTag
                0x0000000008004464                xTaskGetApplicationTaskTag
                0x0000000008004498                xTaskGetApplicationTaskTagFromISR
                0x00000000080044f0                vTaskSetThreadLocalStoragePointer
                0x000000000800454c                pvTaskGetThreadLocalStoragePointer
                0x0000000008004594                xTaskCallApplicationTaskHook
                0x00000000080045d8                xTaskGetIdleTaskHandle
                0x0000000008004610                ulTaskGetIdleRunTimeCounter
                0x0000000008004628                xTaskGenericNotify
                0x00000000080047e8                xTaskGenericNotifyFromISR
                0x00000000080049ec                xTaskGenericNotifyWait
                0x0000000008004aec                vTaskGenericNotifyGiveFromISR
                0x0000000008004c44                ulTaskGenericNotifyTake
                0x0000000008004d14                xTaskGenericNotifyStateClear
                0x0000000008004d88                ulTaskGenericNotifyValueClear
                0x0000000008004de4                vTaskSetTimeOutState
                0x0000000008004e30                xTaskCheckForTimeOut
                0x0000000008004f1c                xTaskCatchUpTicks
                0x0000000008004f6c                xTaskIncrementTick
                0x00000000080050dc                vTaskPlaceOnEventList
                0x0000000008005124                vTaskPlaceOnUnorderedEventList
                0x000000000800519c                vTaskPlaceOnEventListRestricted
                0x00000000080051f4                xTaskRemoveFromEventList
                0x00000000080052b8                vTaskRemoveFromUnorderedEventList
                0x000000000800537c                vTaskSwitchContext
                0x00000000080054b4                uxTaskResetEventItemValue
                0x00000000080054e4                xTaskGetCurrentTaskHandle
                0x0000000008005500                vTaskMissedYield
                0x0000000008005518                xTaskGetSchedulerState
                0x0000000008005554                xTaskPriorityInherit
                0x0000000008005640                xTaskPriorityDisinherit
                0x0000000008005734                vTaskPriorityDisinheritAfterTimeout
                0x0000000008005850                pvTaskIncrementMutexHeldCount
                0x0000000008005878                vTaskInternalSetTimeOutState
 privileged_functions
                0x0000000008005ee8      0xa04 ./FreeRTOS/timers.o
                0x0000000008005ee8                xTimerCreate
                0x0000000008005f2a                xTimerCreateStatic
                0x0000000008005fa6                pvTimerGetTimerID
                0x0000000008005fe6                vTimerSetTimerID
                0x0000000008006026                xTimerIsTimerActive
                0x0000000008006078                xTimerGetTimerDaemonTaskHandle
                0x00000000080060b0                pcTimerGetName
                0x00000000080060e6                vTimerSetReloadMode
                0x000000000800614c                uxTimerGetReloadMode
                0x000000000800619e                xTimerGetPeriod
                0x00000000080061d4                xTimerGetExpiryTime
                0x000000000800620e                xTimerCreateTimerTask
                0x00000000080062a4                xTimerGenericCommand
 *fill*         0x00000000080068ec        0x4 
 privileged_functions
                0x00000000080068f0      0x740 ./FreeRTOS/portable/GCC/ARM_CM3_MPU/port.o
                0x00000000080068f0                pxPortInitialiseStack
                0x000000000800695c                xPortStartScheduler
                0x0000000008006a78                vPortEndScheduler
                0x0000000008006aac                vPortStoreTaskMPUSettings
                0x0000000008006e6c                PendSV_Handler
                0x0000000008006ef8                SysTick_Handler
                0x0000000008006f28                SVC_Handler
 privileged_functions
                0x0000000008007030      0x40c ./FreeRTOS/portable/MemMang/heap_4.o
                0x0000000008007030                pvPortMalloc
                0x00000000080071d0                vPortFree
                0x0000000008007294                vPortInitialiseBlocks
                0x00000000080072a0                xPortGetFreeHeapSize
                0x00000000080072b4                xPortGetMinimumEverFreeHeapSize
 privileged_functions
                0x000000000800743c       0x30 ./MODBUS-LIB/Src/Modbus.o
                0x000000000800746c                . = ALIGN (0x4)
 FILL mask 0xdead
                0x0000000000010000                . = __privileged_functions_region_size__
 *fill*         0x000000000800746c     0x8b94 dead

.text           0x0000000008010000     0x8794
                0x0000000008010000                . = ALIGN (0x4)
 *(freertos_system_calls)
 freertos_system_calls
                0x0000000008010000      0xf14 ./FreeRTOS/portable/Common/mpu_wrappers.o
                0x0000000008010000                MPU_xTaskCreate
                0x000000000801003c                MPU_xTaskCreateStatic
                0x000000000801007a                MPU_xTaskCreateRestricted
                0x00000000080100a4                MPU_xTaskCreateRestrictedStatic
                0x00000000080100ce                MPU_vTaskAllocateMPURegions
                0x00000000080100f4                MPU_vTaskDelete
                0x0000000008010116                MPU_vTaskDelay
                0x0000000008010138                MPU_xTaskDelayUntil
                0x0000000008010162                MPU_xTaskAbortDelay
                0x0000000008010188                MPU_uxTaskPriorityGet
                0x00000000080101ae                MPU_eTaskGetState
                0x00000000080101d6                MPU_vTaskPrioritySet
                0x00000000080101fc                MPU_vTaskSuspend
                0x000000000801021e                MPU_vTaskResume
                0x0000000008010240                MPU_vTaskSuspendAll
                0x000000000801025e                MPU_xTaskResumeAll
                0x0000000008010280                MPU_xTaskGetTickCount
                0x00000000080102a2                MPU_uxTaskGetNumberOfTasks
                0x00000000080102c4                MPU_pcTaskGetName
                0x00000000080102ea                MPU_xTaskGetHandle
                0x0000000008010310                MPU_uxTaskGetStackHighWaterMark
                0x0000000008010336                MPU_vTaskSetApplicationTaskTag
                0x000000000801035c                MPU_xTaskGetApplicationTaskTag
                0x0000000008010382                MPU_vTaskSetThreadLocalStoragePointer
                0x00000000080103ac                MPU_pvTaskGetThreadLocalStoragePointer
                0x00000000080103d6                MPU_xTaskCallApplicationTaskHook
                0x0000000008010400                MPU_xTaskGetIdleTaskHandle
                0x0000000008010422                MPU_ulTaskGetIdleRunTimeCounter
                0x0000000008010444                MPU_xTaskGenericNotify
                0x000000000801047c                MPU_xTaskGenericNotifyWait
                0x00000000080104b2                MPU_ulTaskGenericNotifyTake
                0x00000000080104e0                MPU_xTaskGenericNotifyStateClear
                0x000000000801050a                MPU_ulTaskGenericNotifyValueClear
                0x0000000008010538                MPU_xTaskGetCurrentTaskHandle
                0x000000000801055a                MPU_vTaskSetTimeOutState
                0x000000000801057c                MPU_xTaskCheckForTimeOut
                0x00000000080105a6                MPU_xTaskGetSchedulerState
                0x00000000080105c8                MPU_xTaskCatchUpTicks
                0x00000000080105ee                MPU_xQueueGenericSend
                0x0000000008010620                MPU_xQueueReceive
                0x000000000801064e                MPU_xQueuePeek
                0x000000000801067c                MPU_xQueueSemaphoreTake
                0x00000000080106a6                MPU_uxQueueMessagesWaiting
                0x00000000080106cc                MPU_uxQueueSpacesAvailable
                0x00000000080106f2                MPU_vQueueDelete
                0x0000000008010714                MPU_xQueueCreateMutex
                0x000000000801073e                MPU_xQueueCreateMutexStatic
                0x000000000801076c                MPU_xQueueCreateCountingSemaphore
                0x0000000008010796                MPU_xQueueCreateCountingSemaphoreStatic
                0x00000000080107c4                MPU_xQueueGetMutexHolder
                0x00000000080107ea                MPU_xQueueTakeMutexRecursive
                0x0000000008010814                MPU_xQueueGiveMutexRecursive
                0x000000000801083a                MPU_vQueueAddToRegistry
                0x0000000008010860                MPU_vQueueUnregisterQueue
                0x0000000008010882                MPU_pcQueueGetName
                0x00000000080108a8                MPU_xQueueGenericCreate
                0x00000000080108da                MPU_xQueueGenericCreateStatic
                0x0000000008010912                MPU_xQueueCreateSet
                0x0000000008010938                MPU_xQueueAddToSet
                0x0000000008010962                MPU_xQueueRemoveFromSet
                0x000000000801098c                MPU_xQueueSelectFromSet
                0x00000000080109b6                MPU_xQueueGenericReset
                0x00000000080109e0                MPU_xTimerCreate
                0x0000000008010a16                MPU_xTimerCreateStatic
                0x0000000008010a50                MPU_pvTimerGetTimerID
                0x0000000008010a76                MPU_vTimerSetTimerID
                0x0000000008010a9c                MPU_xTimerIsTimerActive
                0x0000000008010ac2                MPU_xTimerGetTimerDaemonTaskHandle
                0x0000000008010ae4                MPU_pcTimerGetName
                0x0000000008010b0a                MPU_vTimerSetReloadMode
                0x0000000008010b30                MPU_uxTimerGetReloadMode
                0x0000000008010b56                MPU_xTimerGetPeriod
                0x0000000008010b7c                MPU_xTimerGetExpiryTime
                0x0000000008010ba2                MPU_xTimerGenericCommand
                0x0000000008010bd8                MPU_xEventGroupCreate
                0x0000000008010bfa                MPU_xEventGroupCreateStatic
                0x0000000008010c20                MPU_xEventGroupWaitBits
                0x0000000008010c56                MPU_xEventGroupClearBits
                0x0000000008010c80                MPU_xEventGroupSetBits
                0x0000000008010caa                MPU_xEventGroupSync
                0x0000000008010cdc                MPU_vEventGroupDelete
                0x0000000008010cfe                MPU_xStreamBufferSend
                0x0000000008010d30                MPU_xStreamBufferReceive
                0x0000000008010d62                MPU_xStreamBufferNextMessageLengthBytes
                0x0000000008010d88                MPU_vStreamBufferDelete
                0x0000000008010daa                MPU_xStreamBufferIsFull
                0x0000000008010dd0                MPU_xStreamBufferIsEmpty
                0x0000000008010df6                MPU_xStreamBufferReset
                0x0000000008010e1c                MPU_xStreamBufferSpacesAvailable
                0x0000000008010e42                MPU_xStreamBufferBytesAvailable
                0x0000000008010e68                MPU_xStreamBufferSetTriggerLevel
                0x0000000008010e92                MPU_xStreamBufferGenericCreate
                0x0000000008010ec0                MPU_xStreamBufferGenericCreateStatic
                0x0000000008010ef6                xPortRaisePrivilege
                0x0000000008010f14                . = ALIGN (0x4)
 FILL mask 0xdead
                0x0000000000001000                . = __syscall_functions_region_size__
 *fill*         0x0000000008010f14       0xec dead
                0x0000000008011000                . = ALIGN (0x4)
 *(.text)
 .text          0x0000000008011000       0x40 c:/st/stm32cubeide_1.8.0/stm32cubeide/plugins/com.st.stm32cube.ide.mcu.externaltools.gnu-tools-for-stm32.9-2020-q2-update.win32_2.0.0.202105311346/tools/bin/../lib/gcc/arm-none-eabi/9.3.1/thumb/v7-m/nofp/crtbegin.o
 .text          0x0000000008011040       0x10 c:/st/stm32cubeide_1.8.0/stm32cubeide/plugins/com.st.stm32cube.ide.mcu.externaltools.gnu-tools-for-stm32.9-2020-q2-update.win32_2.0.0.202105311346/tools/bin/../lib/gcc/arm-none-eabi/9.3.1/../../../../arm-none-eabi/lib/thumb/v7-m/nofp\libc_nano.a(lib_a-strlen.o)
                0x0000000008011040                strlen
 .text          0x0000000008011050      0x254 c:/st/stm32cubeide_1.8.0/stm32cubeide/plugins/com.st.stm32cube.ide.mcu.externaltools.gnu-tools-for-stm32.9-2020-q2-update.win32_2.0.0.202105311346/tools/bin/../lib/gcc/arm-none-eabi/9.3.1/thumb/v7-m/nofp\libgcc.a(_arm_muldf3.o)
                0x0000000008011050                __muldf3
                0x0000000008011050                __aeabi_dmul
 .text          0x00000000080112a4      0x378 c:/st/stm32cubeide_1.8.0/stm32cubeide/plugins/com.st.stm32cube.ide.mcu.externaltools.gnu-tools-for-stm32.9-2020-q2-update.win32_2.0.0.202105311346/tools/bin/../lib/gcc/arm-none-eabi/9.3.1/thumb/v7-m/nofp\libgcc.a(_arm_addsubdf3.o)
                0x00000000080112a4                __aeabi_drsub
                0x00000000080112ac                __aeabi_dsub
                0x00000000080112ac                __subdf3
                0x00000000080112b0                __aeabi_dadd
                0x00000000080112b0                __adddf3
                0x0000000008011528                __floatunsidf
                0x0000000008011528                __aeabi_ui2d
                0x0000000008011548                __floatsidf
                0x0000000008011548                __aeabi_i2d
                0x000000000801156c                __aeabi_f2d
                0x000000000801156c                __extendsfdf2
                0x00000000080115b0                __floatundidf
                0x00000000080115b0                __aeabi_ul2d
                0x00000000080115c0                __floatdidf
                0x00000000080115c0                __aeabi_l2d
 .text          0x000000000801161c       0x40 c:/st/stm32cubeide_1.8.0/stm32cubeide/plugins/com.st.stm32cube.ide.mcu.externaltools.gnu-tools-for-stm32.9-2020-q2-update.win32_2.0.0.202105311346/tools/bin/../lib/gcc/arm-none-eabi/9.3.1/thumb/v7-m/nofp\libgcc.a(_arm_fixunsdfsi.o)
                0x000000000801161c                __aeabi_d2uiz
                0x000000000801161c                __fixunsdfsi
 .text          0x000000000801165c       0xa0 c:/st/stm32cubeide_1.8.0/stm32cubeide/plugins/com.st.stm32cube.ide.mcu.externaltools.gnu-tools-for-stm32.9-2020-q2-update.win32_2.0.0.202105311346/tools/bin/../lib/gcc/arm-none-eabi/9.3.1/thumb/v7-m/nofp\libgcc.a(_arm_truncdfsf2.o)
                0x000000000801165c                __truncdfsf2
                0x000000000801165c                __aeabi_d2f
 .text          0x00000000080116fc      0x21c c:/st/stm32cubeide_1.8.0/stm32cubeide/plugins/com.st.stm32cube.ide.mcu.externaltools.gnu-tools-for-stm32.9-2020-q2-update.win32_2.0.0.202105311346/tools/bin/../lib/gcc/arm-none-eabi/9.3.1/thumb/v7-m/nofp\libgcc.a(_arm_addsubsf3.o)
                0x00000000080116fc                __aeabi_frsub
                0x0000000008011704                __subsf3
                0x0000000008011704                __aeabi_fsub
                0x0000000008011708                __aeabi_fadd
                0x0000000008011708                __addsf3
                0x0000000008011868                __aeabi_ui2f
                0x0000000008011868                __floatunsisf
                0x0000000008011870                __aeabi_i2f
                0x0000000008011870                __floatsisf
                0x000000000801188c                __aeabi_ul2f
                0x000000000801188c                __floatundisf
                0x000000000801189c                __aeabi_l2f
                0x000000000801189c                __floatdisf
 .text          0x0000000008011918      0x2a0 c:/st/stm32cubeide_1.8.0/stm32cubeide/plugins/com.st.stm32cube.ide.mcu.externaltools.gnu-tools-for-stm32.9-2020-q2-update.win32_2.0.0.202105311346/tools/bin/../lib/gcc/arm-none-eabi/9.3.1/thumb/v7-m/nofp\libgcc.a(_arm_muldivsf3.o)
                0x0000000008011918                __mulsf3
                0x0000000008011918                __aeabi_fmul
                0x0000000008011a80                __aeabi_fdiv
                0x0000000008011a80                __divsf3
 .text          0x0000000008011bb8       0xec c:/st/stm32cubeide_1.8.0/stm32cubeide/plugins/com.st.stm32cube.ide.mcu.externaltools.gnu-tools-for-stm32.9-2020-q2-update.win32_2.0.0.202105311346/tools/bin/../lib/gcc/arm-none-eabi/9.3.1/thumb/v7-m/nofp\libgcc.a(_arm_cmpsf2.o)
                0x0000000008011bb8                __gesf2
                0x0000000008011bb8                __gtsf2
                0x0000000008011bc0                __lesf2
                0x0000000008011bc0                __ltsf2
                0x0000000008011bc8                __nesf2
                0x0000000008011bc8                __eqsf2
                0x0000000008011bc8                __cmpsf2
                0x0000000008011c28                __aeabi_cfrcmple
                0x0000000008011c30                __aeabi_cfcmpeq
                0x0000000008011c30                __aeabi_cfcmple
                0x0000000008011c40                __aeabi_fcmpeq
                0x0000000008011c54                __aeabi_fcmplt
                0x0000000008011c68                __aeabi_fcmple
                0x0000000008011c7c                __aeabi_fcmpge
                0x0000000008011c90                __aeabi_fcmpgt
 .text          0x0000000008011ca4       0x40 c:/st/stm32cubeide_1.8.0/stm32cubeide/plugins/com.st.stm32cube.ide.mcu.externaltools.gnu-tools-for-stm32.9-2020-q2-update.win32_2.0.0.202105311346/tools/bin/../lib/gcc/arm-none-eabi/9.3.1/thumb/v7-m/nofp\libgcc.a(_arm_fixunssfsi.o)
                0x0000000008011ca4                __fixunssfsi
                0x0000000008011ca4                __aeabi_f2uiz
 *(.text*)
 .text.LL_DMA_EnableChannel
                0x0000000008011ce4       0x3c ./FreeRTOS/container.o
 .text.LL_DMA_DisableChannel
                0x0000000008011d20       0x3c ./FreeRTOS/container.o
 .text.LL_DMA_GetDataTransferDirection
                0x0000000008011d5c       0x30 ./FreeRTOS/container.o
 .text.LL_DMA_SetDataLength
                0x0000000008011d8c       0x44 ./FreeRTOS/container.o
 .text.LL_DMA_GetDataLength
                0x0000000008011dd0       0x2c ./FreeRTOS/container.o
 .text.LL_DMA_ConfigAddresses
                0x0000000008011dfc       0x74 ./FreeRTOS/container.o
 .text.LL_DMA_SetMemoryAddress
                0x0000000008011e70       0x30 ./FreeRTOS/container.o
 .text.LL_DMA_SetPeriphAddress
                0x0000000008011ea0       0x30 ./FreeRTOS/container.o
 .text.LL_DMA_IsActiveFlag_TC1
                0x0000000008011ed0       0x24 ./FreeRTOS/container.o
 .text.LL_DMA_IsActiveFlag_TC2
                0x0000000008011ef4       0x24 ./FreeRTOS/container.o
 .text.LL_DMA_IsActiveFlag_TC3
                0x0000000008011f18       0x26 ./FreeRTOS/container.o
 .text.LL_DMA_IsActiveFlag_TC4
                0x0000000008011f3e       0x26 ./FreeRTOS/container.o
 .text.LL_DMA_IsActiveFlag_TC5
                0x0000000008011f64       0x26 ./FreeRTOS/container.o
 .text.LL_DMA_IsActiveFlag_TC6
                0x0000000008011f8a       0x26 ./FreeRTOS/container.o
 .text.LL_DMA_IsActiveFlag_TC7
                0x0000000008011fb0       0x26 ./FreeRTOS/container.o
 .text.LL_DMA_IsActiveFlag_TE1
                0x0000000008011fd6       0x24 ./FreeRTOS/container.o
 .text.LL_DMA_IsActiveFlag_TE2
                0x0000000008011ffa       0x24 ./FreeRTOS/container.o
 .text.LL_DMA_IsActiveFlag_TE3
                0x000000000801201e       0x26 ./FreeRTOS/container.o
 .text.LL_DMA_IsActiveFlag_TE4
                0x0000000008012044       0x26 ./FreeRTOS/container.o
 .text.LL_DMA_IsActiveFlag_TE5
                0x000000000801206a       0x26 ./FreeRTOS/container.o
 .text.LL_DMA_IsActiveFlag_TE6
                0x0000000008012090       0x26 ./FreeRTOS/container.o
 .text.LL_DMA_IsActiveFlag_TE7
                0x00000000080120b6       0x26 ./FreeRTOS/container.o
 .text.LL_DMA_ClearFlag_GI4
                0x00000000080120dc       0x1e ./FreeRTOS/container.o
 .text.LL_DMA_ClearFlag_GI5
                0x00000000080120fa       0x1e ./FreeRTOS/container.o
 .text.LL_DMA_ClearFlag_TC1
                0x0000000008012118       0x1e ./FreeRTOS/container.o
 .text.LL_DMA_ClearFlag_TC2
                0x0000000008012136       0x1e ./FreeRTOS/container.o
 .text.LL_DMA_ClearFlag_TC3
                0x0000000008012154       0x1e ./FreeRTOS/container.o
 .text.LL_DMA_ClearFlag_TC6
                0x0000000008012172       0x1e ./FreeRTOS/container.o
 .text.LL_DMA_ClearFlag_TC7
                0x0000000008012190       0x1e ./FreeRTOS/container.o
 *fill*         0x00000000080121ae        0x2 dead
 .text.LL_DMA_DisableIT_TC
                0x00000000080121b0       0x3c ./FreeRTOS/container.o
 .text.LL_DMA_IsEnabledIT_TC
                0x00000000080121ec       0x38 ./FreeRTOS/container.o
 .text.LL_DMA_IsEnabledIT_TE
                0x0000000008012224       0x38 ./FreeRTOS/container.o
 .text.LL_RCC_HSI_Enable
                0x000000000801225c       0x1c ./FreeRTOS/container.o
 .text.LL_RCC_HSI_IsReady
                0x0000000008012278       0x24 ./FreeRTOS/container.o
 .text.LL_ADC_DMA_GetRegAddr
                0x000000000801229c       0x18 ./FreeRTOS/container.o
 .text.LL_ADC_REG_SetSequencerLength
                0x00000000080122b4       0x24 ./FreeRTOS/container.o
 .text.LL_ADC_REG_SetSequencerRanks
                0x00000000080122d8       0x6a ./FreeRTOS/container.o
 .text.LL_ADC_REG_SetDMATransfer
                0x0000000008012342       0x24 ./FreeRTOS/container.o
 .text.LL_ADC_SetChannelSamplingTime
                0x0000000008012366       0x96 ./FreeRTOS/container.o
 .text.LL_ADC_Enable
                0x00000000080123fc       0x1e ./FreeRTOS/container.o
 .text.LL_ADC_Disable
                0x000000000801241a       0x1e ./FreeRTOS/container.o
 .text.LL_ADC_IsEnabled
                0x0000000008012438       0x24 ./FreeRTOS/container.o
 .text.LL_ADC_REG_StartConversionSWStart
                0x000000000801245c       0x1e ./FreeRTOS/container.o
 .text.LL_ADC_IsActiveFlag_EOCS
                0x000000000801247a       0x24 ./FreeRTOS/container.o
 .text.LL_ADC_IsActiveFlag_OVR
                0x000000000801249e       0x24 ./FreeRTOS/container.o
 .text.LL_ADC_ClearFlag_EOCS
                0x00000000080124c2       0x1a ./FreeRTOS/container.o
 .text.LL_ADC_ClearFlag_OVR
                0x00000000080124dc       0x1a ./FreeRTOS/container.o
 .text.LL_I2C_Enable
                0x00000000080124f6       0x1e ./FreeRTOS/container.o
 .text.LL_I2C_Disable
                0x0000000008012514       0x1e ./FreeRTOS/container.o
 .text.LL_I2C_EnableDMAReq_TX
                0x0000000008012532       0x1e ./FreeRTOS/container.o
 .text.LL_I2C_DisableDMAReq_TX
                0x0000000008012550       0x1e ./FreeRTOS/container.o
 .text.LL_I2C_IsEnabledDMAReq_TX
                0x000000000801256e       0x26 ./FreeRTOS/container.o
 .text.LL_I2C_EnableDMAReq_RX
                0x0000000008012594       0x1e ./FreeRTOS/container.o
 .text.LL_I2C_DisableDMAReq_RX
                0x00000000080125b2       0x1e ./FreeRTOS/container.o
 .text.LL_I2C_IsEnabledDMAReq_RX
                0x00000000080125d0       0x26 ./FreeRTOS/container.o
 .text.LL_I2C_DMA_GetRegAddr
                0x00000000080125f6       0x16 ./FreeRTOS/container.o
 .text.LL_I2C_EnableIT_TX
                0x000000000801260c       0x1e ./FreeRTOS/container.o
 .text.LL_I2C_DisableIT_TX
                0x000000000801262a       0x1e ./FreeRTOS/container.o
 .text.LL_I2C_IsEnabledIT_TX
                0x0000000008012648       0x26 ./FreeRTOS/container.o
 .text.LL_I2C_EnableIT_EVT
                0x000000000801266e       0x1e ./FreeRTOS/container.o
 .text.LL_I2C_DisableIT_EVT
                0x000000000801268c       0x1e ./FreeRTOS/container.o
 .text.LL_I2C_EnableIT_BUF
                0x00000000080126aa       0x1e ./FreeRTOS/container.o
 .text.LL_I2C_DisableIT_BUF
                0x00000000080126c8       0x1e ./FreeRTOS/container.o
 .text.LL_I2C_IsEnabledIT_BUF
                0x00000000080126e6       0x26 ./FreeRTOS/container.o
 .text.LL_I2C_EnableIT_ERR
                0x000000000801270c       0x1e ./FreeRTOS/container.o
 .text.LL_I2C_DisableIT_ERR
                0x000000000801272a       0x1e ./FreeRTOS/container.o
 .text.LL_I2C_IsActiveFlag_TXE
                0x0000000008012748       0x24 ./FreeRTOS/container.o
 .text.LL_I2C_IsActiveFlag_BTF
                0x000000000801276c       0x24 ./FreeRTOS/container.o
 .text.LL_I2C_IsActiveFlag_SB
                0x0000000008012790       0x24 ./FreeRTOS/container.o
 .text.LL_I2C_IsActiveFlag_ADDR
                0x00000000080127b4       0x24 ./FreeRTOS/container.o
 .text.LL_I2C_ClearFlag_ADDR
                0x00000000080127d8       0x22 ./FreeRTOS/container.o
 .text.LL_I2C_AcknowledgeNextData
                0x00000000080127fa       0x24 ./FreeRTOS/container.o
 .text.LL_I2C_GenerateStartCondition
                0x000000000801281e       0x1e ./FreeRTOS/container.o
 .text.LL_I2C_GenerateStopCondition
                0x000000000801283c       0x1e ./FreeRTOS/container.o
 .text.LL_I2C_GetTransferDirection
                0x000000000801285a       0x1a ./FreeRTOS/container.o
 .text.LL_I2C_EnableLastDMA
                0x0000000008012874       0x1e ./FreeRTOS/container.o
 .text.LL_I2C_TransmitData8
                0x0000000008012892       0x26 ./FreeRTOS/container.o
 .text.LL_USART_IsActiveFlag_IDLE
                0x00000000080128b8       0x24 ./FreeRTOS/container.o
 .text.LL_USART_IsActiveFlag_TC
                0x00000000080128dc       0x24 ./FreeRTOS/container.o
 .text.LL_USART_ClearFlag_IDLE
                0x0000000008012900       0x22 ./FreeRTOS/container.o
 .text.LL_USART_ClearFlag_TC
                0x0000000008012922       0x1a ./FreeRTOS/container.o
 .text.LL_USART_EnableIT_IDLE
                0x000000000801293c       0x1e ./FreeRTOS/container.o
 .text.LL_USART_EnableIT_TC
                0x000000000801295a       0x1e ./FreeRTOS/container.o
 .text.LL_USART_DisableIT_IDLE
                0x0000000008012978       0x1e ./FreeRTOS/container.o
 .text.LL_USART_DisableIT_TC
                0x0000000008012996       0x1e ./FreeRTOS/container.o
 .text.LL_USART_IsEnabledIT_IDLE
                0x00000000080129b4       0x24 ./FreeRTOS/container.o
 .text.LL_USART_IsEnabledIT_TC
                0x00000000080129d8       0x24 ./FreeRTOS/container.o
 .text.LL_USART_EnableDMAReq_RX
                0x00000000080129fc       0x1e ./FreeRTOS/container.o
 .text.LL_USART_EnableDMAReq_TX
                0x0000000008012a1a       0x1e ./FreeRTOS/container.o
 .text.LL_SPI_Enable
                0x0000000008012a38       0x1e ./FreeRTOS/container.o
 .text.LL_SPI_Disable
                0x0000000008012a56       0x1e ./FreeRTOS/container.o
 .text.LL_SPI_SetTransferDirection
                0x0000000008012a74       0x24 ./FreeRTOS/container.o
 .text.LL_SPI_GetTransferDirection
                0x0000000008012a98       0x1a ./FreeRTOS/container.o
 .text.LL_SPI_IsActiveFlag_RXNE
                0x0000000008012ab2       0x24 ./FreeRTOS/container.o
 .text.LL_SPI_IsActiveFlag_TXE
                0x0000000008012ad6       0x24 ./FreeRTOS/container.o
 .text.LL_SPI_IsActiveFlag_BSY
                0x0000000008012afa       0x24 ./FreeRTOS/container.o
 .text.LL_SPI_EnableIT_TXE
                0x0000000008012b1e       0x1e ./FreeRTOS/container.o
 .text.LL_SPI_DisableIT_TXE
                0x0000000008012b3c       0x1e ./FreeRTOS/container.o
 .text.LL_SPI_IsEnabledIT_TXE
                0x0000000008012b5a       0x24 ./FreeRTOS/container.o
 .text.LL_SPI_EnableDMAReq_RX
                0x0000000008012b7e       0x1e ./FreeRTOS/container.o
 .text.LL_SPI_DisableDMAReq_RX
                0x0000000008012b9c       0x1e ./FreeRTOS/container.o
 .text.LL_SPI_EnableDMAReq_TX
                0x0000000008012bba       0x1e ./FreeRTOS/container.o
 .text.LL_SPI_DMA_GetRegAddr
                0x0000000008012bd8       0x16 ./FreeRTOS/container.o
 .text.LL_SPI_ReceiveData8
                0x0000000008012bee       0x18 ./FreeRTOS/container.o
 .text.LL_GPIO_SetOutputPin
                0x0000000008012c06       0x1a ./FreeRTOS/container.o
 .text.LL_GPIO_ResetOutputPin
                0x0000000008012c20       0x1a ./FreeRTOS/container.o
 *fill*         0x0000000008012c3a        0x2 dead
 .text.prvDMATask
                0x0000000008012c3c      0x67c ./FreeRTOS/container.o
 .text.vStartDMATask
                0x00000000080132b8       0xe0 ./FreeRTOS/container.o
                0x00000000080132b8                vStartDMATask
 .text.vTimerUSART2Callback
                0x0000000008013398       0x60 ./FreeRTOS/container.o
                0x0000000008013398                vTimerUSART2Callback
 .text.xContainerGPIOwrite
                0x00000000080133f8       0x74 ./FreeRTOS/container.o
 .text.DMA1_Channel2_IRQHandler
                0x000000000801346c       0xe8 ./FreeRTOS/container.o
                0x000000000801346c                DMA1_Channel2_IRQHandler
 .text.SPI1_IRQHandler
                0x0000000008013554       0x9c ./FreeRTOS/container.o
                0x0000000008013554                SPI1_IRQHandler
 .text.DMA1_Channel3_IRQHandler
                0x00000000080135f0       0x5c ./FreeRTOS/container.o
                0x00000000080135f0                DMA1_Channel3_IRQHandler
 .text.DMA1_Channel7_IRQHandler
                0x000000000801364c       0x64 ./FreeRTOS/container.o
                0x000000000801364c                DMA1_Channel7_IRQHandler
 .text.DMA1_Channel6_IRQHandler
                0x00000000080136b0      0x100 ./FreeRTOS/container.o
                0x00000000080136b0                DMA1_Channel6_IRQHandler
 .text.USART2_IRQHandler
                0x00000000080137b0      0x164 ./FreeRTOS/container.o
                0x00000000080137b0                USART2_IRQHandler
 .text.I2C2_EV_IRQHandler
                0x0000000008013914      0x12c ./FreeRTOS/container.o
                0x0000000008013914                I2C2_EV_IRQHandler
 .text.DMA1_Channel4_IRQHandler
                0x0000000008013a40       0x60 ./FreeRTOS/container.o
                0x0000000008013a40                DMA1_Channel4_IRQHandler
 .text.DMA1_Channel5_IRQHandler
                0x0000000008013aa0       0xa0 ./FreeRTOS/container.o
                0x0000000008013aa0                DMA1_Channel5_IRQHandler
 .text.I2C2_ER_IRQHandler
                0x0000000008013b40       0x60 ./FreeRTOS/container.o
                0x0000000008013b40                I2C2_ER_IRQHandler
 .text.DMA1_Channel1_IRQHandler
                0x0000000008013ba0       0x70 ./FreeRTOS/container.o
                0x0000000008013ba0                DMA1_Channel1_IRQHandler
 .text.ADC1_IRQHandler
                0x0000000008013c10       0x34 ./FreeRTOS/container.o
                0x0000000008013c10                ADC1_IRQHandler
 .text.SPI1_TransferError_Callback
                0x0000000008013c44        0x6 ./FreeRTOS/container.o
 .text.USART2_TransferError_Callback
                0x0000000008013c4a        0x6 ./FreeRTOS/container.o
 .text.xTaskAdditionsGetPermissions
                0x0000000008013c50       0x24 ./FreeRTOS/tasks.o
                0x0000000008013c50                xTaskAdditionsGetPermissions
 .text.xTaskAdditionsGetMemoryRegion
                0x0000000008013c74       0x38 ./FreeRTOS/tasks.o
                0x0000000008013c74                xTaskAdditionsGetMemoryRegion
 .text.vPortResetPrivilege
                0x0000000008013cac       0x1e ./FreeRTOS/portable/Common/mpu_wrappers.o
                0x0000000008013cac                vPortResetPrivilege
 .text.MPU_xContainerSendRequest
                0x0000000008013cca       0x48 ./FreeRTOS/portable/Common/mpu_wrappers.o
                0x0000000008013cca                MPU_xContainerSendRequest
 *fill*         0x0000000008013d12        0x2 dead
 .text.vPortEnterCritical
                0x0000000008013d14       0x3c ./FreeRTOS/portable/GCC/ARM_CM3_MPU/port.o
                0x0000000008013d14                vPortEnterCritical
 .text.vPortExitCritical
                0x0000000008013d50       0x5c ./FreeRTOS/portable/GCC/ARM_CM3_MPU/port.o
                0x0000000008013d50                vPortExitCritical
 .text.vPortSetupTimerInterrupt
                0x0000000008013dac       0x34 ./FreeRTOS/portable/GCC/ARM_CM3_MPU/port.o
                0x0000000008013dac                vPortSetupTimerInterrupt
 .text.xIsPrivileged
                0x0000000008013de0       0x14 ./FreeRTOS/portable/GCC/ARM_CM3_MPU/port.o
                0x0000000008013de0                xIsPrivileged
 .text.vResetPrivilege
                0x0000000008013df4       0x10 ./FreeRTOS/portable/GCC/ARM_CM3_MPU/port.o
                0x0000000008013df4                vResetPrivilege
 .text.vPortValidateInterruptPriority
                0x0000000008013e04       0x7c ./FreeRTOS/portable/GCC/ARM_CM3_MPU/port.o
                0x0000000008013e04                vPortValidateInterruptPriority
 .text.RingClear
                0x0000000008013e80       0x2a ./MODBUS-LIB/Src/Modbus.o
                0x0000000008013e80                RingClear
 *fill*         0x0000000008013eaa        0x2 dead
 .text.ModbusInit
                0x0000000008013eac      0x154 ./MODBUS-LIB/Src/Modbus.o
                0x0000000008013eac                ModbusInit
 .text.ModbusStart
                0x0000000008014000       0x5a ./MODBUS-LIB/Src/Modbus.o
                0x0000000008014000                ModbusStart
 *fill*         0x000000000801405a        0x2 dead
 .text.vTimerCallbackT35
                0x000000000801405c       0x88 ./MODBUS-LIB/Src/Modbus.o
 .text.StartTaskModbusSlave
                0x00000000080140e4      0x1a8 ./MODBUS-LIB/Src/Modbus.o
                0x00000000080140e4                StartTaskModbusSlave
 .text.validateRequest
                0x000000000801428c      0x1f0 ./MODBUS-LIB/Src/Modbus.o
 .text.word     0x000000000801447c       0x24 ./MODBUS-LIB/Src/Modbus.o
 .text.calcCRC  0x00000000080144a0       0x8c ./MODBUS-LIB/Src/Modbus.o
                0x00000000080144a0                calcCRC
 .text.buildException
                0x000000000801452c       0x3c ./MODBUS-LIB/Src/Modbus.o
 .text.sendTxBuffer
                0x0000000008014568      0x13c ./MODBUS-LIB/Src/Modbus.o
 .text.process_FC1
                0x00000000080146a4      0x16c ./MODBUS-LIB/Src/Modbus.o
 .text.process_FC3
                0x0000000008014810       0xd6 ./MODBUS-LIB/Src/Modbus.o
 .text.process_FC5
                0x00000000080148e6       0xb4 ./MODBUS-LIB/Src/Modbus.o
 .text.process_FC6
                0x000000000801499a       0x64 ./MODBUS-LIB/Src/Modbus.o
 .text.process_FC15
                0x00000000080149fe      0x11e ./MODBUS-LIB/Src/Modbus.o
 .text.process_FC16
                0x0000000008014b1c       0xaa ./MODBUS-LIB/Src/Modbus.o
 *fill*         0x0000000008014bc6        0x2 dead
 .text.__NVIC_GetPriorityGrouping
                0x0000000008014bc8       0x1c ./ST_Code/Core/Src/main.o
 .text.__NVIC_EnableIRQ
                0x0000000008014be4       0x38 ./ST_Code/Core/Src/main.o
 .text.__NVIC_SetPriority
                0x0000000008014c1c       0x54 ./ST_Code/Core/Src/main.o
 .text.NVIC_EncodePriority
                0x0000000008014c70       0x64 ./ST_Code/Core/Src/main.o
 .text.LL_DMA_ConfigTransfer
                0x0000000008014cd4       0x48 ./ST_Code/Core/Src/main.o
 .text.LL_DMA_SetDataTransferDirection
                0x0000000008014d1c       0x48 ./ST_Code/Core/Src/main.o
 .text.LL_DMA_SetMode
                0x0000000008014d64       0x44 ./ST_Code/Core/Src/main.o
 .text.LL_DMA_SetPeriphIncMode
                0x0000000008014da8       0x44 ./ST_Code/Core/Src/main.o
 .text.LL_DMA_SetMemoryIncMode
                0x0000000008014dec       0x44 ./ST_Code/Core/Src/main.o
 .text.LL_DMA_SetPeriphSize
                0x0000000008014e30       0x44 ./ST_Code/Core/Src/main.o
 .text.LL_DMA_SetMemorySize
                0x0000000008014e74       0x44 ./ST_Code/Core/Src/main.o
 .text.LL_DMA_SetChannelPriorityLevel
                0x0000000008014eb8       0x44 ./ST_Code/Core/Src/main.o
 .text.LL_DMA_SetPeriphAddress
                0x0000000008014efc       0x30 ./ST_Code/Core/Src/main.o
 .text.LL_DMA_EnableIT_TC
                0x0000000008014f2c       0x3c ./ST_Code/Core/Src/main.o
 .text.LL_DMA_EnableIT_TE
                0x0000000008014f68       0x3c ./ST_Code/Core/Src/main.o
 .text.LL_AHB1_GRP1_EnableClock
                0x0000000008014fa4       0x30 ./ST_Code/Core/Src/main.o
 .text.LL_APB1_GRP1_EnableClock
                0x0000000008014fd4       0x30 ./ST_Code/Core/Src/main.o
 .text.LL_APB2_GRP1_EnableClock
                0x0000000008015004       0x30 ./ST_Code/Core/Src/main.o
 .text.LL_USART_Enable
                0x0000000008015034       0x1e ./ST_Code/Core/Src/main.o
 .text.LL_USART_ConfigAsyncMode
                0x0000000008015052       0x2a ./ST_Code/Core/Src/main.o
 .text.LL_SPI_SetMode
                0x000000000801507c       0x24 ./ST_Code/Core/Src/main.o
 .text.LL_SPI_SetClockPhase
                0x00000000080150a0       0x24 ./ST_Code/Core/Src/main.o
 .text.LL_SPI_SetClockPolarity
                0x00000000080150c4       0x24 ./ST_Code/Core/Src/main.o
 .text.LL_SPI_SetBaudRatePrescaler
                0x00000000080150e8       0x24 ./ST_Code/Core/Src/main.o
 .text.LL_SPI_SetTransferDirection
                0x000000000801510c       0x24 ./ST_Code/Core/Src/main.o
 .text.LL_SPI_SetDataWidth
                0x0000000008015130       0x24 ./ST_Code/Core/Src/main.o
 .text.LL_SPI_DisableCRC
                0x0000000008015154       0x1e ./ST_Code/Core/Src/main.o
 .text.LL_SPI_SetNSSMode
                0x0000000008015172       0x36 ./ST_Code/Core/Src/main.o
 .text.LL_GPIO_SetPinMode
                0x00000000080151a8       0x5c ./ST_Code/Core/Src/main.o
 .text.LL_GPIO_SetPinSpeed
                0x0000000008015204       0x5c ./ST_Code/Core/Src/main.o
 .text.LL_GPIO_SetPinPull
                0x0000000008015260       0x5c ./ST_Code/Core/Src/main.o
 .text.LL_GPIO_SetAFPin_0_7
                0x00000000080152bc       0x5c ./ST_Code/Core/Src/main.o
 .text.prvPLCTask
                0x0000000008015318      0x344 ./ST_Code/Core/Src/main.o
 .text.user_pwm_setvalue
                0x000000000801565c       0x44 ./ST_Code/Core/Src/main.o
                0x000000000801565c                user_pwm_setvalue
 .text.main     0x00000000080156a0       0xb0 ./ST_Code/Core/Src/main.o
                0x00000000080156a0                main
 .text.SystemClock_Config
                0x0000000008015750       0x9c ./ST_Code/Core/Src/main.o
                0x0000000008015750                SystemClock_Config
 .text.MX_USART2_UART_Init_ll
                0x00000000080157ec      0x1b8 ./ST_Code/Core/Src/main.o
 .text.MX_GPIO_Init
                0x00000000080159a4       0xec ./ST_Code/Core/Src/main.o
 .text.HAL_TIM_PeriodElapsedCallback
                0x0000000008015a90       0xf4 ./ST_Code/Core/Src/main.o
                0x0000000008015a90                HAL_TIM_PeriodElapsedCallback
 .text.Error_Handler
                0x0000000008015b84        0xc ./ST_Code/Core/Src/main.o
                0x0000000008015b84                Error_Handler
 .text.vApplicationStackOverflowHook
                0x0000000008015b90        0xc ./ST_Code/Core/Src/main.o
                0x0000000008015b90                vApplicationStackOverflowHook
 .text.vApplicationMallocFailedHook
                0x0000000008015b9c        0x6 ./ST_Code/Core/Src/main.o
                0x0000000008015b9c                vApplicationMallocFailedHook
 *fill*         0x0000000008015ba2        0x2 dead
 .text.vApplicationGetIdleTaskMemory
                0x0000000008015ba4       0x34 ./ST_Code/Core/Src/main.o
                0x0000000008015ba4                vApplicationGetIdleTaskMemory
 .text.vApplicationGetTimerTaskMemory
                0x0000000008015bd8       0x34 ./ST_Code/Core/Src/main.o
                0x0000000008015bd8                vApplicationGetTimerTaskMemory
 .text.vHandleMemoryFault
                0x0000000008015c0c       0x74 ./ST_Code/Core/Src/main.o
                0x0000000008015c0c                vHandleMemoryFault
 .text.MX_TIM3_Init
                0x0000000008015c80       0xb8 ./ST_Code/Core/Src/main.o
 .text.MX_TIM4_Init
                0x0000000008015d38       0xa8 ./ST_Code/Core/Src/main.o
 .text.MX_TIM7_Init
                0x0000000008015de0       0x6c ./ST_Code/Core/Src/main.o
 .text.HAL_TIM_OC_MspInit
                0x0000000008015e4c       0x3c ./ST_Code/Core/Src/main.o
                0x0000000008015e4c                HAL_TIM_OC_MspInit
 .text.HAL_TIM_Encoder_MspInit
                0x0000000008015e88       0x88 ./ST_Code/Core/Src/main.o
                0x0000000008015e88                HAL_TIM_Encoder_MspInit
 .text.HAL_TIM_Base_MspInit
                0x0000000008015f10       0x4c ./ST_Code/Core/Src/main.o
                0x0000000008015f10                HAL_TIM_Base_MspInit
 .text.HAL_TIM_MspPostInit
                0x0000000008015f5c       0x70 ./ST_Code/Core/Src/main.o
                0x0000000008015f5c                HAL_TIM_MspPostInit
 .text.TIM7_IRQHandler
                0x0000000008015fcc       0x14 ./ST_Code/Core/Src/main.o
                0x0000000008015fcc                TIM7_IRQHandler
 .text.TIM3_IRQHandler
                0x0000000008015fe0       0x14 ./ST_Code/Core/Src/main.o
                0x0000000008015fe0                TIM3_IRQHandler
 .text.MX_SPI1_Init_ll
                0x0000000008015ff4      0x144 ./ST_Code/Core/Src/main.o
 .text.HAL_InitTick
                0x0000000008016138       0xac ./ST_Code/Core/Src/stm32l1xx_hal_timebase_tim.o
                0x0000000008016138                HAL_InitTick
 .text.NMI_Handler
                0x00000000080161e4        0xc ./ST_Code/Core/Src/stm32l1xx_it.o
                0x00000000080161e4                NMI_Handler
 .text.HardFault_Handler
                0x00000000080161f0        0x6 ./ST_Code/Core/Src/stm32l1xx_it.o
                0x00000000080161f0                HardFault_Handler
 .text.BusFault_Handler
                0x00000000080161f6        0x6 ./ST_Code/Core/Src/stm32l1xx_it.o
                0x00000000080161f6                BusFault_Handler
 .text.UsageFault_Handler
                0x00000000080161fc        0x6 ./ST_Code/Core/Src/stm32l1xx_it.o
                0x00000000080161fc                UsageFault_Handler
 .text.DebugMon_Handler
                0x0000000008016202        0xc ./ST_Code/Core/Src/stm32l1xx_it.o
                0x0000000008016202                DebugMon_Handler
 *fill*         0x000000000801620e        0x2 dead
 .text.TIM6_IRQHandler
                0x0000000008016210       0x14 ./ST_Code/Core/Src/stm32l1xx_it.o
                0x0000000008016210                TIM6_IRQHandler
 .text.SystemInit
                0x0000000008016224       0x68 ./ST_Code/Core/Src/system_stm32l1xx.o
                0x0000000008016224                SystemInit
 .text.HAL_Init
                0x000000000801628c       0x30 ./ST_Code/Drivers/STM32L1xx_HAL_Driver/Src/stm32l1xx_hal.o
                0x000000000801628c                HAL_Init
 .text.HAL_MspInit
                0x00000000080162bc        0xc ./ST_Code/Drivers/STM32L1xx_HAL_Driver/Src/stm32l1xx_hal.o
                0x00000000080162bc                HAL_MspInit
 .text.HAL_IncTick
                0x00000000080162c8       0x24 ./ST_Code/Drivers/STM32L1xx_HAL_Driver/Src/stm32l1xx_hal.o
                0x00000000080162c8                HAL_IncTick
 .text.HAL_GetTick
                0x00000000080162ec       0x14 ./ST_Code/Drivers/STM32L1xx_HAL_Driver/Src/stm32l1xx_hal.o
                0x00000000080162ec                HAL_GetTick
 .text.__NVIC_SetPriorityGrouping
                0x0000000008016300       0x48 ./ST_Code/Drivers/STM32L1xx_HAL_Driver/Src/stm32l1xx_hal_cortex.o
 .text.__NVIC_GetPriorityGrouping
                0x0000000008016348       0x1c ./ST_Code/Drivers/STM32L1xx_HAL_Driver/Src/stm32l1xx_hal_cortex.o
 .text.__NVIC_EnableIRQ
                0x0000000008016364       0x38 ./ST_Code/Drivers/STM32L1xx_HAL_Driver/Src/stm32l1xx_hal_cortex.o
 .text.__NVIC_SetPriority
                0x000000000801639c       0x54 ./ST_Code/Drivers/STM32L1xx_HAL_Driver/Src/stm32l1xx_hal_cortex.o
 .text.NVIC_EncodePriority
                0x00000000080163f0       0x64 ./ST_Code/Drivers/STM32L1xx_HAL_Driver/Src/stm32l1xx_hal_cortex.o
 .text.HAL_NVIC_SetPriorityGrouping
                0x0000000008016454       0x16 ./ST_Code/Drivers/STM32L1xx_HAL_Driver/Src/stm32l1xx_hal_cortex.o
                0x0000000008016454                HAL_NVIC_SetPriorityGrouping
 .text.HAL_NVIC_SetPriority
                0x000000000801646a       0x38 ./ST_Code/Drivers/STM32L1xx_HAL_Driver/Src/stm32l1xx_hal_cortex.o
                0x000000000801646a                HAL_NVIC_SetPriority
 .text.HAL_NVIC_EnableIRQ
                0x00000000080164a2       0x1c ./ST_Code/Drivers/STM32L1xx_HAL_Driver/Src/stm32l1xx_hal_cortex.o
                0x00000000080164a2                HAL_NVIC_EnableIRQ
 *fill*         0x00000000080164be        0x2 dead
 .text.HAL_GPIO_Init
                0x00000000080164c0      0x320 ./ST_Code/Drivers/STM32L1xx_HAL_Driver/Src/stm32l1xx_hal_gpio.o
                0x00000000080164c0                HAL_GPIO_Init
 .text.HAL_GPIO_WritePin
                0x00000000080167e0       0x30 ./ST_Code/Drivers/STM32L1xx_HAL_Driver/Src/stm32l1xx_hal_gpio.o
                0x00000000080167e0                HAL_GPIO_WritePin
 .text.HAL_RCC_OscConfig
                0x0000000008016810      0x660 ./ST_Code/Drivers/STM32L1xx_HAL_Driver/Src/stm32l1xx_hal_rcc.o
                0x0000000008016810                HAL_RCC_OscConfig
 .text.HAL_RCC_ClockConfig
                0x0000000008016e70      0x268 ./ST_Code/Drivers/STM32L1xx_HAL_Driver/Src/stm32l1xx_hal_rcc.o
                0x0000000008016e70                HAL_RCC_ClockConfig
 .text.HAL_RCC_GetSysClockFreq
                0x00000000080170d8       0xb8 ./ST_Code/Drivers/STM32L1xx_HAL_Driver/Src/stm32l1xx_hal_rcc.o
                0x00000000080170d8                HAL_RCC_GetSysClockFreq
 .text.HAL_RCC_GetHCLKFreq
                0x0000000008017190       0x14 ./ST_Code/Drivers/STM32L1xx_HAL_Driver/Src/stm32l1xx_hal_rcc.o
                0x0000000008017190                HAL_RCC_GetHCLKFreq
 .text.HAL_RCC_GetPCLK1Freq
                0x00000000080171a4       0x28 ./ST_Code/Drivers/STM32L1xx_HAL_Driver/Src/stm32l1xx_hal_rcc.o
                0x00000000080171a4                HAL_RCC_GetPCLK1Freq
 .text.HAL_RCC_GetClockConfig
                0x00000000080171cc       0x60 ./ST_Code/Drivers/STM32L1xx_HAL_Driver/Src/stm32l1xx_hal_rcc.o
                0x00000000080171cc                HAL_RCC_GetClockConfig
 .text.RCC_SetFlashLatencyFromMSIRange
                0x000000000801722c       0xc0 ./ST_Code/Drivers/STM32L1xx_HAL_Driver/Src/stm32l1xx_hal_rcc.o
 .text.HAL_TIM_Base_Init
                0x00000000080172ec       0x56 ./ST_Code/Drivers/STM32L1xx_HAL_Driver/Src/stm32l1xx_hal_tim.o
                0x00000000080172ec                HAL_TIM_Base_Init
 .text.HAL_TIM_Base_Start_IT
                0x0000000008017342       0x46 ./ST_Code/Drivers/STM32L1xx_HAL_Driver/Src/stm32l1xx_hal_tim.o
                0x0000000008017342                HAL_TIM_Base_Start_IT
 .text.HAL_TIM_OC_Init
                0x0000000008017388       0x56 ./ST_Code/Drivers/STM32L1xx_HAL_Driver/Src/stm32l1xx_hal_tim.o
                0x0000000008017388                HAL_TIM_OC_Init
 .text.HAL_TIM_PWM_Start
                0x00000000080173de       0x44 ./ST_Code/Drivers/STM32L1xx_HAL_Driver/Src/stm32l1xx_hal_tim.o
                0x00000000080173de                HAL_TIM_PWM_Start
 .text.HAL_TIM_Encoder_Init
                0x0000000008017422      0x124 ./ST_Code/Drivers/STM32L1xx_HAL_Driver/Src/stm32l1xx_hal_tim.o
                0x0000000008017422                HAL_TIM_Encoder_Init
 .text.HAL_TIM_Encoder_Start
                0x0000000008017546       0x70 ./ST_Code/Drivers/STM32L1xx_HAL_Driver/Src/stm32l1xx_hal_tim.o
                0x0000000008017546                HAL_TIM_Encoder_Start
 .text.HAL_TIM_IRQHandler
                0x00000000080175b6      0x1b8 ./ST_Code/Drivers/STM32L1xx_HAL_Driver/Src/stm32l1xx_hal_tim.o
                0x00000000080175b6                HAL_TIM_IRQHandler
 *fill*         0x000000000801776e        0x2 dead
 .text.HAL_TIM_OC_ConfigChannel
                0x0000000008017770       0xc0 ./ST_Code/Drivers/STM32L1xx_HAL_Driver/Src/stm32l1xx_hal_tim.o
                0x0000000008017770                HAL_TIM_OC_ConfigChannel
 .text.HAL_TIM_PWM_ConfigChannel
                0x0000000008017830      0x18c ./ST_Code/Drivers/STM32L1xx_HAL_Driver/Src/stm32l1xx_hal_tim.o
                0x0000000008017830                HAL_TIM_PWM_ConfigChannel
 .text.HAL_TIM_ReadCapturedValue
                0x00000000080179bc       0x88 ./ST_Code/Drivers/STM32L1xx_HAL_Driver/Src/stm32l1xx_hal_tim.o
                0x00000000080179bc                HAL_TIM_ReadCapturedValue
 .text.HAL_TIM_OC_DelayElapsedCallback
                0x0000000008017a44       0x12 ./ST_Code/Drivers/STM32L1xx_HAL_Driver/Src/stm32l1xx_hal_tim.o
                0x0000000008017a44                HAL_TIM_OC_DelayElapsedCallback
 .text.HAL_TIM_IC_CaptureCallback
                0x0000000008017a56       0x12 ./ST_Code/Drivers/STM32L1xx_HAL_Driver/Src/stm32l1xx_hal_tim.o
                0x0000000008017a56                HAL_TIM_IC_CaptureCallback
 .text.HAL_TIM_PWM_PulseFinishedCallback
                0x0000000008017a68       0x12 ./ST_Code/Drivers/STM32L1xx_HAL_Driver/Src/stm32l1xx_hal_tim.o
                0x0000000008017a68                HAL_TIM_PWM_PulseFinishedCallback
 .text.HAL_TIM_TriggerCallback
                0x0000000008017a7a       0x12 ./ST_Code/Drivers/STM32L1xx_HAL_Driver/Src/stm32l1xx_hal_tim.o
                0x0000000008017a7a                HAL_TIM_TriggerCallback
 .text.TIM_Base_SetConfig
                0x0000000008017a8c       0xe0 ./ST_Code/Drivers/STM32L1xx_HAL_Driver/Src/stm32l1xx_hal_tim.o
 .text.TIM_OC1_SetConfig
                0x0000000008017b6c       0x78 ./ST_Code/Drivers/STM32L1xx_HAL_Driver/Src/stm32l1xx_hal_tim.o
 .text.TIM_OC2_SetConfig
                0x0000000008017be4       0x7c ./ST_Code/Drivers/STM32L1xx_HAL_Driver/Src/stm32l1xx_hal_tim.o
 .text.TIM_OC3_SetConfig
                0x0000000008017c60       0x7a ./ST_Code/Drivers/STM32L1xx_HAL_Driver/Src/stm32l1xx_hal_tim.o
 .text.TIM_OC4_SetConfig
                0x0000000008017cda       0x7c ./ST_Code/Drivers/STM32L1xx_HAL_Driver/Src/stm32l1xx_hal_tim.o
 .text.TIM_CCxChannelCmd
                0x0000000008017d56       0x48 ./ST_Code/Drivers/STM32L1xx_HAL_Driver/Src/stm32l1xx_hal_tim.o
 .text.HAL_TIMEx_MasterConfigSynchronization
                0x0000000008017d9e       0x88 ./ST_Code/Drivers/STM32L1xx_HAL_Driver/Src/stm32l1xx_hal_tim_ex.o
                0x0000000008017d9e                HAL_TIMEx_MasterConfigSynchronization
 .text.LL_GPIO_SetPinMode
                0x0000000008017e26       0x5c ./ST_Code/Drivers/STM32L1xx_HAL_Driver/Src/stm32l1xx_ll_gpio.o
 .text.LL_GPIO_SetPinOutputType
                0x0000000008017e82       0x2e ./ST_Code/Drivers/STM32L1xx_HAL_Driver/Src/stm32l1xx_ll_gpio.o
 .text.LL_GPIO_SetPinSpeed
                0x0000000008017eb0       0x5c ./ST_Code/Drivers/STM32L1xx_HAL_Driver/Src/stm32l1xx_ll_gpio.o
 .text.LL_GPIO_SetPinPull
                0x0000000008017f0c       0x5c ./ST_Code/Drivers/STM32L1xx_HAL_Driver/Src/stm32l1xx_ll_gpio.o
 .text.LL_GPIO_SetAFPin_0_7
                0x0000000008017f68       0x5c ./ST_Code/Drivers/STM32L1xx_HAL_Driver/Src/stm32l1xx_ll_gpio.o
 .text.LL_GPIO_SetAFPin_8_15
                0x0000000008017fc4       0x60 ./ST_Code/Drivers/STM32L1xx_HAL_Driver/Src/stm32l1xx_ll_gpio.o
 .text.LL_GPIO_Init
                0x0000000008018024       0xe6 ./ST_Code/Drivers/STM32L1xx_HAL_Driver/Src/stm32l1xx_ll_gpio.o
                0x0000000008018024                LL_GPIO_Init
 *fill*         0x000000000801810a        0x2 dead
 .text.LL_RCC_MSI_GetRange
                0x000000000801810c       0x18 ./ST_Code/Drivers/STM32L1xx_HAL_Driver/Src/stm32l1xx_ll_rcc.o
 .text.LL_RCC_GetSysClkSource
                0x0000000008018124       0x18 ./ST_Code/Drivers/STM32L1xx_HAL_Driver/Src/stm32l1xx_ll_rcc.o
 .text.LL_RCC_GetAHBPrescaler
                0x000000000801813c       0x18 ./ST_Code/Drivers/STM32L1xx_HAL_Driver/Src/stm32l1xx_ll_rcc.o
 .text.LL_RCC_GetAPB1Prescaler
                0x0000000008018154       0x18 ./ST_Code/Drivers/STM32L1xx_HAL_Driver/Src/stm32l1xx_ll_rcc.o
 .text.LL_RCC_GetAPB2Prescaler
                0x000000000801816c       0x18 ./ST_Code/Drivers/STM32L1xx_HAL_Driver/Src/stm32l1xx_ll_rcc.o
 .text.LL_RCC_PLL_GetMainSource
                0x0000000008018184       0x18 ./ST_Code/Drivers/STM32L1xx_HAL_Driver/Src/stm32l1xx_ll_rcc.o
 .text.LL_RCC_PLL_GetMultiplicator
                0x000000000801819c       0x18 ./ST_Code/Drivers/STM32L1xx_HAL_Driver/Src/stm32l1xx_ll_rcc.o
 .text.LL_RCC_PLL_GetDivider
                0x00000000080181b4       0x18 ./ST_Code/Drivers/STM32L1xx_HAL_Driver/Src/stm32l1xx_ll_rcc.o
 .text.LL_RCC_GetSystemClocksFreq
                0x00000000080181cc       0x4a ./ST_Code/Drivers/STM32L1xx_HAL_Driver/Src/stm32l1xx_ll_rcc.o
                0x00000000080181cc                LL_RCC_GetSystemClocksFreq
 *fill*         0x0000000008018216        0x2 dead
 .text.RCC_GetSystemClockFreq
                0x0000000008018218       0xa0 ./ST_Code/Drivers/STM32L1xx_HAL_Driver/Src/stm32l1xx_ll_rcc.o
                0x0000000008018218                RCC_GetSystemClockFreq
 .text.RCC_GetHCLKClockFreq
                0x00000000080182b8       0x2c ./ST_Code/Drivers/STM32L1xx_HAL_Driver/Src/stm32l1xx_ll_rcc.o
                0x00000000080182b8                RCC_GetHCLKClockFreq
 .text.RCC_GetPCLK1ClockFreq
                0x00000000080182e4       0x28 ./ST_Code/Drivers/STM32L1xx_HAL_Driver/Src/stm32l1xx_ll_rcc.o
                0x00000000080182e4                RCC_GetPCLK1ClockFreq
 .text.RCC_GetPCLK2ClockFreq
                0x000000000801830c       0x28 ./ST_Code/Drivers/STM32L1xx_HAL_Driver/Src/stm32l1xx_ll_rcc.o
                0x000000000801830c                RCC_GetPCLK2ClockFreq
 .text.RCC_PLL_GetFreqDomain_SYS
                0x0000000008018334       0x64 ./ST_Code/Drivers/STM32L1xx_HAL_Driver/Src/stm32l1xx_ll_rcc.o
                0x0000000008018334                RCC_PLL_GetFreqDomain_SYS
 .text.LL_USART_IsEnabled
                0x0000000008018398       0x26 ./ST_Code/Drivers/STM32L1xx_HAL_Driver/Src/stm32l1xx_ll_usart.o
 .text.LL_USART_SetStopBitsLength
                0x00000000080183be       0x24 ./ST_Code/Drivers/STM32L1xx_HAL_Driver/Src/stm32l1xx_ll_usart.o
 .text.LL_USART_SetHWFlowCtrl
                0x00000000080183e2       0x24 ./ST_Code/Drivers/STM32L1xx_HAL_Driver/Src/stm32l1xx_ll_usart.o
 *fill*         0x0000000008018406        0x2 dead
 .text.LL_USART_SetBaudRate
                0x0000000008018408      0x16c ./ST_Code/Drivers/STM32L1xx_HAL_Driver/Src/stm32l1xx_ll_usart.o
 .text.LL_USART_Init
                0x0000000008018574       0xec ./ST_Code/Drivers/STM32L1xx_HAL_Driver/Src/stm32l1xx_ll_usart.o
                0x0000000008018574                LL_USART_Init
 .text.MemManage_Handler
                0x0000000008018660       0x1a ./Startup/memfault_handler.o
                0x0000000008018660                MemManage_Handler
 *fill*         0x000000000801867a        0x2 dead
 .text.Reset_Handler
                0x000000000801867c       0x48 ./Startup/startup_stm32l152retx.o
                0x000000000801867c                Reset_Handler
 .text.Default_Handler
                0x00000000080186c4        0x2 ./Startup/startup_stm32l152retx.o
                0x00000000080186c4                RTC_Alarm_IRQHandler
                0x00000000080186c4                EXTI2_IRQHandler
                0x00000000080186c4                COMP_ACQ_IRQHandler
                0x00000000080186c4                TIM10_IRQHandler
                0x00000000080186c4                USB_HP_IRQHandler
                0x00000000080186c4                PVD_IRQHandler
                0x00000000080186c4                EXTI3_IRQHandler
                0x00000000080186c4                EXTI0_IRQHandler
                0x00000000080186c4                USB_FS_WKUP_IRQHandler
                0x00000000080186c4                DMA2_Channel2_IRQHandler
                0x00000000080186c4                USART3_IRQHandler
                0x00000000080186c4                LCD_IRQHandler
                0x00000000080186c4                UART5_IRQHandler
                0x00000000080186c4                TIM4_IRQHandler
                0x00000000080186c4                DMA2_Channel1_IRQHandler
                0x00000000080186c4                I2C1_EV_IRQHandler
                0x00000000080186c4                UART4_IRQHandler
                0x00000000080186c4                DMA2_Channel4_IRQHandler
                0x00000000080186c4                RCC_IRQHandler
                0x00000000080186c4                Default_Handler
                0x00000000080186c4                EXTI15_10_IRQHandler
                0x00000000080186c4                TIM5_IRQHandler
                0x00000000080186c4                EXTI9_5_IRQHandler
                0x00000000080186c4                TIM9_IRQHandler
                0x00000000080186c4                TAMPER_STAMP_IRQHandler
                0x00000000080186c4                RTC_WKUP_IRQHandler
                0x00000000080186c4                SPI2_IRQHandler
                0x00000000080186c4                DMA2_Channel5_IRQHandler
                0x00000000080186c4                USB_LP_IRQHandler
                0x00000000080186c4                EXTI4_IRQHandler
                0x00000000080186c4                COMP_IRQHandler
                0x00000000080186c4                WWDG_IRQHandler
                0x00000000080186c4                TIM2_IRQHandler
                0x00000000080186c4                DAC_IRQHandler
                0x00000000080186c4                EXTI1_IRQHandler
                0x00000000080186c4                TIM11_IRQHandler
                0x00000000080186c4                FLASH_IRQHandler
                0x00000000080186c4                USART1_IRQHandler
                0x00000000080186c4                SPI3_IRQHandler
                0x00000000080186c4                I2C1_ER_IRQHandler
                0x00000000080186c4                DMA2_Channel3_IRQHandler
 *fill*         0x00000000080186c6        0x2 dead
 .text.arm_pid_init_f32
                0x00000000080186c8       0x40 C:\Users\alejo\Documents\containers-project\D-Box\FreeRTOS\Demo\FreeRTOS-BOX-MODBUS_PID\Projects\GCC\lib\libarm_cortexM3l_math.a(arm_pid_init_f32.o)
                0x00000000080186c8                arm_pid_init_f32
 .text.__libc_init_array
                0x0000000008018708       0x48 c:/st/stm32cubeide_1.8.0/stm32cubeide/plugins/com.st.stm32cube.ide.mcu.externaltools.gnu-tools-for-stm32.9-2020-q2-update.win32_2.0.0.202105311346/tools/bin/../lib/gcc/arm-none-eabi/9.3.1/../../../../arm-none-eabi/lib/thumb/v7-m/nofp\libc_nano.a(lib_a-init.o)
                0x0000000008018708                __libc_init_array
 .text.memcpy   0x0000000008018750       0x1c c:/st/stm32cubeide_1.8.0/stm32cubeide/plugins/com.st.stm32cube.ide.mcu.externaltools.gnu-tools-for-stm32.9-2020-q2-update.win32_2.0.0.202105311346/tools/bin/../lib/gcc/arm-none-eabi/9.3.1/../../../../arm-none-eabi/lib/thumb/v7-m/nofp\libc_nano.a(lib_a-memcpy-stub.o)
                0x0000000008018750                memcpy
 .text.memset   0x000000000801876c       0x10 c:/st/stm32cubeide_1.8.0/stm32cubeide/plugins/com.st.stm32cube.ide.mcu.externaltools.gnu-tools-for-stm32.9-2020-q2-update.win32_2.0.0.202105311346/tools/bin/../lib/gcc/arm-none-eabi/9.3.1/../../../../arm-none-eabi/lib/thumb/v7-m/nofp\libc_nano.a(lib_a-memset.o)
                0x000000000801876c                memset
 *(.glue_7)
 .glue_7        0x000000000801877c        0x0 linker stubs
 *(.glue_7t)
 .glue_7t       0x000000000801877c        0x0 linker stubs
 *(.eh_frame)
 .eh_frame      0x000000000801877c        0x0 c:/st/stm32cubeide_1.8.0/stm32cubeide/plugins/com.st.stm32cube.ide.mcu.externaltools.gnu-tools-for-stm32.9-2020-q2-update.win32_2.0.0.202105311346/tools/bin/../lib/gcc/arm-none-eabi/9.3.1/thumb/v7-m/nofp/crtbegin.o
 *(.init)
 .init          0x000000000801877c        0x4 c:/st/stm32cubeide_1.8.0/stm32cubeide/plugins/com.st.stm32cube.ide.mcu.externaltools.gnu-tools-for-stm32.9-2020-q2-update.win32_2.0.0.202105311346/tools/bin/../lib/gcc/arm-none-eabi/9.3.1/thumb/v7-m/nofp/crti.o
                0x000000000801877c                _init
 .init          0x0000000008018780        0x8 c:/st/stm32cubeide_1.8.0/stm32cubeide/plugins/com.st.stm32cube.ide.mcu.externaltools.gnu-tools-for-stm32.9-2020-q2-update.win32_2.0.0.202105311346/tools/bin/../lib/gcc/arm-none-eabi/9.3.1/thumb/v7-m/nofp/crtn.o
 *(.fini)
 .fini          0x0000000008018788        0x4 c:/st/stm32cubeide_1.8.0/stm32cubeide/plugins/com.st.stm32cube.ide.mcu.externaltools.gnu-tools-for-stm32.9-2020-q2-update.win32_2.0.0.202105311346/tools/bin/../lib/gcc/arm-none-eabi/9.3.1/thumb/v7-m/nofp/crti.o
                0x0000000008018788                _fini
 .fini          0x000000000801878c        0x8 c:/st/stm32cubeide_1.8.0/stm32cubeide/plugins/com.st.stm32cube.ide.mcu.externaltools.gnu-tools-for-stm32.9-2020-q2-update.win32_2.0.0.202105311346/tools/bin/../lib/gcc/arm-none-eabi/9.3.1/thumb/v7-m/nofp/crtn.o
                0x0000000008018794                . = ALIGN (0x4)
                0x0000000008018794                _etext = .

.vfp11_veneer   0x0000000008018794        0x0
 .vfp11_veneer  0x0000000008018794        0x0 linker stubs

.v4_bx          0x0000000008018794        0x0
 .v4_bx         0x0000000008018794        0x0 linker stubs

.iplt           0x0000000008018794        0x0
 .iplt          0x0000000008018794        0x0 c:/st/stm32cubeide_1.8.0/stm32cubeide/plugins/com.st.stm32cube.ide.mcu.externaltools.gnu-tools-for-stm32.9-2020-q2-update.win32_2.0.0.202105311346/tools/bin/../lib/gcc/arm-none-eabi/9.3.1/thumb/v7-m/nofp/crtbegin.o

.rodata         0x0000000008018794      0x198
                0x0000000008018794                . = ALIGN (0x4)
 *(.rodata)
 .rodata        0x0000000008018794       0x14 ./FreeRTOS/container.o
 .rodata        0x00000000080187a8        0x5 ./FreeRTOS/tasks.o
 *fill*         0x00000000080187ad        0x3 
 .rodata        0x00000000080187b0        0xd ./FreeRTOS/timers.o
 *fill*         0x00000000080187bd        0x3 
 .rodata        0x00000000080187c0       0x27 ./MODBUS-LIB/Src/Modbus.o
 *fill*         0x00000000080187e7        0x1 
 .rodata        0x00000000080187e8        0x8 ./ST_Code/Core/Src/main.o
 *(.rodata*)
 .rodata.CHANNEL_OFFSET_TAB
                0x00000000080187f0        0x7 ./FreeRTOS/container.o
 *fill*         0x00000000080187f7        0x1 
 .rodata.ulRanksADC
                0x00000000080187f8       0x40 ./FreeRTOS/container.o
 .rodata.ulChannelsADC
                0x0000000008018838       0x40 ./FreeRTOS/container.o
 .rodata.ulNumberOfRanks
                0x0000000008018878       0x40 ./FreeRTOS/container.o
 .rodata.fctsupported
                0x00000000080188b8        0x8 ./MODBUS-LIB/Src/Modbus.o
                0x00000000080188b8                fctsupported
 .rodata.CHANNEL_OFFSET_TAB
                0x00000000080188c0        0x7 ./ST_Code/Core/Src/main.o
 *fill*         0x00000000080188c7        0x1 
 .rodata.BoardGPIO
                0x00000000080188c8       0x10 ./ST_Code/Core/Src/main.o
                0x00000000080188c8                BoardGPIO
 .rodata.xPermissionRO
                0x00000000080188d8       0x30 ./ST_Code/Core/Src/main.o
 .rodata.PLLMulTable
                0x0000000008018908        0x9 ./ST_Code/Core/Src/system_stm32l1xx.o
                0x0000000008018908                PLLMulTable
 *fill*         0x0000000008018911        0x3 
 .rodata.AHBPrescTable
                0x0000000008018914       0x10 ./ST_Code/Core/Src/system_stm32l1xx.o
                0x0000000008018914                AHBPrescTable
 .rodata.APBPrescTable
                0x0000000008018924        0x8 ./ST_Code/Core/Src/system_stm32l1xx.o
                0x0000000008018924                APBPrescTable
                0x000000000801892c                . = ALIGN (0x4)

.rel.dyn        0x000000000801892c        0x0
 .rel.iplt      0x000000000801892c        0x0 c:/st/stm32cubeide_1.8.0/stm32cubeide/plugins/com.st.stm32cube.ide.mcu.externaltools.gnu-tools-for-stm32.9-2020-q2-update.win32_2.0.0.202105311346/tools/bin/../lib/gcc/arm-none-eabi/9.3.1/thumb/v7-m/nofp/crtbegin.o

.ARM.extab      0x000000000801892c        0x0
                0x000000000801892c                . = ALIGN (0x4)
 *(.ARM.extab* .gnu.linkonce.armextab.*)
                0x000000000801892c                . = ALIGN (0x4)

.ARM            0x000000000801892c        0x0
                0x000000000801892c                . = ALIGN (0x4)
                0x000000000801892c                __exidx_start = .
 *(.ARM.exidx*)
                0x000000000801892c                __exidx_end = .
                0x000000000801892c                . = ALIGN (0x4)

.preinit_array  0x000000000801892c        0x0
                0x000000000801892c                . = ALIGN (0x4)
                0x000000000801892c                PROVIDE (__preinit_array_start = .)
 *(.preinit_array*)
                0x000000000801892c                PROVIDE (__preinit_array_end = .)
                0x000000000801892c                . = ALIGN (0x4)

.init_array     0x000000000801892c        0x4
                0x000000000801892c                . = ALIGN (0x4)
                0x000000000801892c                PROVIDE (__init_array_start = .)
 *(SORT_BY_NAME(.init_array.*))
 *(.init_array*)
 .init_array    0x000000000801892c        0x4 c:/st/stm32cubeide_1.8.0/stm32cubeide/plugins/com.st.stm32cube.ide.mcu.externaltools.gnu-tools-for-stm32.9-2020-q2-update.win32_2.0.0.202105311346/tools/bin/../lib/gcc/arm-none-eabi/9.3.1/thumb/v7-m/nofp/crtbegin.o
                0x0000000008018930                PROVIDE (__init_array_end = .)
                0x0000000008018930                . = ALIGN (0x4)

.fini_array     0x0000000008018930        0x4
                0x0000000008018930                . = ALIGN (0x4)
                [!provide]                        PROVIDE (__fini_array_start = .)
 *(SORT_BY_NAME(.fini_array.*))
 *(.fini_array*)
 .fini_array    0x0000000008018930        0x4 c:/st/stm32cubeide_1.8.0/stm32cubeide/plugins/com.st.stm32cube.ide.mcu.externaltools.gnu-tools-for-stm32.9-2020-q2-update.win32_2.0.0.202105311346/tools/bin/../lib/gcc/arm-none-eabi/9.3.1/thumb/v7-m/nofp/crtbegin.o
                [!provide]                        PROVIDE (__fini_array_end = .)
                0x0000000008018934                . = ALIGN (0x4)
                0x0000000008018934                _sidata = LOADADDR (.privileged_data)

.privileged_data
                0x0000000020000000     0x8000 load address 0x0000000008018934
                0x0000000020000000                . = ALIGN (0x4)
                0x0000000020000000                _sdata = .
 *(privileged_data)
 privileged_data
                0x0000000020000000      0x228 ./FreeRTOS/container.o
                0x000000002000004c                ucQueueStorageArea
                0x0000000020000198                xSTackRegions
                0x00000000200001f8                ulNumberRestrictedTask
                0x00000000200001fc                ucSlaveOwnAddress
                0x00000000200001fd                ucMasterRequestDirection
                0x00000000200001fe                usMasterNbDataToReceive
                0x0000000020000200                ucGenerateStop
                0x0000000020000201                ucCSSP1
 privileged_data
                0x0000000020000228       0x28 ./FreeRTOS/queue.o
                0x0000000020000228                xQueueRegistry
 privileged_data
                0x0000000020000250      0x10c ./FreeRTOS/tasks.o
                0x0000000020000250                pxCurrentTCB
 privileged_data
                0x000000002000035c       0xc4 ./FreeRTOS/timers.o
 privileged_data
                0x0000000020000420     0x4020 ./FreeRTOS/portable/MemMang/heap_4.o
                0x0000000020004440                . = ALIGN (0x4)
 FILL mask 0xdead
                0x0000000000008000                . = __privileged_data_region_size__
 *fill*         0x0000000020004440     0x3bc0 dead

.data           0x0000000020008000       0x64 load address 0x0000000008020934
                0x0000000020008000                . = ALIGN (0x4)
 *(.data)
 *(.data*)
 .data.uxTopUsedPriority
                0x0000000020008000        0x4 ./FreeRTOS/tasks.o
                0x0000000020008000                uxTopUsedPriority
 .data.uxCriticalNesting
                0x0000000020008004        0x4 ./FreeRTOS/portable/GCC/ARM_CM3_MPU/port.o
 .data.xPLCTaskParameters
                0x0000000020008008       0x50 ./ST_Code/Core/Src/main.o
                0x0000000020008008                xPLCTaskParameters
 .data.SystemCoreClock
                0x0000000020008058        0x4 ./ST_Code/Core/Src/system_stm32l1xx.o
                0x0000000020008058                SystemCoreClock
 .data.uwTickPrio
                0x000000002000805c        0x4 ./ST_Code/Drivers/STM32L1xx_HAL_Driver/Src/stm32l1xx_hal.o
                0x000000002000805c                uwTickPrio
 .data.uwTickFreq
                0x0000000020008060        0x4 ./ST_Code/Drivers/STM32L1xx_HAL_Driver/Src/stm32l1xx_hal.o
                0x0000000020008060                uwTickFreq
                0x0000000020008064                . = ALIGN (0x4)
                0x0000000020008064                _edata = .

.igot.plt       0x0000000020008064        0x0 load address 0x0000000008020998
 .igot.plt      0x0000000020008064        0x0 c:/st/stm32cubeide_1.8.0/stm32cubeide/plugins/com.st.stm32cube.ide.mcu.externaltools.gnu-tools-for-stm32.9-2020-q2-update.win32_2.0.0.202105311346/tools/bin/../lib/gcc/arm-none-eabi/9.3.1/thumb/v7-m/nofp/crtbegin.o
                0x0000000020008064                . = ALIGN (0x4)

.bss            0x0000000020008400     0x24b8 load address 0x0000000008020998
                0x0000000020008400                _sbss = .
                0x0000000020008400                __bss_start__ = _sbss
 *(.bss)
 .bss           0x0000000020008400       0x1c c:/st/stm32cubeide_1.8.0/stm32cubeide/plugins/com.st.stm32cube.ide.mcu.externaltools.gnu-tools-for-stm32.9-2020-q2-update.win32_2.0.0.202105311346/tools/bin/../lib/gcc/arm-none-eabi/9.3.1/thumb/v7-m/nofp/crtbegin.o
 *(.bss*)
 *fill*         0x000000002000841c      0x3e4 
 .bss.xDMATaskStack.10027
                0x0000000020008800      0x400 ./FreeRTOS/container.o
 .bss.ulCount   0x0000000020008c00        0x4 ./FreeRTOS/tasks.o
                0x0000000020008c00                ulCount
 .bss.ulCount2  0x0000000020008c04        0x4 ./FreeRTOS/tasks.o
                0x0000000020008c04                ulCount2
 .bss.ucMaxSysCallPriority
                0x0000000020008c08        0x1 ./FreeRTOS/portable/GCC/ARM_CM3_MPU/port.o
 *fill*         0x0000000020008c09        0x3 
 .bss.ulMaxPRIGROUPValue
                0x0000000020008c0c        0x4 ./FreeRTOS/portable/GCC/ARM_CM3_MPU/port.o
 .bss.numberHandlers
                0x0000000020008c10        0x1 ./MODBUS-LIB/Src/Modbus.o
                0x0000000020008c10                numberHandlers
 *fill*         0x0000000020008c11      0x3ef 
 .bss.xModbusTaskStack.9989
                0x0000000020009000      0x400 ./MODBUS-LIB/Src/Modbus.o
 .bss.ucROTaskFaultTracker
                0x0000000020009400      0x100 ./ST_Code/Core/Src/main.o
 *fill*         0x0000000020009500      0x300 
 .bss.xPLCTaskStack
                0x0000000020009800      0x400 ./ST_Code/Core/Src/main.o
 .bss.xIdleTaskTCB.13227
                0x0000000020009c00       0x8c ./ST_Code/Core/Src/main.o
 .bss.uxIdleTaskStack.13228
                0x0000000020009c8c      0x400 ./ST_Code/Core/Src/main.o
 .bss.xTimerTaskTCB.13234
                0x000000002000a08c       0x8c ./ST_Code/Core/Src/main.o
 .bss.uxTimerTaskStack.13235
                0x000000002000a118      0x400 ./ST_Code/Core/Src/main.o
 *(COMMON)
 COMMON         0x000000002000a518        0x8 ./FreeRTOS/container.o
                0x000000002000a518                mHandlers
 *fill*         0x000000002000a520       0xe0 
 COMMON         0x000000002000a600      0x100 ./MODBUS-LIB/Src/Modbus.o
                0x000000002000a600                ucSharedMemory
 COMMON         0x000000002000a700      0x178 ./ST_Code/Core/Src/main.o
                0x000000002000a700                xModbusShareRegion
                0x000000002000a800                htim4
                0x000000002000a83c                htim7
 COMMON         0x000000002000a878       0x3c ./ST_Code/Core/Src/stm32l1xx_hal_timebase_tim.o
                0x000000002000a878                htim6
 COMMON         0x000000002000a8b4        0x4 ./ST_Code/Drivers/STM32L1xx_HAL_Driver/Src/stm32l1xx_hal.o
                0x000000002000a8b4                uwTick
                0x000000002000a8b8                . = ALIGN (0x4)
                0x000000002000a8b8                _ebss = .
                0x000000002000a8b8                __bss_end__ = _ebss

._user_heap_stack
                0x000000002000a8b8      0x600 load address 0x0000000008020998
                0x000000002000a8b8                . = ALIGN (0x8)
                0x000000002000a8b8                PROVIDE (end = .)
                [!provide]                        PROVIDE (_end = .)
                0x000000002000aab8                . = (. + _Min_Heap_Size)
 *fill*         0x000000002000a8b8      0x200 
                0x000000002000aeb8                . = (. + _Min_Stack_Size)
 *fill*         0x000000002000aab8      0x400 
                0x000000002000aeb8                . = ALIGN (0x8)

/DISCARD/
 libc.a(*)
 libm.a(*)
 libgcc.a(*)

.ARM.attributes
                0x0000000000000000       0x29
 *(.ARM.attributes)
 .ARM.attributes
                0x0000000000000000       0x1d c:/st/stm32cubeide_1.8.0/stm32cubeide/plugins/com.st.stm32cube.ide.mcu.externaltools.gnu-tools-for-stm32.9-2020-q2-update.win32_2.0.0.202105311346/tools/bin/../lib/gcc/arm-none-eabi/9.3.1/thumb/v7-m/nofp/crti.o
 .ARM.attributes
                0x000000000000001d       0x2d c:/st/stm32cubeide_1.8.0/stm32cubeide/plugins/com.st.stm32cube.ide.mcu.externaltools.gnu-tools-for-stm32.9-2020-q2-update.win32_2.0.0.202105311346/tools/bin/../lib/gcc/arm-none-eabi/9.3.1/thumb/v7-m/nofp/crtbegin.o
 .ARM.attributes
                0x000000000000004a       0x2d ./FreeRTOS/container.o
 .ARM.attributes
                0x0000000000000077       0x2d ./FreeRTOS/event_groups.o
 .ARM.attributes
                0x00000000000000a4       0x2d ./FreeRTOS/list.o
 .ARM.attributes
                0x00000000000000d1       0x2d ./FreeRTOS/queue.o
 .ARM.attributes
                0x00000000000000fe       0x2d ./FreeRTOS/stream_buffer.o
 .ARM.attributes
                0x000000000000012b       0x2d ./FreeRTOS/tasks.o
 .ARM.attributes
                0x0000000000000158       0x2d ./FreeRTOS/timers.o
 .ARM.attributes
                0x0000000000000185       0x2d ./FreeRTOS/portable/Common/mpu_wrappers.o
 .ARM.attributes
                0x00000000000001b2       0x2d ./FreeRTOS/portable/GCC/ARM_CM3_MPU/port.o
 .ARM.attributes
                0x00000000000001df       0x2d ./FreeRTOS/portable/MemMang/heap_4.o
 .ARM.attributes
                0x000000000000020c       0x2d ./MODBUS-LIB/Src/Modbus.o
 .ARM.attributes
                0x0000000000000239       0x2d ./ST_Code/Core/Src/main.o
 .ARM.attributes
                0x0000000000000266       0x2d ./ST_Code/Core/Src/stm32l1xx_hal_timebase_tim.o
 .ARM.attributes
                0x0000000000000293       0x2d ./ST_Code/Core/Src/stm32l1xx_it.o
 .ARM.attributes
                0x00000000000002c0       0x2d ./ST_Code/Core/Src/system_stm32l1xx.o
 .ARM.attributes
                0x00000000000002ed       0x2d ./ST_Code/Drivers/STM32L1xx_HAL_Driver/Src/stm32l1xx_hal.o
 .ARM.attributes
                0x000000000000031a       0x2d ./ST_Code/Drivers/STM32L1xx_HAL_Driver/Src/stm32l1xx_hal_cortex.o
 .ARM.attributes
                0x0000000000000347       0x2d ./ST_Code/Drivers/STM32L1xx_HAL_Driver/Src/stm32l1xx_hal_gpio.o
 .ARM.attributes
                0x0000000000000374       0x2d ./ST_Code/Drivers/STM32L1xx_HAL_Driver/Src/stm32l1xx_hal_rcc.o
 .ARM.attributes