main.c:100:6:StartTaskPLC	88	static
main.c:190:6:user_pwm_setvalue	40	static
main.c:208:5:main	16	static
main.c:310:6:SystemClock_Config	80	static
main.c:348:13:MX_SPI1_Init	8	static
main.c:375:13:MX_USART2_UART_Init	8	static
main.c:408:13:MX_GPIO_Init	48	static
main.c:459:6:HAL_TIM_PeriodElapsedCallback	24	static
main.c:509:6:Error_Handler	4	static
main.c:516:6:vApplicationStackOverflowHook	16	static
main.c:526:6:vApplicationMallocFailedHook	4	static
main.c:538:6:vApplicationGetIdleTaskMemory	24	static
main.c:563:6:vApplicationGetTimerTaskMemory	24	static
main.c:588:13:MX_TIM3_Init	32	static
main.c:638:13:MX_TIM4_Init	56	static
main.c:687:13:MX_TIM7_Init	16	static
main.c:730:6:HAL_TIM_OC_MspInit	24	static
main.c:755:6:HAL_TIM_Encoder_MspInit	48	static
main.c:791:6:HAL_TIM_Base_MspInit	24	static
main.c:810:6:HAL_TIM_MspPostInit	40	static
main.c:842:6:HAL_TIM_OC_MspDeInit	16	static
main.c:867:6:HAL_TIM_Encoder_MspDeInit	16	static
main.c:896:6:HAL_TIM_Base_MspDeInit	16	static
main.c:917:6:TIM7_IRQHandler	8	static
main.c:928:6:TIM3_IRQHandler	8	static
