stm32l1xx_hal.c:151:19:HAL_Init	16	static
stm32l1xx_hal.c:187:19:HAL_DeInit	8	static
stm32l1xx_hal.c:210:13:HAL_MspInit	4	static
stm32l1xx_hal.c:221:13:HAL_MspDeInit	4	static
stm32l1xx_hal.c:244:26:HAL_InitTick	24	static
stm32l1xx_hal.c:312:13:HAL_IncTick	4	static
stm32l1xx_hal.c:323:17:HAL_GetTick	4	static
stm32l1xx_hal.c:332:10:HAL_GetTickPrio	4	static
stm32l1xx_hal.c:342:19:HAL_SetTickFreq	24	static
stm32l1xx_hal.c:364:10:HAL_GetTickFreq	4	static
stm32l1xx_hal.c:380:13:HAL_Delay	24	static
stm32l1xx_hal.c:406:13:HAL_SuspendTick	4	static
stm32l1xx_hal.c:422:13:HAL_ResumeTick	4	static
stm32l1xx_hal.c:432:10:HAL_GetHalVersion	4	static
stm32l1xx_hal.c:441:10:HAL_GetREVID	4	static
stm32l1xx_hal.c:450:10:HAL_GetDEVID	4	static
stm32l1xx_hal.c:459:10:HAL_GetUIDw0	4	static
stm32l1xx_hal.c:468:10:HAL_GetUIDw1	4	static
stm32l1xx_hal.c:477:10:HAL_GetUIDw2	4	static
stm32l1xx_hal.c:506:6:HAL_DBGMCU_EnableDBGSleepMode	4	static
stm32l1xx_hal.c:515:6:HAL_DBGMCU_DisableDBGSleepMode	4	static
stm32l1xx_hal.c:524:6:HAL_DBGMCU_EnableDBGStopMode	4	static
stm32l1xx_hal.c:533:6:HAL_DBGMCU_DisableDBGStopMode	4	static
stm32l1xx_hal.c:542:6:HAL_DBGMCU_EnableDBGStandbyMode	4	static
stm32l1xx_hal.c:551:6:HAL_DBGMCU_DisableDBGStandbyMode	4	static
