core_cm3.h:1499:26:__NVIC_GetPriorityGrouping	4	static
core_cm3.h:1511:22:__NVIC_EnableIRQ	16	static
core_cm3.h:1639:22:__NVIC_SetPriority	16	static
core_cm3.h:1686:26:NVIC_EncodePriority	40	static
stm32l1xx_ll_bus.h:216:22:LL_AHB1_GRP1_EnableClock	24	static
stm32l1xx_ll_bus.h:531:22:LL_APB1_GRP1_EnableClock	24	static
stm32l1xx_ll_usart.h:409:22:LL_USART_Enable	16	static
stm32l1xx_ll_usart.h:496:22:LL_USART_SetTransferDirection	16	static
stm32l1xx_ll_usart.h:849:22:LL_USART_ConfigCharacter	24	static
stm32l1xx_ll_usart.h:1019:22:LL_USART_SetBaudRate	24	static
stm32l1xx_ll_usart.h:2119:22:LL_USART_DisableIT_IDLE	16	static
stm32l1xx_ll_usart.h:2141:22:LL_USART_DisableIT_TC	16	static
stm32l1xx_ll_usart.h:2152:22:LL_USART_DisableIT_TXE	16	static
stm32l1xx_ll_usart.h:2191:22:LL_USART_DisableIT_ERROR	16	static
stm32l1xx_ll_gpio.h:634:22:LL_GPIO_SetAFPin_8_15	40	static,ignoring_inline_asm
main.c:68:13:MX_I2C2_Init	8	static
main.c:88:13:MX_SPI1_Init	8	static
main.c:108:13:MX_ADC_Init	24	static
main.c:196:5:main	8	static
main.c:279:6:SystemClock_Config	80	static
main.c:320:13:MX_USART2_UART_Init	8	static
main.c:356:13:MX_GPIO_Init	48	static
main.c:396:6:HAL_TIM_PeriodElapsedCallback	16	static
main.c:411:13:MX_UART4_UART_Init_ll	32	static
main.c:476:6:Error_Handler	4	static
