core_cm3.h:1499:26:__NVIC_GetPriorityGrouping	4	static
core_cm3.h:1511:22:__NVIC_EnableIRQ	16	static
core_cm3.h:1639:22:__NVIC_SetPriority	16	static
core_cm3.h:1686:26:NVIC_EncodePriority	40	static
stm32l1xx_ll_dma.h:590:22:LL_DMA_SetDataTransferDirection	24	static
stm32l1xx_ll_dma.h:639:22:LL_DMA_SetMode	24	static
stm32l1xx_ll_dma.h:684:22:LL_DMA_SetPeriphIncMode	24	static
stm32l1xx_ll_dma.h:729:22:LL_DMA_SetMemoryIncMode	24	static
stm32l1xx_ll_dma.h:775:22:LL_DMA_SetPeriphSize	24	static
stm32l1xx_ll_dma.h:822:22:LL_DMA_SetMemorySize	24	static
stm32l1xx_ll_dma.h:870:22:LL_DMA_SetChannelPriorityLevel	24	static
stm32l1xx_ll_dma.h:1024:22:LL_DMA_SetPeriphAddress	24	static
stm32l1xx_ll_dma.h:1799:22:LL_DMA_EnableIT_TC	16	static
stm32l1xx_ll_dma.h:1837:22:LL_DMA_EnableIT_TE	16	static
stm32l1xx_ll_bus.h:216:22:LL_AHB1_GRP1_EnableClock	24	static
stm32l1xx_ll_bus.h:531:22:LL_APB1_GRP1_EnableClock	24	static
stm32l1xx_ll_usart.h:409:22:LL_USART_Enable	16	static
stm32l1xx_ll_usart.h:496:22:LL_USART_SetTransferDirection	16	static
stm32l1xx_ll_usart.h:849:22:LL_USART_ConfigCharacter	24	static
stm32l1xx_ll_usart.h:1019:22:LL_USART_SetBaudRate	24	static
stm32l1xx_ll_usart.h:1478:22:LL_USART_ConfigAsyncMode	16	static
stm32l1xx_ll_usart.h:2119:22:LL_USART_DisableIT_IDLE	16	static
stm32l1xx_ll_usart.h:2141:22:LL_USART_DisableIT_TC	16	static
stm32l1xx_ll_usart.h:2152:22:LL_USART_DisableIT_TXE	16	static
stm32l1xx_ll_usart.h:2191:22:LL_USART_DisableIT_ERROR	16	static
stm32l1xx_ll_gpio.h:557:22:LL_GPIO_SetAFPin_0_7	40	static,ignoring_inline_asm
stm32l1xx_ll_gpio.h:634:22:LL_GPIO_SetAFPin_8_15	40	static,ignoring_inline_asm
main.c:103:5:main	8	static
main.c:174:6:SystemClock_Config	80	static
main.c:341:13:MX_USART2_UART_Init_ll	64	static
main.c:436:13:MX_UART4_UART_Init_ll	32	static
main.c:720:13:MX_GPIO_Init	48	static
main.c:767:6:HAL_UART_ErrorCallback	16	static
main.c:781:6:HAL_TIM_PeriodElapsedCallback	16	static
main.c:802:6:Error_Handler	4	static
