stm32l1xx_ll_dma.h:491:22:LL_DMA_EnableChannel	16	static
stm32l1xx_ll_dma.h:510:22:LL_DMA_DisableChannel	16	static
stm32l1xx_ll_dma.h:614:26:LL_DMA_GetDataTransferDirection	16	static
stm32l1xx_ll_dma.h:917:22:LL_DMA_SetDataLength	24	static
stm32l1xx_ll_dma.h:939:26:LL_DMA_GetDataLength	16	static
stm32l1xx_ll_dma.h:968:22:LL_DMA_ConfigAddresses	24	static
stm32l1xx_ll_dma.h:1002:22:LL_DMA_SetMemoryAddress	24	static
stm32l1xx_ll_dma.h:1024:22:LL_DMA_SetPeriphAddress	24	static
stm32l1xx_ll_dma.h:1245:26:LL_DMA_IsActiveFlag_TC1	16	static
stm32l1xx_ll_dma.h:1256:26:LL_DMA_IsActiveFlag_TC2	16	static
stm32l1xx_ll_dma.h:1267:26:LL_DMA_IsActiveFlag_TC3	16	static
stm32l1xx_ll_dma.h:1278:26:LL_DMA_IsActiveFlag_TC4	16	static
stm32l1xx_ll_dma.h:1289:26:LL_DMA_IsActiveFlag_TC5	16	static
stm32l1xx_ll_dma.h:1300:26:LL_DMA_IsActiveFlag_TC6	16	static
stm32l1xx_ll_dma.h:1311:26:LL_DMA_IsActiveFlag_TC7	16	static
stm32l1xx_ll_dma.h:1399:26:LL_DMA_IsActiveFlag_TE1	16	static
stm32l1xx_ll_dma.h:1410:26:LL_DMA_IsActiveFlag_TE2	16	static
stm32l1xx_ll_dma.h:1421:26:LL_DMA_IsActiveFlag_TE3	16	static
stm32l1xx_ll_dma.h:1432:26:LL_DMA_IsActiveFlag_TE4	16	static
stm32l1xx_ll_dma.h:1443:26:LL_DMA_IsActiveFlag_TE5	16	static
stm32l1xx_ll_dma.h:1454:26:LL_DMA_IsActiveFlag_TE6	16	static
stm32l1xx_ll_dma.h:1465:26:LL_DMA_IsActiveFlag_TE7	16	static
stm32l1xx_ll_dma.h:1509:22:LL_DMA_ClearFlag_GI4	16	static
stm32l1xx_ll_dma.h:1520:22:LL_DMA_ClearFlag_GI5	16	static
stm32l1xx_ll_dma.h:1553:22:LL_DMA_ClearFlag_TC1	16	static
stm32l1xx_ll_dma.h:1564:22:LL_DMA_ClearFlag_TC2	16	static
stm32l1xx_ll_dma.h:1575:22:LL_DMA_ClearFlag_TC3	16	static
stm32l1xx_ll_dma.h:1608:22:LL_DMA_ClearFlag_TC6	16	static
stm32l1xx_ll_dma.h:1619:22:LL_DMA_ClearFlag_TC7	16	static
stm32l1xx_ll_dma.h:1856:22:LL_DMA_DisableIT_TC	16	static
stm32l1xx_ll_dma.h:1913:26:LL_DMA_IsEnabledIT_TC	16	static
stm32l1xx_ll_dma.h:1953:26:LL_DMA_IsEnabledIT_TE	16	static
stm32l1xx_ll_rcc.h:592:22:LL_RCC_HSI_Enable	4	static
stm32l1xx_ll_rcc.h:612:26:LL_RCC_HSI_IsReady	4	static
stm32l1xx_ll_usart.h:1780:26:LL_USART_IsActiveFlag_IDLE	16	static
stm32l1xx_ll_usart.h:1802:26:LL_USART_IsActiveFlag_TC	16	static
stm32l1xx_ll_usart.h:1952:22:LL_USART_ClearFlag_IDLE	24	static
stm32l1xx_ll_usart.h:1967:22:LL_USART_ClearFlag_TC	16	static
stm32l1xx_ll_usart.h:2023:22:LL_USART_EnableIT_IDLE	16	static
stm32l1xx_ll_usart.h:2045:22:LL_USART_EnableIT_TC	16	static
stm32l1xx_ll_usart.h:2119:22:LL_USART_DisableIT_IDLE	16	static
stm32l1xx_ll_usart.h:2141:22:LL_USART_DisableIT_TC	16	static
stm32l1xx_ll_usart.h:2215:26:LL_USART_IsEnabledIT_IDLE	16	static
stm32l1xx_ll_usart.h:2237:26:LL_USART_IsEnabledIT_TC	16	static
stm32l1xx_ll_usart.h:2315:22:LL_USART_EnableDMAReq_RX	16	static
stm32l1xx_ll_usart.h:2348:22:LL_USART_EnableDMAReq_TX	16	static
stm32l1xx_ll_spi.h:301:22:LL_SPI_Enable	16	static
stm32l1xx_ll_spi.h:313:22:LL_SPI_Disable	16	static
stm32l1xx_ll_spi.h:530:22:LL_SPI_SetTransferDirection	16	static
stm32l1xx_ll_spi.h:547:26:LL_SPI_GetTransferDirection	16	static
stm32l1xx_ll_spi.h:737:26:LL_SPI_IsActiveFlag_RXNE	16	static
stm32l1xx_ll_spi.h:748:26:LL_SPI_IsActiveFlag_TXE	16	static
stm32l1xx_ll_spi.h:799:26:LL_SPI_IsActiveFlag_BSY	16	static
stm32l1xx_ll_spi.h:912:22:LL_SPI_EnableIT_TXE	16	static
stm32l1xx_ll_spi.h:946:22:LL_SPI_DisableIT_TXE	16	static
stm32l1xx_ll_spi.h:979:26:LL_SPI_IsEnabledIT_TXE	16	static
stm32l1xx_ll_spi.h:998:22:LL_SPI_EnableDMAReq_RX	16	static
stm32l1xx_ll_spi.h:1009:22:LL_SPI_DisableDMAReq_RX	16	static
stm32l1xx_ll_spi.h:1031:22:LL_SPI_EnableDMAReq_TX	16	static
stm32l1xx_ll_spi.h:1064:26:LL_SPI_DMA_GetRegAddr	16	static
stm32l1xx_ll_spi.h:1083:25:LL_SPI_ReceiveData8	16	static
stm32l1xx_ll_i2c.h:349:22:LL_I2C_Enable	16	static
stm32l1xx_ll_i2c.h:360:22:LL_I2C_Disable	16	static
stm32l1xx_ll_i2c.h:383:22:LL_I2C_EnableDMAReq_TX	16	static
stm32l1xx_ll_i2c.h:394:22:LL_I2C_DisableDMAReq_TX	16	static
stm32l1xx_ll_i2c.h:405:26:LL_I2C_IsEnabledDMAReq_TX	16	static
stm32l1xx_ll_i2c.h:416:22:LL_I2C_EnableDMAReq_RX	16	static
stm32l1xx_ll_i2c.h:427:22:LL_I2C_DisableDMAReq_RX	16	static
stm32l1xx_ll_i2c.h:438:26:LL_I2C_IsEnabledDMAReq_RX	16	static
stm32l1xx_ll_i2c.h:449:26:LL_I2C_DMA_GetRegAddr	16	static
stm32l1xx_ll_i2c.h:905:22:LL_I2C_EnableIT_TX	16	static
stm32l1xx_ll_i2c.h:917:22:LL_I2C_DisableIT_TX	16	static
stm32l1xx_ll_i2c.h:929:26:LL_I2C_IsEnabledIT_TX	16	static
stm32l1xx_ll_i2c.h:986:22:LL_I2C_EnableIT_EVT	16	static
stm32l1xx_ll_i2c.h:1005:22:LL_I2C_DisableIT_EVT	16	static
stm32l1xx_ll_i2c.h:1030:22:LL_I2C_EnableIT_BUF	16	static
stm32l1xx_ll_i2c.h:1044:22:LL_I2C_DisableIT_BUF	16	static
stm32l1xx_ll_i2c.h:1055:26:LL_I2C_IsEnabledIT_BUF	16	static
stm32l1xx_ll_i2c.h:1076:22:LL_I2C_EnableIT_ERR	16	static
stm32l1xx_ll_i2c.h:1097:22:LL_I2C_DisableIT_ERR	16	static
stm32l1xx_ll_i2c.h:1129:26:LL_I2C_IsActiveFlag_TXE	16	static
stm32l1xx_ll_i2c.h:1142:26:LL_I2C_IsActiveFlag_BTF	16	static
stm32l1xx_ll_i2c.h:1168:26:LL_I2C_IsActiveFlag_SB	16	static
stm32l1xx_ll_i2c.h:1181:26:LL_I2C_IsActiveFlag_ADDR	16	static
stm32l1xx_ll_i2c.h:1396:22:LL_I2C_ClearFlag_ADDR	24	static
stm32l1xx_ll_i2c.h:1554:22:LL_I2C_AcknowledgeNextData	16	static
stm32l1xx_ll_i2c.h:1567:22:LL_I2C_GenerateStartCondition	16	static
stm32l1xx_ll_i2c.h:1578:22:LL_I2C_GenerateStopCondition	16	static
stm32l1xx_ll_i2c.h:1628:26:LL_I2C_GetTransferDirection	16	static
stm32l1xx_ll_i2c.h:1640:22:LL_I2C_EnableLastDMA	16	static
stm32l1xx_ll_i2c.h:1740:22:LL_I2C_TransmitData8	16	static
stm32l1xx_ll_adc.h:2129:26:LL_ADC_DMA_GetRegAddr	16	static
stm32l1xx_ll_adc.h:2732:22:LL_ADC_REG_SetSequencerLength	16	static
stm32l1xx_ll_adc.h:2971:22:LL_ADC_REG_SetSequencerRanks	40	static,ignoring_inline_asm
stm32l1xx_ll_adc.h:3189:22:LL_ADC_REG_SetDMATransfer	16	static
stm32l1xx_ll_adc.h:3856:22:LL_ADC_SetChannelSamplingTime	56	static,ignoring_inline_asm
stm32l1xx_ll_adc.h:4430:22:LL_ADC_Enable	16	static
stm32l1xx_ll_adc.h:4450:22:LL_ADC_Disable	16	static
stm32l1xx_ll_adc.h:4461:26:LL_ADC_IsEnabled	16	static
stm32l1xx_ll_adc.h:4490:22:LL_ADC_REG_StartConversionSWStart	16	static
stm32l1xx_ll_adc.h:4839:26:LL_ADC_IsActiveFlag_EOCS	16	static
stm32l1xx_ll_adc.h:4850:26:LL_ADC_IsActiveFlag_OVR	16	static
stm32l1xx_ll_adc.h:4892:22:LL_ADC_ClearFlag_EOCS	16	static
stm32l1xx_ll_adc.h:4903:22:LL_ADC_ClearFlag_OVR	16	static
stm32l1xx_ll_gpio.h:883:22:LL_GPIO_SetOutputPin	16	static
stm32l1xx_ll_gpio.h:913:22:LL_GPIO_ResetOutputPin	16	static
container.c:161:12:xContainerSendRequest	48	static
container.c:381:13:prvDMATask	80	static
container.c:715:6:vStartDMATask	104	static,ignoring_inline_asm
container.c:771:6:vTimerUSART2Callback	32	static
container.c:787:13:xContainerGPIOwrite	24	static
container.c:816:6:DMA1_Channel2_IRQHandler	16	static,ignoring_inline_asm
container.c:875:6:SPI1_IRQHandler	16	static,ignoring_inline_asm
container.c:914:6:DMA1_Channel3_IRQHandler	8	static
container.c:944:6:DMA1_Channel7_IRQHandler	8	static
container.c:971:6:DMA1_Channel6_IRQHandler	32	static,ignoring_inline_asm
container.c:1023:6:USART2_IRQHandler	40	static,ignoring_inline_asm
container.c:1109:6:I2C2_EV_IRQHandler	16	static,ignoring_inline_asm
container.c:1198:6:DMA1_Channel4_IRQHandler	8	static
container.c:1234:6:DMA1_Channel5_IRQHandler	16	static,ignoring_inline_asm
container.c:1279:6:I2C2_ER_IRQHandler	16	static
container.c:1311:6:DMA1_Channel1_IRQHandler	16	static
container.c:1344:6:ADC1_IRQHandler	8	static
container.c:1370:13:SPI1_TransferError_Callback	4	static
container.c:1376:13:USART2_TransferError_Callback	4	static
