core_cm3.h:1499:26:__NVIC_GetPriorityGrouping	4	static
core_cm3.h:1511:22:__NVIC_EnableIRQ	16	static
core_cm3.h:1639:22:__NVIC_SetPriority	16	static
core_cm3.h:1686:26:NVIC_EncodePriority	40	static
stm32l1xx_ll_dma.h:564:22:LL_DMA_ConfigTransfer	24	static
stm32l1xx_ll_dma.h:590:22:LL_DMA_SetDataTransferDirection	24	static
stm32l1xx_ll_dma.h:639:22:LL_DMA_SetMode	24	static
stm32l1xx_ll_dma.h:684:22:LL_DMA_SetPeriphIncMode	24	static
stm32l1xx_ll_dma.h:729:22:LL_DMA_SetMemoryIncMode	24	static
stm32l1xx_ll_dma.h:775:22:LL_DMA_SetPeriphSize	24	static
stm32l1xx_ll_dma.h:822:22:LL_DMA_SetMemorySize	24	static
stm32l1xx_ll_dma.h:870:22:LL_DMA_SetChannelPriorityLevel	24	static
stm32l1xx_ll_dma.h:939:26:LL_DMA_GetDataLength	16	static
stm32l1xx_ll_dma.h:1024:22:LL_DMA_SetPeriphAddress	24	static
stm32l1xx_ll_dma.h:1799:22:LL_DMA_EnableIT_TC	16	static
stm32l1xx_ll_dma.h:1837:22:LL_DMA_EnableIT_TE	16	static
stm32l1xx_ll_bus.h:216:22:LL_AHB1_GRP1_EnableClock	24	static
stm32l1xx_ll_bus.h:531:22:LL_APB1_GRP1_EnableClock	24	static
stm32l1xx_ll_bus.h:895:22:LL_APB2_GRP1_EnableClock	24	static
stm32l1xx_ll_usart.h:409:22:LL_USART_Enable	16	static
stm32l1xx_ll_usart.h:1478:22:LL_USART_ConfigAsyncMode	16	static
stm32l1xx_ll_usart.h:1802:26:LL_USART_IsActiveFlag_TC	16	static
stm32l1xx_ll_usart.h:1813:26:LL_USART_IsActiveFlag_TXE	16	static
stm32l1xx_ll_usart.h:2425:22:LL_USART_TransmitData8	16	static
stm32l1xx_ll_spi.h:340:22:LL_SPI_SetMode	16	static
stm32l1xx_ll_spi.h:400:22:LL_SPI_SetClockPhase	16	static
stm32l1xx_ll_spi.h:429:22:LL_SPI_SetClockPolarity	16	static
stm32l1xx_ll_spi.h:463:22:LL_SPI_SetBaudRatePrescaler	16	static
stm32l1xx_ll_spi.h:530:22:LL_SPI_SetTransferDirection	16	static
stm32l1xx_ll_spi.h:561:22:LL_SPI_SetDataWidth	16	static
stm32l1xx_ll_spi.h:606:22:LL_SPI_DisableCRC	16	static
stm32l1xx_ll_spi.h:700:22:LL_SPI_SetNSSMode	16	static
stm32l1xx_ll_gpio.h:274:22:LL_GPIO_SetPinMode	40	static,ignoring_inline_asm
stm32l1xx_ll_gpio.h:414:22:LL_GPIO_SetPinSpeed	40	static,ignoring_inline_asm
stm32l1xx_ll_gpio.h:485:22:LL_GPIO_SetPinPull	40	static,ignoring_inline_asm
stm32l1xx_ll_gpio.h:557:22:LL_GPIO_SetAFPin_0_7	40	static,ignoring_inline_asm
main.c:147:13:prvPLCTask	144	static
main.c:262:6:user_pwm_setvalue	40	static
main.c:283:5:main	8	static
main.c:372:6:SystemClock_Config	80	static
main.c:409:13:MX_USART2_UART_Init_ll	64	static
main.c:516:13:MX_GPIO_Init	48	static
main.c:583:6:HAL_UART_ErrorCallback	16	static
main.c:601:6:HAL_TIM_PeriodElapsedCallback	32	static
main.c:642:6:usart_rx_check	16	static
main.c:678:6:usart_process_data	24	static
main.c:714:6:Error_Handler	4	static
main.c:722:6:vApplicationStackOverflowHook	16	static
main.c:732:6:vApplicationMallocFailedHook	4	static
main.c:744:6:vApplicationGetIdleTaskMemory	24	static
main.c:769:6:vApplicationGetTimerTaskMemory	24	static
main.c:792:23:vHandleMemoryFault	24	static
main.c:856:13:MX_TIM3_Init	32	static
main.c:906:13:MX_TIM4_Init	56	static
main.c:955:13:MX_TIM7_Init	16	static
main.c:998:6:HAL_TIM_OC_MspInit	24	static
main.c:1023:6:HAL_TIM_Encoder_MspInit	48	static
main.c:1059:6:HAL_TIM_Base_MspInit	24	static
main.c:1078:6:HAL_TIM_MspPostInit	40	static
main.c:1110:6:HAL_TIM_OC_MspDeInit	16	static
main.c:1135:6:HAL_TIM_Encoder_MspDeInit	16	static
main.c:1164:6:HAL_TIM_Base_MspDeInit	16	static
main.c:1185:6:TIM7_IRQHandler	8	static
main.c:1196:6:TIM3_IRQHandler	8	static
main.c:1209:13:MX_SPI1_Init_ll	8	static
