Archive member included to satisfy reference by file (symbol)

c:/st/stm32cubeide_1.8.0/stm32cubeide/plugins/com.st.stm32cube.ide.mcu.externaltools.gnu-tools-for-stm32.9-2020-q2-update.win32_2.0.0.202105311346/tools/bin/../lib/gcc/arm-none-eabi/9.3.1/../../../../arm-none-eabi/lib/thumb/v7-m/nofp\libc_nano.a(lib_a-errno.o)
                              ./Startup/syscalls.o (__errno)
c:/st/stm32cubeide_1.8.0/stm32cubeide/plugins/com.st.stm32cube.ide.mcu.externaltools.gnu-tools-for-stm32.9-2020-q2-update.win32_2.0.0.202105311346/tools/bin/../lib/gcc/arm-none-eabi/9.3.1/../../../../arm-none-eabi/lib/thumb/v7-m/nofp\libc_nano.a(lib_a-exit.o)
                              c:/st/stm32cubeide_1.8.0/stm32cubeide/plugins/com.st.stm32cube.ide.mcu.externaltools.gnu-tools-for-stm32.9-2020-q2-update.win32_2.0.0.202105311346/tools/bin/../lib/gcc/arm-none-eabi/9.3.1/../../../../arm-none-eabi/lib/thumb/v7-m/nofp/crt0.o (exit)
c:/st/stm32cubeide_1.8.0/stm32cubeide/plugins/com.st.stm32cube.ide.mcu.externaltools.gnu-tools-for-stm32.9-2020-q2-update.win32_2.0.0.202105311346/tools/bin/../lib/gcc/arm-none-eabi/9.3.1/../../../../arm-none-eabi/lib/thumb/v7-m/nofp\libc_nano.a(lib_a-impure.o)
                              c:/st/stm32cubeide_1.8.0/stm32cubeide/plugins/com.st.stm32cube.ide.mcu.externaltools.gnu-tools-for-stm32.9-2020-q2-update.win32_2.0.0.202105311346/tools/bin/../lib/gcc/arm-none-eabi/9.3.1/../../../../arm-none-eabi/lib/thumb/v7-m/nofp\libc_nano.a(lib_a-exit.o) (_global_impure_ptr)
c:/st/stm32cubeide_1.8.0/stm32cubeide/plugins/com.st.stm32cube.ide.mcu.externaltools.gnu-tools-for-stm32.9-2020-q2-update.win32_2.0.0.202105311346/tools/bin/../lib/gcc/arm-none-eabi/9.3.1/../../../../arm-none-eabi/lib/thumb/v7-m/nofp\libc_nano.a(lib_a-init.o)
                              c:/st/stm32cubeide_1.8.0/stm32cubeide/plugins/com.st.stm32cube.ide.mcu.externaltools.gnu-tools-for-stm32.9-2020-q2-update.win32_2.0.0.202105311346/tools/bin/../lib/gcc/arm-none-eabi/9.3.1/../../../../arm-none-eabi/lib/thumb/v7-m/nofp/crt0.o (__libc_init_array)
c:/st/stm32cubeide_1.8.0/stm32cubeide/plugins/com.st.stm32cube.ide.mcu.externaltools.gnu-tools-for-stm32.9-2020-q2-update.win32_2.0.0.202105311346/tools/bin/../lib/gcc/arm-none-eabi/9.3.1/../../../../arm-none-eabi/lib/thumb/v7-m/nofp\libc_nano.a(lib_a-memcpy-stub.o)
                              ./Demo/mpu_demo.o (memcpy)
c:/st/stm32cubeide_1.8.0/stm32cubeide/plugins/com.st.stm32cube.ide.mcu.externaltools.gnu-tools-for-stm32.9-2020-q2-update.win32_2.0.0.202105311346/tools/bin/../lib/gcc/arm-none-eabi/9.3.1/../../../../arm-none-eabi/lib/thumb/v7-m/nofp\libc_nano.a(lib_a-memset.o)
                              c:/st/stm32cubeide_1.8.0/stm32cubeide/plugins/com.st.stm32cube.ide.mcu.externaltools.gnu-tools-for-stm32.9-2020-q2-update.win32_2.0.0.202105311346/tools/bin/../lib/gcc/arm-none-eabi/9.3.1/../../../../arm-none-eabi/lib/thumb/v7-m/nofp/crt0.o (memset)
c:/st/stm32cubeide_1.8.0/stm32cubeide/plugins/com.st.stm32cube.ide.mcu.externaltools.gnu-tools-for-stm32.9-2020-q2-update.win32_2.0.0.202105311346/tools/bin/../lib/gcc/arm-none-eabi/9.3.1/../../../../arm-none-eabi/lib/thumb/v7-m/nofp\libc_nano.a(lib_a-strlen.o)
                              ./FreeRTOS/tasks.o (strlen)
c:/st/stm32cubeide_1.8.0/stm32cubeide/plugins/com.st.stm32cube.ide.mcu.externaltools.gnu-tools-for-stm32.9-2020-q2-update.win32_2.0.0.202105311346/tools/bin/../lib/gcc/arm-none-eabi/9.3.1/thumb/v7-m/nofp\libgcc.a(_arm_muldf3.o)
                              ./ST_Code/LIB-PRINTF/printf.o (__aeabi_dmul)
c:/st/stm32cubeide_1.8.0/stm32cubeide/plugins/com.st.stm32cube.ide.mcu.externaltools.gnu-tools-for-stm32.9-2020-q2-update.win32_2.0.0.202105311346/tools/bin/../lib/gcc/arm-none-eabi/9.3.1/thumb/v7-m/nofp\libgcc.a(_arm_addsubdf3.o)
                              ./ST_Code/LIB-PRINTF/printf.o (__aeabi_dsub)
c:/st/stm32cubeide_1.8.0/stm32cubeide/plugins/com.st.stm32cube.ide.mcu.externaltools.gnu-tools-for-stm32.9-2020-q2-update.win32_2.0.0.202105311346/tools/bin/../lib/gcc/arm-none-eabi/9.3.1/thumb/v7-m/nofp\libgcc.a(_arm_muldivdf3.o)
                              ./ST_Code/LIB-PRINTF/printf.o (__aeabi_ddiv)
c:/st/stm32cubeide_1.8.0/stm32cubeide/plugins/com.st.stm32cube.ide.mcu.externaltools.gnu-tools-for-stm32.9-2020-q2-update.win32_2.0.0.202105311346/tools/bin/../lib/gcc/arm-none-eabi/9.3.1/thumb/v7-m/nofp\libgcc.a(_arm_cmpdf2.o)
                              ./ST_Code/LIB-PRINTF/printf.o (__aeabi_dcmpeq)
c:/st/stm32cubeide_1.8.0/stm32cubeide/plugins/com.st.stm32cube.ide.mcu.externaltools.gnu-tools-for-stm32.9-2020-q2-update.win32_2.0.0.202105311346/tools/bin/../lib/gcc/arm-none-eabi/9.3.1/thumb/v7-m/nofp\libgcc.a(_arm_fixdfsi.o)
                              ./ST_Code/LIB-PRINTF/printf.o (__aeabi_d2iz)
[...]
Memory Configuration

Name             Origin             Length             Attributes
RAM              0x0000000020000000 0x0000000000010000 xrw
RAM_UNUSED       0x0000000020010000 0x0000000000004000 xrw
FLASH            0x0000000008000000 0x0000000000080000 xr
*default*        0x0000000000000000 0xffffffffffffffff

Linker script and memory map

LOAD c:/st/stm32cubeide_1.8.0/stm32cubeide/plugins/com.st.stm32cube.ide.mcu.externaltools.gnu-tools-for-stm32.9-2020-q2-update.win32_2.0.0.202105311346/tools/bin/../lib/gcc/arm-none-eabi/9.3.1/thumb/v7-m/nofp/crti.o
LOAD c:/st/stm32cubeide_1.8.0/stm32cubeide/plugins/com.st.stm32cube.ide.mcu.externaltools.gnu-tools-for-stm32.9-2020-q2-update.win32_2.0.0.202105311346/tools/bin/../lib/gcc/arm-none-eabi/9.3.1/thumb/v7-m/nofp/crtbegin.o
LOAD c:/st/stm32cubeide_1.8.0/stm32cubeide/plugins/com.st.stm32cube.ide.mcu.externaltools.gnu-tools-for-stm32.9-2020-q2-update.win32_2.0.0.202105311346/tools/bin/../lib/gcc/arm-none-eabi/9.3.1/../../../../arm-none-eabi/lib/thumb/v7-m/nofp/crt0.o
LOAD ./Demo/app_main.o
LOAD ./Demo/mpu_demo.o
LOAD ./FreeRTOS/container.o
LOAD ./FreeRTOS/croutine.o
LOAD ./FreeRTOS/event_groups.o
LOAD ./FreeRTOS/list.o
LOAD ./FreeRTOS/queue.o
LOAD ./FreeRTOS/stream_buffer.o
LOAD ./FreeRTOS/tasks.o
LOAD ./FreeRTOS/timers.o
LOAD ./FreeRTOS/portable/Common/mpu_wrappers.o
LOAD ./FreeRTOS/portable/GCC/ARM_CM3_MPU/port.o
LOAD ./FreeRTOS/portable/MemMang/heap_4.o
LOAD ./ST_Code/Core/LIB-MB85RS64V/Src/MB85RS64V.o
LOAD ./ST_Code/Core/Src/main.o
LOAD ./ST_Code/Core/Src/stm32l1xx_hal_timebase_tim.o
LOAD ./ST_Code/Core/Src/stm32l1xx_it.o
LOAD ./ST_Code/Core/Src/system_stm32l1xx.o
LOAD ./ST_Code/Drivers/STM32L1xx_HAL_Driver/Src/stm32l1xx_hal.o
LOAD ./ST_Code/Drivers/STM32L1xx_HAL_Driver/Src/stm32l1xx_hal_cortex.o
LOAD ./ST_Code/Drivers/STM32L1xx_HAL_Driver/Src/stm32l1xx_hal_dma.o
LOAD ./ST_Code/Drivers/STM32L1xx_HAL_Driver/Src/stm32l1xx_hal_flash.o
LOAD ./ST_Code/Drivers/STM32L1xx_HAL_Driver/Src/stm32l1xx_hal_flash_ex.o
LOAD ./ST_Code/Drivers/STM32L1xx_HAL_Driver/Src/stm32l1xx_hal_flash_ramfunc.o
LOAD ./ST_Code/Drivers/STM32L1xx_HAL_Driver/Src/stm32l1xx_hal_gpio.o
LOAD ./ST_Code/Drivers/STM32L1xx_HAL_Driver/Src/stm32l1xx_hal_pwr.o
LOAD ./ST_Code/Drivers/STM32L1xx_HAL_Driver/Src/stm32l1xx_hal_pwr_ex.o
LOAD ./ST_Code/Drivers/STM32L1xx_HAL_Driver/Src/stm32l1xx_hal_rcc.o
LOAD ./ST_Code/Drivers/STM32L1xx_HAL_Driver/Src/stm32l1xx_hal_rcc_ex.o
LOAD ./ST_Code/Drivers/STM32L1xx_HAL_Driver/Src/stm32l1xx_hal_tim.o
LOAD ./ST_Code/Drivers/STM32L1xx_HAL_Driver/Src/stm32l1xx_hal_tim_ex.o
LOAD ./ST_Code/Drivers/STM32L1xx_HAL_Driver/Src/stm32l1xx_hal_uart.o
LOAD ./ST_Code/Drivers/STM32L1xx_HAL_Driver/Src/stm32l1xx_ll_dma.o
LOAD ./ST_Code/Drivers/STM32L1xx_HAL_Driver/Src/stm32l1xx_ll_exti.o
LOAD ./ST_Code/Drivers/STM32L1xx_HAL_Driver/Src/stm32l1xx_ll_gpio.o
LOAD ./ST_Code/Drivers/STM32L1xx_HAL_Driver/Src/stm32l1xx_ll_i2c.o
LOAD ./ST_Code/Drivers/STM32L1xx_HAL_Driver/Src/stm32l1xx_ll_pwr.o
LOAD ./ST_Code/Drivers/STM32L1xx_HAL_Driver/Src/stm32l1xx_ll_rcc.o
LOAD ./ST_Code/Drivers/STM32L1xx_HAL_Driver/Src/stm32l1xx_ll_spi.o
LOAD ./ST_Code/Drivers/STM32L1xx_HAL_Driver/Src/stm32l1xx_ll_usart.o
LOAD ./ST_Code/Drivers/STM32L1xx_HAL_Driver/Src/stm32l1xx_ll_utils.o
LOAD ./ST_Code/LIB-PRINTF/printf.o
LOAD ./ST_Code/trace/trcKernelPort.o
LOAD ./ST_Code/trace/trcSnapshotRecorder.o
LOAD ./ST_Code/trace/trcStreamingRecorder.o
LOAD ./Startup/memfault_handler.o
LOAD ./Startup/startup_stm32l152retx.o
LOAD ./Startup/syscalls.o
LOAD ./Startup/sysmem.o
START GROUP
LOAD c:/st/stm32cubeide_1.8.0/stm32cubeide/plugins/com.st.stm32cube.ide.mcu.externaltools.gnu-tools-for-stm32.9-2020-q2-update.win32_2.0.0.202105311346/tools/bin/../lib/gcc/arm-none-eabi/9.3.1/../../../../arm-none-eabi/lib/thumb/v7-m/nofp\libc_nano.a
LOAD c:/st/stm32cubeide_1.8.0/stm32cubeide/plugins/com.st.stm32cube.ide.mcu.externaltools.gnu-tools-for-stm32.9-2020-q2-update.win32_2.0.0.202105311346/tools/bin/../lib/gcc/arm-none-eabi/9.3.1/../../../../arm-none-eabi/lib/thumb/v7-m/nofp\libm.a
END GROUP
START GROUP
LOAD c:/st/stm32cubeide_1.8.0/stm32cubeide/plugins/com.st.stm32cube.ide.mcu.externaltools.gnu-tools-for-stm32.9-2020-q2-update.win32_2.0.0.202105311346/tools/bin/../lib/gcc/arm-none-eabi/9.3.1/thumb/v7-m/nofp\libgcc.a
LOAD c:/st/stm32cubeide_1.8.0/stm32cubeide/plugins/com.st.stm32cube.ide.mcu.externaltools.gnu-tools-for-stm32.9-2020-q2-update.win32_2.0.0.202105311346/tools/bin/../lib/gcc/arm-none-eabi/9.3.1/../../../../arm-none-eabi/lib/thumb/v7-m/nofp\libc_nano.a
END GROUP
START GROUP
LOAD c:/st/stm32cubeide_1.8.0/stm32cubeide/plugins/com.st.stm32cube.ide.mcu.externaltools.gnu-tools-for-stm32.9-2020-q2-update.win32_2.0.0.202105311346/tools/bin/../lib/gcc/arm-none-eabi/9.3.1/thumb/v7-m/nofp\libgcc.a
LOAD c:/st/stm32cubeide_1.8.0/stm32cubeide/plugins/com.st.stm32cube.ide.mcu.externaltools.gnu-tools-for-stm32.9-2020-q2-update.win32_2.0.0.202105311346/tools/bin/../lib/gcc/arm-none-eabi/9.3.1/../../../../arm-none-eabi/lib/thumb/v7-m/nofp\libc_nano.a
LOAD c:/st/stm32cubeide_1.8.0/stm32cubeide/plugins/com.st.stm32cube.ide.mcu.externaltools.gnu-tools-for-stm32.9-2020-q2-update.win32_2.0.0.202105311346/tools/bin/../lib/gcc/arm-none-eabi/9.3.1/../../../../arm-none-eabi/lib/thumb/v7-m/nofp\libnosys.a
END GROUP
START GROUP
LOAD c:/st/stm32cubeide_1.8.0/stm32cubeide/plugins/com.st.stm32cube.ide.mcu.externaltools.gnu-tools-for-stm32.9-2020-q2-update.win32_2.0.0.202105311346/tools/bin/../lib/gcc/arm-none-eabi/9.3.1/thumb/v7-m/nofp\libgcc.a
LOAD c:/st/stm32cubeide_1.8.0/stm32cubeide/plugins/com.st.stm32cube.ide.mcu.externaltools.gnu-tools-for-stm32.9-2020-q2-update.win32_2.0.0.202105311346/tools/bin/../lib/gcc/arm-none-eabi/9.3.1/../../../../arm-none-eabi/lib/thumb/v7-m/nofp\libc_nano.a
LOAD c:/st/stm32cubeide_1.8.0/stm32cubeide/plugins/com.st.stm32cube.ide.mcu.externaltools.gnu-tools-for-stm32.9-2020-q2-update.win32_2.0.0.202105311346/tools/bin/../lib/gcc/arm-none-eabi/9.3.1/../../../../arm-none-eabi/lib/thumb/v7-m/nofp\libnosys.a
END GROUP
LOAD c:/st/stm32cubeide_1.8.0/stm32cubeide/plugins/com.st.stm32cube.ide.mcu.externaltools.gnu-tools-for-stm32.9-2020-q2-update.win32_2.0.0.202105311346/tools/bin/../lib/gcc/arm-none-eabi/9.3.1/thumb/v7-m/nofp/crtend.o
LOAD c:/st/stm32cubeide_1.8.0/stm32cubeide/plugins/com.st.stm32cube.ide.mcu.externaltools.gnu-tools-for-stm32.9-2020-q2-update.win32_2.0.0.202105311346/tools/bin/../lib/gcc/arm-none-eabi/9.3.1/thumb/v7-m/nofp/crtn.o
                0x0000000020010000                _estack = (ORIGIN (RAM) + LENGTH (RAM))
                0x0000000000000200                _Min_Heap_Size = 0x200
                0x0000000000000400                _Min_Stack_Size = 0x400
                0x0000000000008000                __privileged_functions_region_size__ = 0x8000
                0x0000000000001000                __syscall_functions_region_size__ = 0x1000
                0x0000000000008000                __privileged_data_region_size__ = 0x8000
                0x0000000008000000                __FLASH_segment_start__ = ORIGIN (FLASH)
                0x0000000008080000                __FLASH_segment_end__ = (__FLASH_segment_start__ + LENGTH (FLASH))
                0x0000000020000000                __SRAM_segment_start__ = ORIGIN (RAM)
                0x0000000020010000                __SRAM_segment_end__ = (__SRAM_segment_start__ + LENGTH (RAM))
                0x0000000008000000                __privileged_functions_start__ = __FLASH_segment_start__
                0x0000000008008000                __privileged_functions_end__ = (__FLASH_segment_start__ + __privileged_functions_region_size__)
                0x0000000020000000                __privileged_data_start__ = __SRAM_segment_start__
                0x0000000020008000                __privileged_data_end__ = (__SRAM_segment_start__ + __privileged_data_region_size__)
                0x0000000008008000                __syscalls_flash_start__ = __privileged_functions_end__
                0x0000000008009000                __syscalls_flash_end__ = (__syscalls_flash_start__ + __syscall_functions_region_size__)

.privileged_functions
                0x0000000008000000     0x8000
                0x0000000008000000                . = ALIGN (0x4)
 *(.isr_vector)
 .isr_vector    0x0000000008000000      0x13c ./Startup/startup_stm32l152retx.o
                0x0000000008000000                g_pfnVectors
                0x000000000800013c                . = ALIGN (0x4)
 *(privileged_functions)
 privileged_functions
                0x000000000800013c       0x30 ./Demo/mpu_demo.o
 privileged_functions
                0x000000000800016c      0x3a8 ./FreeRTOS/container.o
                0x000000000800016c                xContainerSendRequest
 privileged_functions
                0x0000000008000514      0x64c ./FreeRTOS/event_groups.o
                0x0000000008000514                xEventGroupCreate
                0x0000000008000548                xEventGroupCreateStatic
                0x00000000080005b6                xEventGroupWaitBits
                0x0000000008000754                xEventGroupClearBits
                0x00000000080007c4                xEventGroupSetBits
                0x00000000080008da                xEventGroupSync
                0x0000000008000a38                xEventGroupGetBitsFromISR
                0x0000000008000a7e                vEventGroupDelete
                0x0000000008000ae8                vEventGroupSetBitsCallback
                0x0000000008000b02                vEventGroupClearBitsCallback
 privileged_functions
                0x0000000008000b60      0x15e ./FreeRTOS/list.o
                0x0000000008000b60                vListInitialise
                0x0000000008000b9e                vListInitialiseItem
                0x0000000008000bb6                vListInsert
                0x0000000008000c26                vListInsertEnd
                0x0000000008000c6c                uxListRemove
 *fill*         0x0000000008000cbe        0x2 
 privileged_functions
                0x0000000008000cc0     0x1914 ./FreeRTOS/queue.o
                0x0000000008000cc0                xQueueGenericSend
                0x0000000008000ef4                xQueuePeek
                0x00000000080010b8                xQueuePeekFromISR
                0x000000000800118a                xQueueReceive
                0x0000000008001348                uxQueueMessagesWaiting
                0x0000000008001384                uxQueueSpacesAvailable
                0x00000000080013ca                vQueueDelete
                0x0000000008001410                xQueueGenericSendFromISR
                0x0000000008001592                xQueueGiveFromISR
                0x00000000080016ec                xQueueReceiveFromISR
                0x000000000800180a                xQueueIsQueueEmptyFromISR
                0x0000000008001850                xQueueIsQueueFullFromISR
                0x000000000800189a                uxQueueMessagesWaitingFromISR
                0x00000000080018d4                xQueueCreateMutex
                0x0000000008001904                xQueueCreateMutexStatic
                0x000000000800193a                xQueueCreateCountingSemaphore
                0x00000000080019a0                xQueueCreateCountingSemaphoreStatic
                0x0000000008001a0e                xQueueSemaphoreTake
                0x0000000008001c24                xQueueGetMutexHolder
                0x0000000008001c56                xQueueGetMutexHolderFromISR
                0x0000000008001c9a                xQueueTakeMutexRecursive
                0x0000000008001d06                xQueueGiveMutexRecursive
                0x0000000008001d6e                vQueueAddToRegistry
                0x0000000008001dc0                vQueueUnregisterQueue
                0x0000000008001e14                pcQueueGetName
                0x0000000008001e60                xQueueGenericCreate
                0x0000000008001f08                xQueueGenericCreateStatic
                0x0000000008001ff8                xQueueCreateSet
                0x0000000008002016                xQueueAddToSet
                0x0000000008002058                xQueueRemoveFromSet
                0x00000000080020a0                xQueueSelectFromSet
                0x00000000080020c6                xQueueSelectFromSetFromISR
                0x00000000080020ea                vQueueWaitForMessageRestricted
                0x0000000008002152                xQueueGenericReset
 privileged_functions
                0x00000000080025d4      0xdaa ./FreeRTOS/stream_buffer.o
                0x00000000080025d4                xStreamBufferSend
                0x000000000800276a                xStreamBufferSendFromISR
                0x0000000008002850                xStreamBufferReceive
                0x0000000008002984                xStreamBufferReceiveFromISR
                0x0000000008002a66                vStreamBufferDelete
                0x0000000008002ab4                xStreamBufferIsFull
                0x0000000008002b14                xStreamBufferIsEmpty
                0x0000000008002b62                xStreamBufferReset
                0x0000000008002bce                xStreamBufferSpacesAvailable
                0x0000000008002c32                xStreamBufferBytesAvailable
                0x0000000008002c6c                xStreamBufferSetTriggerLevel
                0x0000000008002cc6                xStreamBufferSendCompletedFromISR
                0x0000000008002d50                xStreamBufferReceiveCompletedFromISR
                0x0000000008002dda                xStreamBufferGenericCreate
                0x0000000008002e90                xStreamBufferGenericCreateStatic
                0x0000000008002f92                xStreamBufferNextMessageLengthBytes
 *fill*         0x000000000800337e        0x2 
 privileged_functions
                0x0000000008003380     0x2b98 ./FreeRTOS/tasks.o
                0x0000000008003380                xTaskCreate
                0x000000000800340e                xTaskCreateStatic
                0x0000000008003514                xTaskCreateRestricted
                0x000000000800360c                xTaskCreateRestrictedStatic
                0x0000000008003718                vTaskAllocateMPURegions
                0x000000000800374c                vTaskDelete
                0x000000000800386c                vTaskDelay
                0x00000000080038d4                xTaskDelayUntil
                0x00000000080039d0                xTaskAbortDelay
                0x0000000008003aa0                uxTaskPriorityGet
                0x0000000008003ad4                uxTaskPriorityGetFromISR
                0x0000000008003b2c                eTaskGetState
                0x0000000008003c20                vTaskPrioritySet
                0x0000000008003d74                vTaskSuspend
                0x0000000008003eb4                vTaskResume
                0x0000000008003f70                xTaskResumeFromISR
                0x000000000800405c                vTaskStartScheduler
                0x0000000008004138                vTaskEndScheduler
                0x0000000008004168                vTaskSuspendAll
                0x0000000008004184                xTaskResumeAll
                0x00000000080042bc                xTaskGetTickCount
                0x00000000080042d8                xTaskGetTickCountFromISR
                0x00000000080042fc                uxTaskGetNumberOfTasks
                0x0000000008004310                pcTaskGetName
                0x0000000008004358                xTaskGetHandle
                0x0000000008004424                uxTaskGetStackHighWaterMark
                0x000000000800445c                vTaskSetApplicationTaskTag
                0x0000000008004494                xTaskGetApplicationTaskTag
                0x00000000080044c8                xTaskGetApplicationTaskTagFromISR
                0x0000000008004520                vTaskSetThreadLocalStoragePointer
                0x000000000800457c                pvTaskGetThreadLocalStoragePointer
                0x00000000080045c4                xTaskCallApplicationTaskHook
                0x0000000008004608                xTaskGetIdleTaskHandle
                0x0000000008004640                ulTaskGetIdleRunTimeCounter
                0x0000000008004658                xTaskGenericNotify
                0x0000000008004818                xTaskGenericNotifyFromISR
                0x0000000008004a1c                xTaskGenericNotifyWait
                0x0000000008004b1c                vTaskGenericNotifyGiveFromISR
                0x0000000008004c74                ulTaskGenericNotifyTake
                0x0000000008004d44                xTaskGenericNotifyStateClear
                0x0000000008004db8                ulTaskGenericNotifyValueClear
                0x0000000008004e14                vTaskSetTimeOutState
                0x0000000008004e60                xTaskCheckForTimeOut
                0x0000000008004f4c                xTaskCatchUpTicks
                0x0000000008004f9c                xTaskIncrementTick
                0x000000000800510c                vTaskPlaceOnEventList
                0x0000000008005154                vTaskPlaceOnUnorderedEventList
                0x00000000080051cc                vTaskPlaceOnEventListRestricted
                0x0000000008005224                xTaskRemoveFromEventList
                0x00000000080052e8                vTaskRemoveFromUnorderedEventList
                0x00000000080053ac                vTaskSwitchContext
                0x00000000080054e4                uxTaskResetEventItemValue
                0x0000000008005514                xTaskGetCurrentTaskHandle
                0x0000000008005530                vTaskMissedYield
                0x0000000008005548                xTaskGetSchedulerState
                0x0000000008005584                xTaskPriorityInherit
                0x0000000008005670                xTaskPriorityDisinherit
                0x0000000008005764                vTaskPriorityDisinheritAfterTimeout
                0x0000000008005880                pvTaskIncrementMutexHeldCount
                0x00000000080058a8                vTaskInternalSetTimeOutState
 privileged_functions
                0x0000000008005f18      0xa04 ./FreeRTOS/timers.o
                0x0000000008005f18                xTimerCreate
                0x0000000008005f5a                xTimerCreateStatic
                0x0000000008005fd6                pvTimerGetTimerID
                0x0000000008006016                vTimerSetTimerID
                0x0000000008006056                xTimerIsTimerActive
                0x00000000080060a8                xTimerGetTimerDaemonTaskHandle
                0x00000000080060e0                pcTimerGetName
                0x0000000008006116                vTimerSetReloadMode
                0x000000000800617c                uxTimerGetReloadMode
                0x00000000080061ce                xTimerGetPeriod
                0x0000000008006204                xTimerGetExpiryTime
                0x000000000800623e                xTimerCreateTimerTask
                0x00000000080062d4                xTimerGenericCommand
 *fill*         0x000000000800691c        0x4 
 privileged_functions
                0x0000000008006920      0x740 ./FreeRTOS/portable/GCC/ARM_CM3_MPU/port.o
                0x0000000008006920                pxPortInitialiseStack
                0x000000000800698c                xPortStartScheduler
                0x0000000008006aa8                vPortEndScheduler
                0x0000000008006adc                vPortStoreTaskMPUSettings
                0x0000000008006e9c                PendSV_Handler
                0x0000000008006f28                SysTick_Handler
                0x0000000008006f58                SVC_Handler
 privileged_functions
                0x0000000008007060      0x40c ./FreeRTOS/portable/MemMang/heap_4.o
                0x0000000008007060                pvPortMalloc
                0x0000000008007200                vPortFree
                0x00000000080072c4                vPortInitialiseBlocks
                0x00000000080072d0                xPortGetFreeHeapSize
                0x00000000080072e4                xPortGetMinimumEverFreeHeapSize
                0x000000000800746c                . = ALIGN (0x4)
 FILL mask 0xdead
                0x0000000000008000                . = __privileged_functions_region_size__
 *fill*         0x000000000800746c      0xb94 dead

.text           0x0000000008008000     0x849c
                0x0000000008008000                . = ALIGN (0x4)
 *(freertos_system_calls)
 freertos_system_calls
                0x0000000008008000      0xf14 ./FreeRTOS/portable/Common/mpu_wrappers.o
                0x0000000008008000                MPU_xTaskCreate
                0x000000000800803c                MPU_xTaskCreateStatic
                0x000000000800807a                MPU_xTaskCreateRestricted
                0x00000000080080a4                MPU_xTaskCreateRestrictedStatic
                0x00000000080080ce                MPU_vTaskAllocateMPURegions
                0x00000000080080f4                MPU_vTaskDelete
                0x0000000008008116                MPU_vTaskDelay
                0x0000000008008138                MPU_xTaskDelayUntil
                0x0000000008008162                MPU_xTaskAbortDelay
                0x0000000008008188                MPU_uxTaskPriorityGet
                0x00000000080081ae                MPU_eTaskGetState
                0x00000000080081d6                MPU_vTaskPrioritySet
                0x00000000080081fc                MPU_vTaskSuspend
                0x000000000800821e                MPU_vTaskResume
                0x0000000008008240                MPU_vTaskSuspendAll
                0x000000000800825e                MPU_xTaskResumeAll
                0x0000000008008280                MPU_xTaskGetTickCount
                0x00000000080082a2                MPU_uxTaskGetNumberOfTasks
                0x00000000080082c4                MPU_pcTaskGetName
                0x00000000080082ea                MPU_xTaskGetHandle
                0x0000000008008310                MPU_uxTaskGetStackHighWaterMark
                0x0000000008008336                MPU_vTaskSetApplicationTaskTag
                0x000000000800835c                MPU_xTaskGetApplicationTaskTag
                0x0000000008008382                MPU_vTaskSetThreadLocalStoragePointer
                0x00000000080083ac                MPU_pvTaskGetThreadLocalStoragePointer
                0x00000000080083d6                MPU_xTaskCallApplicationTaskHook
                0x0000000008008400                MPU_xTaskGetIdleTaskHandle
                0x0000000008008422                MPU_ulTaskGetIdleRunTimeCounter
                0x0000000008008444                MPU_xTaskGenericNotify
                0x000000000800847c                MPU_xTaskGenericNotifyWait
                0x00000000080084b2                MPU_ulTaskGenericNotifyTake
                0x00000000080084e0                MPU_xTaskGenericNotifyStateClear
                0x000000000800850a                MPU_ulTaskGenericNotifyValueClear
                0x0000000008008538                MPU_xTaskGetCurrentTaskHandle
                0x000000000800855a                MPU_vTaskSetTimeOutState
                0x000000000800857c                MPU_xTaskCheckForTimeOut
                0x00000000080085a6                MPU_xTaskGetSchedulerState
                0x00000000080085c8                MPU_xTaskCatchUpTicks
                0x00000000080085ee                MPU_xQueueGenericSend
                0x0000000008008620                MPU_xQueueReceive
                0x000000000800864e                MPU_xQueuePeek
                0x000000000800867c                MPU_xQueueSemaphoreTake
                0x00000000080086a6                MPU_uxQueueMessagesWaiting
                0x00000000080086cc                MPU_uxQueueSpacesAvailable
                0x00000000080086f2                MPU_vQueueDelete
                0x0000000008008714                MPU_xQueueCreateMutex
                0x000000000800873e                MPU_xQueueCreateMutexStatic
                0x000000000800876c                MPU_xQueueCreateCountingSemaphore
                0x0000000008008796                MPU_xQueueCreateCountingSemaphoreStatic
                0x00000000080087c4                MPU_xQueueGetMutexHolder
                0x00000000080087ea                MPU_xQueueTakeMutexRecursive
                0x0000000008008814                MPU_xQueueGiveMutexRecursive
                0x000000000800883a                MPU_vQueueAddToRegistry
                0x0000000008008860                MPU_vQueueUnregisterQueue
                0x0000000008008882                MPU_pcQueueGetName
                0x00000000080088a8                MPU_xQueueGenericCreate
                0x00000000080088da                MPU_xQueueGenericCreateStatic
                0x0000000008008912                MPU_xQueueCreateSet
                0x0000000008008938                MPU_xQueueAddToSet
                0x0000000008008962                MPU_xQueueRemoveFromSet
                0x000000000800898c                MPU_xQueueSelectFromSet
                0x00000000080089b6                MPU_xQueueGenericReset
                0x00000000080089e0                MPU_xTimerCreate
                0x0000000008008a16                MPU_xTimerCreateStatic
                0x0000000008008a50                MPU_pvTimerGetTimerID
                0x0000000008008a76                MPU_vTimerSetTimerID
                0x0000000008008a9c                MPU_xTimerIsTimerActive
                0x0000000008008ac2                MPU_xTimerGetTimerDaemonTaskHandle
                0x0000000008008ae4                MPU_pcTimerGetName
                0x0000000008008b0a                MPU_vTimerSetReloadMode
                0x0000000008008b30                MPU_uxTimerGetReloadMode
                0x0000000008008b56                MPU_xTimerGetPeriod
                0x0000000008008b7c                MPU_xTimerGetExpiryTime
                0x0000000008008ba2                MPU_xTimerGenericCommand
                0x0000000008008bd8                MPU_xEventGroupCreate
                0x0000000008008bfa                MPU_xEventGroupCreateStatic
                0x0000000008008c20                MPU_xEventGroupWaitBits
                0x0000000008008c56                MPU_xEventGroupClearBits
                0x0000000008008c80                MPU_xEventGroupSetBits
                0x0000000008008caa                MPU_xEventGroupSync
                0x0000000008008cdc                MPU_vEventGroupDelete
                0x0000000008008cfe                MPU_xStreamBufferSend
                0x0000000008008d30                MPU_xStreamBufferReceive
                0x0000000008008d62                MPU_xStreamBufferNextMessageLengthBytes
                0x0000000008008d88                MPU_vStreamBufferDelete
                0x0000000008008daa                MPU_xStreamBufferIsFull
                0x0000000008008dd0                MPU_xStreamBufferIsEmpty
                0x0000000008008df6                MPU_xStreamBufferReset
                0x0000000008008e1c                MPU_xStreamBufferSpacesAvailable
                0x0000000008008e42                MPU_xStreamBufferBytesAvailable
                0x0000000008008e68                MPU_xStreamBufferSetTriggerLevel
                0x0000000008008e92                MPU_xStreamBufferGenericCreate
                0x0000000008008ec0                MPU_xStreamBufferGenericCreateStatic
                0x0000000008008ef6                xPortRaisePrivilege
                0x0000000008008f14                . = ALIGN (0x4)
 FILL mask 0xdead
                0x0000000000001000                . = __syscall_functions_region_size__
 *fill*         0x0000000008008f14       0xec dead
                0x0000000008009000                . = ALIGN (0x4)
 *(.text)
 .text          0x0000000008009000       0x40 c:/st/stm32cubeide_1.8.0/stm32cubeide/plugins/com.st.stm32cube.ide.mcu.externaltools.gnu-tools-for-stm32.9-2020-q2-update.win32_2.0.0.202105311346/tools/bin/../lib/gcc/arm-none-eabi/9.3.1/thumb/v7-m/nofp/crtbegin.o
 .text          0x0000000008009040       0x10 c:/st/stm32cubeide_1.8.0/stm32cubeide/plugins/com.st.stm32cube.ide.mcu.externaltools.gnu-tools-for-stm32.9-2020-q2-update.win32_2.0.0.202105311346/tools/bin/../lib/gcc/arm-none-eabi/9.3.1/../../../../arm-none-eabi/lib/thumb/v7-m/nofp\libc_nano.a(lib_a-strlen.o)
                0x0000000008009040                strlen
 .text          0x0000000008009050      0x378 c:/st/stm32cubeide_1.8.0/stm32cubeide/plugins/com.st.stm32cube.ide.mcu.externaltools.gnu-tools-for-stm32.9-2020-q2-update.win32_2.0.0.202105311346/tools/bin/../lib/gcc/arm-none-eabi/9.3.1/thumb/v7-m/nofp\libgcc.a(_arm_addsubdf3.o)
                0x0000000008009050                __aeabi_drsub
                0x0000000008009058                __aeabi_dsub
                0x0000000008009058                __subdf3
                0x000000000800905c                __aeabi_dadd
                0x000000000800905c                __adddf3
                0x00000000080092d4                __floatunsidf
                0x00000000080092d4                __aeabi_ui2d
                0x00000000080092f4                __floatsidf
                0x00000000080092f4                __aeabi_i2d
                0x0000000008009318                __aeabi_f2d
                0x0000000008009318                __extendsfdf2
                0x000000000800935c                __floatundidf
                0x000000000800935c                __aeabi_ul2d
                0x000000000800936c                __floatdidf
                0x000000000800936c                __aeabi_l2d
 .text          0x00000000080093c8      0x424 c:/st/stm32cubeide_1.8.0/stm32cubeide/plugins/com.st.stm32cube.ide.mcu.externaltools.gnu-tools-for-stm32.9-2020-q2-update.win32_2.0.0.202105311346/tools/bin/../lib/gcc/arm-none-eabi/9.3.1/thumb/v7-m/nofp\libgcc.a(_arm_muldivdf3.o)
                0x00000000080093c8                __aeabi_dmul
                0x00000000080093c8                __muldf3
                0x000000000800961c                __divdf3
                0x000000000800961c                __aeabi_ddiv
 .text          0x00000000080097ec      0x110 c:/st/stm32cubeide_1.8.0/stm32cubeide/plugins/com.st.stm32cube.ide.mcu.externaltools.gnu-tools-for-stm32.9-2020-q2-update.win32_2.0.0.202105311346/tools/bin/../lib/gcc/arm-none-eabi/9.3.1/thumb/v7-m/nofp\libgcc.a(_arm_cmpdf2.o)
                0x00000000080097ec                __gtdf2
                0x00000000080097ec                __gedf2
                0x00000000080097f4                __ltdf2
                0x00000000080097f4                __ledf2
                0x00000000080097fc                __nedf2
                0x00000000080097fc                __eqdf2
                0x00000000080097fc                __cmpdf2
                0x0000000008009878                __aeabi_cdrcmple
                0x0000000008009888                __aeabi_cdcmpeq
                0x0000000008009888                __aeabi_cdcmple
                0x0000000008009898                __aeabi_dcmpeq
                0x00000000080098ac                __aeabi_dcmplt
                0x00000000080098c0                __aeabi_dcmple
                0x00000000080098d4                __aeabi_dcmpge
                0x00000000080098e8                __aeabi_dcmpgt
 .text          0x00000000080098fc       0x50 c:/st/stm32cubeide_1.8.0/stm32cubeide/plugins/com.st.stm32cube.ide.mcu.externaltools.gnu-tools-for-stm32.9-2020-q2-update.win32_2.0.0.202105311346/tools/bin/../lib/gcc/arm-none-eabi/9.3.1/thumb/v7-m/nofp\libgcc.a(_arm_fixdfsi.o)
                0x00000000080098fc                __aeabi_d2iz
                0x00000000080098fc                __fixdfsi
 .text          0x000000000800994c       0x40 c:/st/stm32cubeide_1.8.0/stm32cubeide/plugins/com.st.stm32cube.ide.mcu.externaltools.gnu-tools-for-stm32.9-2020-q2-update.win32_2.0.0.202105311346/tools/bin/../lib/gcc/arm-none-eabi/9.3.1/thumb/v7-m/nofp\libgcc.a(_arm_fixunsdfsi.o)
                0x000000000800994c                __aeabi_d2uiz
                0x000000000800994c                __fixunsdfsi
 .text          0x000000000800998c       0x30 c:/st/stm32cubeide_1.8.0/stm32cubeide/plugins/com.st.stm32cube.ide.mcu.externaltools.gnu-tools-for-stm32.9-2020-q2-update.win32_2.0.0.202105311346/tools/bin/../lib/gcc/arm-none-eabi/9.3.1/thumb/v7-m/nofp\libgcc.a(_aeabi_uldivmod.o)
                0x000000000800998c                __aeabi_uldivmod
 .text          0x00000000080099bc      0x2c4 c:/st/stm32cubeide_1.8.0/stm32cubeide/plugins/com.st.stm32cube.ide.mcu.externaltools.gnu-tools-for-stm32.9-2020-q2-update.win32_2.0.0.202105311346/tools/bin/../lib/gcc/arm-none-eabi/9.3.1/thumb/v7-m/nofp\libgcc.a(_udivmoddi4.o)
                0x00000000080099bc                __udivmoddi4
 .text          0x0000000008009c80        0x4 c:/st/stm32cubeide_1.8.0/stm32cubeide/plugins/com.st.stm32cube.ide.mcu.externaltools.gnu-tools-for-stm32.9-2020-q2-update.win32_2.0.0.202105311346/tools/bin/../lib/gcc/arm-none-eabi/9.3.1/thumb/v7-m/nofp\libgcc.a(_dvmd_tls.o)
                0x0000000008009c80                __aeabi_idiv0
                0x0000000008009c80                __aeabi_ldiv0
 *(.text*)
 .text.app_main
                0x0000000008009c84        0xe ./Demo/app_main.o
                0x0000000008009c84                app_main
 .text.vApplicationStackOverflowHook
                0x0000000008009c92        0xc ./Demo/app_main.o
                0x0000000008009c92                vApplicationStackOverflowHook
 .text.vApplicationMallocFailedHook
                0x0000000008009c9e        0x6 ./Demo/app_main.o
                0x0000000008009c9e                vApplicationMallocFailedHook
 .text.vApplicationGetIdleTaskMemory
                0x0000000008009ca4       0x34 ./Demo/app_main.o
                0x0000000008009ca4                vApplicationGetIdleTaskMemory
 .text.vApplicationGetTimerTaskMemory
                0x0000000008009cd8       0x34 ./Demo/app_main.o
                0x0000000008009cd8                vApplicationGetTimerTaskMemory
 .text.LL_USART_IsActiveFlag_TXE
                0x0000000008009d0c       0x24 ./Demo/mpu_demo.o
 .text.LL_USART_TransmitData8
                0x0000000008009d30       0x1c ./Demo/mpu_demo.o
 .text.LL_GPIO_SetOutputPin
                0x0000000008009d4c       0x1a ./Demo/mpu_demo.o
 .text.LL_GPIO_ResetOutputPin
                0x0000000008009d66       0x1a ./Demo/mpu_demo.o
 .text.prvTestTask
                0x0000000008009d80      0x150 ./Demo/mpu_demo.o
 .text.vStartMPUDemo
                0x0000000008009ed0       0x88 ./Demo/mpu_demo.o
                0x0000000008009ed0                vStartMPUDemo
 .text.vHandleMemoryFault
                0x0000000008009f58       0x74 ./Demo/mpu_demo.o
                0x0000000008009f58                vHandleMemoryFault
 .text._putchar
                0x0000000008009fcc       0x30 ./Demo/mpu_demo.o
                0x0000000008009fcc                _putchar
 .text.LL_DMA_EnableChannel
                0x0000000008009ffc       0x3c ./FreeRTOS/container.o
 .text.LL_DMA_DisableChannel
                0x000000000800a038       0x3c ./FreeRTOS/container.o
 .text.LL_DMA_GetDataTransferDirection
                0x000000000800a074       0x30 ./FreeRTOS/container.o
 .text.LL_DMA_SetDataLength
                0x000000000800a0a4       0x44 ./FreeRTOS/container.o
 .text.LL_DMA_GetDataLength
                0x000000000800a0e8       0x2c ./FreeRTOS/container.o
 .text.LL_DMA_ConfigAddresses
                0x000000000800a114       0x74 ./FreeRTOS/container.o
 .text.LL_DMA_SetMemoryAddress
                0x000000000800a188       0x30 ./FreeRTOS/container.o
 .text.LL_DMA_SetPeriphAddress
                0x000000000800a1b8       0x30 ./FreeRTOS/container.o
 .text.LL_DMA_IsActiveFlag_TC1
                0x000000000800a1e8       0x24 ./FreeRTOS/container.o
 .text.LL_DMA_IsActiveFlag_TC2
                0x000000000800a20c       0x24 ./FreeRTOS/container.o
 .text.LL_DMA_IsActiveFlag_TC3
                0x000000000800a230       0x26 ./FreeRTOS/container.o
 .text.LL_DMA_IsActiveFlag_TC4
                0x000000000800a256       0x26 ./FreeRTOS/container.o
 .text.LL_DMA_IsActiveFlag_TC5
                0x000000000800a27c       0x26 ./FreeRTOS/container.o
 .text.LL_DMA_IsActiveFlag_TC6
                0x000000000800a2a2       0x26 ./FreeRTOS/container.o
 .text.LL_DMA_IsActiveFlag_TC7
                0x000000000800a2c8       0x26 ./FreeRTOS/container.o
 .text.LL_DMA_IsActiveFlag_TE1
                0x000000000800a2ee       0x24 ./FreeRTOS/container.o
 .text.LL_DMA_IsActiveFlag_TE2
                0x000000000800a312       0x24 ./FreeRTOS/container.o
 .text.LL_DMA_IsActiveFlag_TE3
                0x000000000800a336       0x26 ./FreeRTOS/container.o
 .text.LL_DMA_IsActiveFlag_TE4
                0x000000000800a35c       0x26 ./FreeRTOS/container.o
 .text.LL_DMA_IsActiveFlag_TE5
                0x000000000800a382       0x26 ./FreeRTOS/container.o
 .text.LL_DMA_IsActiveFlag_TE6
                0x000000000800a3a8       0x26 ./FreeRTOS/container.o
 .text.LL_DMA_IsActiveFlag_TE7
                0x000000000800a3ce       0x26 ./FreeRTOS/container.o
 .text.LL_DMA_ClearFlag_GI4
                0x000000000800a3f4       0x1e ./FreeRTOS/container.o
 .text.LL_DMA_ClearFlag_GI5
                0x000000000800a412       0x1e ./FreeRTOS/container.o
 .text.LL_DMA_ClearFlag_TC1
                0x000000000800a430       0x1e ./FreeRTOS/container.o
 .text.LL_DMA_ClearFlag_TC2
                0x000000000800a44e       0x1e ./FreeRTOS/container.o
 .text.LL_DMA_ClearFlag_TC3
                0x000000000800a46c       0x1e ./FreeRTOS/container.o
 .text.LL_DMA_ClearFlag_TC6
                0x000000000800a48a       0x1e ./FreeRTOS/container.o
 .text.LL_DMA_ClearFlag_TC7
                0x000000000800a4a8       0x1e ./FreeRTOS/container.o
 *fill*         0x000000000800a4c6        0x2 dead
 .text.LL_DMA_DisableIT_TC
                0x000000000800a4c8       0x3c ./FreeRTOS/container.o
 .text.LL_DMA_IsEnabledIT_TC
                0x000000000800a504       0x38 ./FreeRTOS/container.o
 .text.LL_DMA_IsEnabledIT_TE
                0x000000000800a53c       0x38 ./FreeRTOS/container.o
 .text.LL_RCC_HSI_Enable
                0x000000000800a574       0x1c ./FreeRTOS/container.o
 .text.LL_RCC_HSI_IsReady
                0x000000000800a590       0x24 ./FreeRTOS/container.o
 .text.LL_USART_IsActiveFlag_IDLE
                0x000000000800a5b4       0x24 ./FreeRTOS/container.o
 .text.LL_USART_IsActiveFlag_TC
                0x000000000800a5d8       0x24 ./FreeRTOS/container.o
 .text.LL_USART_ClearFlag_IDLE
                0x000000000800a5fc       0x22 ./FreeRTOS/container.o
 .text.LL_USART_ClearFlag_TC
                0x000000000800a61e       0x1a ./FreeRTOS/container.o
 .text.LL_USART_EnableIT_IDLE
                0x000000000800a638       0x1e ./FreeRTOS/container.o
 .text.LL_USART_EnableIT_TC
                0x000000000800a656       0x1e ./FreeRTOS/container.o
 .text.LL_USART_DisableIT_IDLE
                0x000000000800a674       0x1e ./FreeRTOS/container.o
 .text.LL_USART_DisableIT_TC
                0x000000000800a692       0x1e ./FreeRTOS/container.o
 .text.LL_USART_IsEnabledIT_IDLE
                0x000000000800a6b0       0x24 ./FreeRTOS/container.o
 .text.LL_USART_IsEnabledIT_TC
                0x000000000800a6d4       0x24 ./FreeRTOS/container.o
 .text.LL_USART_EnableDMAReq_RX
                0x000000000800a6f8       0x1e ./FreeRTOS/container.o
 .text.LL_USART_EnableDMAReq_TX
                0x000000000800a716       0x1e ./FreeRTOS/container.o
 .text.LL_SPI_Enable
                0x000000000800a734       0x1e ./FreeRTOS/container.o
 .text.LL_SPI_Disable
                0x000000000800a752       0x1e ./FreeRTOS/container.o
 .text.LL_SPI_SetTransferDirection
                0x000000000800a770       0x24 ./FreeRTOS/container.o
 .text.LL_SPI_GetTransferDirection
                0x000000000800a794       0x1a ./FreeRTOS/container.o
 .text.LL_SPI_IsActiveFlag_RXNE
                0x000000000800a7ae       0x24 ./FreeRTOS/container.o
 .text.LL_SPI_IsActiveFlag_TXE
                0x000000000800a7d2       0x24 ./FreeRTOS/container.o
 .text.LL_SPI_IsActiveFlag_BSY
                0x000000000800a7f6       0x24 ./FreeRTOS/container.o
 .text.LL_SPI_EnableIT_TXE
                0x000000000800a81a       0x1e ./FreeRTOS/container.o
 .text.LL_SPI_DisableIT_TXE
                0x000000000800a838       0x1e ./FreeRTOS/container.o
 .text.LL_SPI_IsEnabledIT_TXE
                0x000000000800a856       0x24 ./FreeRTOS/container.o
 .text.LL_SPI_EnableDMAReq_RX
                0x000000000800a87a       0x1e ./FreeRTOS/container.o
 .text.LL_SPI_DisableDMAReq_RX
                0x000000000800a898       0x1e ./FreeRTOS/container.o
 .text.LL_SPI_EnableDMAReq_TX
                0x000000000800a8b6       0x1e ./FreeRTOS/container.o
 .text.LL_SPI_DMA_GetRegAddr
                0x000000000800a8d4       0x16 ./FreeRTOS/container.o
 .text.LL_SPI_ReceiveData8
                0x000000000800a8ea       0x18 ./FreeRTOS/container.o
 .text.LL_I2C_Enable
                0x000000000800a902       0x1e ./FreeRTOS/container.o
 .text.LL_I2C_Disable
                0x000000000800a920       0x1e ./FreeRTOS/container.o
 .text.LL_I2C_EnableDMAReq_TX
                0x000000000800a93e       0x1e ./FreeRTOS/container.o
 .text.LL_I2C_DisableDMAReq_TX
                0x000000000800a95c       0x1e ./FreeRTOS/container.o
 .text.LL_I2C_IsEnabledDMAReq_TX
                0x000000000800a97a       0x26 ./FreeRTOS/container.o
 .text.LL_I2C_EnableDMAReq_RX
                0x000000000800a9a0       0x1e ./FreeRTOS/container.o
 .text.LL_I2C_DisableDMAReq_RX
                0x000000000800a9be       0x1e ./FreeRTOS/container.o
 .text.LL_I2C_IsEnabledDMAReq_RX
                0x000000000800a9dc       0x26 ./FreeRTOS/container.o
 .text.LL_I2C_DMA_GetRegAddr
                0x000000000800aa02       0x16 ./FreeRTOS/container.o
 .text.LL_I2C_EnableIT_TX
                0x000000000800aa18       0x1e ./FreeRTOS/container.o
 .text.LL_I2C_DisableIT_TX
                0x000000000800aa36       0x1e ./FreeRTOS/container.o
 .text.LL_I2C_IsEnabledIT_TX
                0x000000000800aa54       0x26 ./FreeRTOS/container.o
 .text.LL_I2C_EnableIT_EVT
                0x000000000800aa7a       0x1e ./FreeRTOS/container.o
 .text.LL_I2C_DisableIT_EVT
                0x000000000800aa98       0x1e ./FreeRTOS/container.o
 .text.LL_I2C_EnableIT_BUF
                0x000000000800aab6       0x1e ./FreeRTOS/container.o
 .text.LL_I2C_DisableIT_BUF
                0x000000000800aad4       0x1e ./FreeRTOS/container.o
 .text.LL_I2C_IsEnabledIT_BUF
                0x000000000800aaf2       0x26 ./FreeRTOS/container.o
 .text.LL_I2C_EnableIT_ERR
                0x000000000800ab18       0x1e ./FreeRTOS/container.o
 .text.LL_I2C_DisableIT_ERR
                0x000000000800ab36       0x1e ./FreeRTOS/container.o
 .text.LL_I2C_IsActiveFlag_TXE
                0x000000000800ab54       0x24 ./FreeRTOS/container.o
 .text.LL_I2C_IsActiveFlag_BTF
                0x000000000800ab78       0x24 ./FreeRTOS/container.o
 .text.LL_I2C_IsActiveFlag_SB
                0x000000000800ab9c       0x24 ./FreeRTOS/container.o
 .text.LL_I2C_IsActiveFlag_ADDR
                0x000000000800abc0       0x24 ./FreeRTOS/container.o
 .text.LL_I2C_ClearFlag_ADDR
                0x000000000800abe4       0x22 ./FreeRTOS/container.o
 .text.LL_I2C_AcknowledgeNextData
                0x000000000800ac06       0x24 ./FreeRTOS/container.o
 .text.LL_I2C_GenerateStartCondition
                0x000000000800ac2a       0x1e ./FreeRTOS/container.o
 .text.LL_I2C_GenerateStopCondition
                0x000000000800ac48       0x1e ./FreeRTOS/container.o
 .text.LL_I2C_GetTransferDirection
                0x000000000800ac66       0x1a ./FreeRTOS/container.o
 .text.LL_I2C_EnableLastDMA
                0x000000000800ac80       0x1e ./FreeRTOS/container.o
 .text.LL_I2C_TransmitData8
                0x000000000800ac9e       0x26 ./FreeRTOS/container.o
 .text.LL_ADC_DMA_GetRegAddr
                0x000000000800acc4       0x18 ./FreeRTOS/container.o
 .text.LL_ADC_REG_SetSequencerLength
                0x000000000800acdc       0x24 ./FreeRTOS/container.o
 .text.LL_ADC_REG_SetSequencerRanks
                0x000000000800ad00       0x6a ./FreeRTOS/container.o
 .text.LL_ADC_REG_SetDMATransfer
                0x000000000800ad6a       0x24 ./FreeRTOS/container.o
 .text.LL_ADC_SetChannelSamplingTime
                0x000000000800ad8e       0x96 ./FreeRTOS/container.o
 .text.LL_ADC_Enable
                0x000000000800ae24       0x1e ./FreeRTOS/container.o
 .text.LL_ADC_Disable
                0x000000000800ae42       0x1e ./FreeRTOS/container.o
 .text.LL_ADC_IsEnabled
                0x000000000800ae60       0x24 ./FreeRTOS/container.o
 .text.LL_ADC_REG_StartConversionSWStart
                0x000000000800ae84       0x1e ./FreeRTOS/container.o
 .text.LL_ADC_IsActiveFlag_EOCS
                0x000000000800aea2       0x24 ./FreeRTOS/container.o
 .text.LL_ADC_IsActiveFlag_OVR
                0x000000000800aec6       0x24 ./FreeRTOS/container.o
 .text.LL_ADC_ClearFlag_EOCS
                0x000000000800aeea       0x1a ./FreeRTOS/container.o
 .text.LL_ADC_ClearFlag_OVR
                0x000000000800af04       0x1a ./FreeRTOS/container.o
 .text.LL_GPIO_SetOutputPin
                0x000000000800af1e       0x1a ./FreeRTOS/container.o
 .text.LL_GPIO_ResetOutputPin
                0x000000000800af38       0x1a ./FreeRTOS/container.o
 *fill*         0x000000000800af52        0x2 dead
 .text.prvDMATask
                0x000000000800af54      0x67c ./FreeRTOS/container.o
 .text.vStartDMATask
                0x000000000800b5d0       0xe0 ./FreeRTOS/container.o
                0x000000000800b5d0                vStartDMATask
 .text.vTimerUSART2Callback
                0x000000000800b6b0       0x60 ./FreeRTOS/container.o
                0x000000000800b6b0                vTimerUSART2Callback
 .text.xContainerGPIOwrite
                0x000000000800b710       0x74 ./FreeRTOS/container.o
 .text.DMA1_Channel2_IRQHandler
                0x000000000800b784       0xe8 ./FreeRTOS/container.o
                0x000000000800b784                DMA1_Channel2_IRQHandler
 .text.SPI1_IRQHandler
                0x000000000800b86c       0x9c ./FreeRTOS/container.o
                0x000000000800b86c                SPI1_IRQHandler
 .text.DMA1_Channel3_IRQHandler
                0x000000000800b908       0x5c ./FreeRTOS/container.o
                0x000000000800b908                DMA1_Channel3_IRQHandler
 .text.DMA1_Channel7_IRQHandler
                0x000000000800b964       0x64 ./FreeRTOS/container.o
                0x000000000800b964                DMA1_Channel7_IRQHandler
 .text.DMA1_Channel6_IRQHandler
                0x000000000800b9c8      0x100 ./FreeRTOS/container.o
                0x000000000800b9c8                DMA1_Channel6_IRQHandler
 .text.USART2_IRQHandler
                0x000000000800bac8      0x164 ./FreeRTOS/container.o
                0x000000000800bac8                USART2_IRQHandler
 .text.I2C2_EV_IRQHandler
                0x000000000800bc2c      0x12c ./FreeRTOS/container.o
                0x000000000800bc2c                I2C2_EV_IRQHandler
 .text.DMA1_Channel4_IRQHandler
                0x000000000800bd58       0x60 ./FreeRTOS/container.o
                0x000000000800bd58                DMA1_Channel4_IRQHandler
 .text.DMA1_Channel5_IRQHandler
                0x000000000800bdb8       0xa0 ./FreeRTOS/container.o
                0x000000000800bdb8                DMA1_Channel5_IRQHandler
 .text.I2C2_ER_IRQHandler
                0x000000000800be58       0x60 ./FreeRTOS/container.o
                0x000000000800be58                I2C2_ER_IRQHandler
 .text.DMA1_Channel1_IRQHandler
                0x000000000800beb8       0x70 ./FreeRTOS/container.o
                0x000000000800beb8                DMA1_Channel1_IRQHandler
 .text.ADC1_IRQHandler
                0x000000000800bf28       0x34 ./FreeRTOS/container.o
                0x000000000800bf28                ADC1_IRQHandler
 .text.SPI1_TransferError_Callback
                0x000000000800bf5c        0x6 ./FreeRTOS/container.o
 .text.USART2_TransferError_Callback
                0x000000000800bf62        0x6 ./FreeRTOS/container.o
 .text.xTaskAdditionsGetPermissions
                0x000000000800bf68       0x24 ./FreeRTOS/tasks.o
                0x000000000800bf68                xTaskAdditionsGetPermissions
 .text.xTaskAdditionsGetMemoryRegion
                0x000000000800bf8c       0x38 ./FreeRTOS/tasks.o
                0x000000000800bf8c                xTaskAdditionsGetMemoryRegion
 .text.vPortResetPrivilege
                0x000000000800bfc4       0x1e ./FreeRTOS/portable/Common/mpu_wrappers.o
                0x000000000800bfc4                vPortResetPrivilege
 .text.MPU_xContainerSendRequest
                0x000000000800bfe2       0x48 ./FreeRTOS/portable/Common/mpu_wrappers.o
                0x000000000800bfe2                MPU_xContainerSendRequest
 *fill*         0x000000000800c02a        0x2 dead
 .text.MPU_xContainerSetDWTcounter
                0x000000000800c02c       0x28 ./FreeRTOS/portable/Common/mpu_wrappers.o
                0x000000000800c02c                MPU_xContainerSetDWTcounter
 .text.MPU_xContainerGetDWTcounter
                0x000000000800c054       0x28 ./FreeRTOS/portable/Common/mpu_wrappers.o
                0x000000000800c054                MPU_xContainerGetDWTcounter
 .text.vPortEnterCritical
                0x000000000800c07c       0x3c ./FreeRTOS/portable/GCC/ARM_CM3_MPU/port.o
                0x000000000800c07c                vPortEnterCritical
 .text.vPortExitCritical
                0x000000000800c0b8       0x5c ./FreeRTOS/portable/GCC/ARM_CM3_MPU/port.o
                0x000000000800c0b8                vPortExitCritical
 .text.vPortSetupTimerInterrupt
                0x000000000800c114       0x34 ./FreeRTOS/portable/GCC/ARM_CM3_MPU/port.o
                0x000000000800c114                vPortSetupTimerInterrupt
 *fill*         0x000000000800c148        0x8 dead
 .text.xIsPrivileged
                0x000000000800c150       0x14 ./FreeRTOS/portable/GCC/ARM_CM3_MPU/port.o
                0x000000000800c150                xIsPrivileged
 .text.vResetPrivilege
                0x000000000800c164       0x10 ./FreeRTOS/portable/GCC/ARM_CM3_MPU/port.o
                0x000000000800c164                vResetPrivilege
 .text.vPortValidateInterruptPriority
                0x000000000800c174       0x7c ./FreeRTOS/portable/GCC/ARM_CM3_MPU/port.o
                0x000000000800c174                vPortValidateInterruptPriority
 .text.__NVIC_GetPriorityGrouping
                0x000000000800c1f0       0x1c ./ST_Code/Core/Src/main.o
 .text.__NVIC_EnableIRQ
                0x000000000800c20c       0x38 ./ST_Code/Core/Src/main.o
 .text.__NVIC_SetPriority
                0x000000000800c244       0x54 ./ST_Code/Core/Src/main.o
 .text.NVIC_EncodePriority
                0x000000000800c298       0x64 ./ST_Code/Core/Src/main.o
 .text.LL_DMA_SetDataTransferDirection
                0x000000000800c2fc       0x48 ./ST_Code/Core/Src/main.o
 .text.LL_DMA_SetMode
                0x000000000800c344       0x44 ./ST_Code/Core/Src/main.o
 .text.LL_DMA_SetPeriphIncMode
                0x000000000800c388       0x44 ./ST_Code/Core/Src/main.o
 .text.LL_DMA_SetMemoryIncMode
                0x000000000800c3cc       0x44 ./ST_Code/Core/Src/main.o
 .text.LL_DMA_SetPeriphSize
                0x000000000800c410       0x44 ./ST_Code/Core/Src/main.o
 .text.LL_DMA_SetMemorySize
                0x000000000800c454       0x44 ./ST_Code/Core/Src/main.o
 .text.LL_DMA_SetChannelPriorityLevel
                0x000000000800c498       0x44 ./ST_Code/Core/Src/main.o
 .text.LL_DMA_SetPeriphAddress
                0x000000000800c4dc       0x30 ./ST_Code/Core/Src/main.o
 .text.LL_DMA_EnableIT_TC
                0x000000000800c50c       0x3c ./ST_Code/Core/Src/main.o
 .text.LL_DMA_EnableIT_TE
                0x000000000800c548       0x3c ./ST_Code/Core/Src/main.o
 .text.LL_AHB1_GRP1_EnableClock
                0x000000000800c584       0x30 ./ST_Code/Core/Src/main.o
 .text.LL_APB1_GRP1_EnableClock
                0x000000000800c5b4       0x30 ./ST_Code/Core/Src/main.o
 .text.LL_USART_Enable
                0x000000000800c5e4       0x1e ./ST_Code/Core/Src/main.o
 .text.LL_USART_SetTransferDirection
                0x000000000800c602       0x24 ./ST_Code/Core/Src/main.o
 .text.LL_USART_ConfigCharacter
                0x000000000800c626       0x3c ./ST_Code/Core/Src/main.o
 *fill*         0x000000000800c662        0x2 dead
 .text.LL_USART_SetBaudRate
                0x000000000800c664      0x16c ./ST_Code/Core/Src/main.o
 .text.LL_USART_ConfigAsyncMode
                0x000000000800c7d0       0x2a ./ST_Code/Core/Src/main.o
 .text.LL_USART_DisableIT_IDLE
                0x000000000800c7fa       0x1e ./ST_Code/Core/Src/main.o
 .text.LL_USART_DisableIT_TC
                0x000000000800c818       0x1e ./ST_Code/Core/Src/main.o
 .text.LL_USART_DisableIT_TXE
                0x000000000800c836       0x1e ./ST_Code/Core/Src/main.o
 .text.LL_USART_DisableIT_ERROR
                0x000000000800c854       0x1e ./ST_Code/Core/Src/main.o
 .text.LL_GPIO_SetAFPin_0_7
                0x000000000800c872       0x5c ./ST_Code/Core/Src/main.o
 .text.LL_GPIO_SetAFPin_8_15
                0x000000000800c8ce       0x60 ./ST_Code/Core/Src/main.o
 *fill*         0x000000000800c92e        0x2 dead
 .text.main     0x000000000800c930       0x34 ./ST_Code/Core/Src/main.o
                0x000000000800c930                main
 .text.SystemClock_Config
                0x000000000800c964       0x9c ./ST_Code/Core/Src/main.o
                0x000000000800c964                SystemClock_Config
 .text.MX_USART2_UART_Init_ll
                0x000000000800ca00      0x1c8 ./ST_Code/Core/Src/main.o
 .text.MX_UART4_UART_Init_ll
                0x000000000800cbc8       0xd4 ./ST_Code/Core/Src/main.o
 .text.MX_GPIO_Init
                0x000000000800cc9c       0xf8 ./ST_Code/Core/Src/main.o
 .text.HAL_TIM_PeriodElapsedCallback
                0x000000000800cd94       0x24 ./ST_Code/Core/Src/main.o
                0x000000000800cd94                HAL_TIM_PeriodElapsedCallback
 .text.Error_Handler
                0x000000000800cdb8        0xc ./ST_Code/Core/Src/main.o
                0x000000000800cdb8                Error_Handler
 .text.HAL_InitTick
                0x000000000800cdc4       0xac ./ST_Code/Core/Src/stm32l1xx_hal_timebase_tim.o
                0x000000000800cdc4                HAL_InitTick
 .text.NMI_Handler
                0x000000000800ce70        0x6 ./ST_Code/Core/Src/stm32l1xx_it.o
                0x000000000800ce70                NMI_Handler
 .text.HardFault_Handler
                0x000000000800ce76        0x6 ./ST_Code/Core/Src/stm32l1xx_it.o
                0x000000000800ce76                HardFault_Handler
 .text.BusFault_Handler
                0x000000000800ce7c        0x6 ./ST_Code/Core/Src/stm32l1xx_it.o
                0x000000000800ce7c                BusFault_Handler
 .text.UsageFault_Handler
                0x000000000800ce82        0x6 ./ST_Code/Core/Src/stm32l1xx_it.o
                0x000000000800ce82                UsageFault_Handler
 .text.DebugMon_Handler
                0x000000000800ce88        0xc ./ST_Code/Core/Src/stm32l1xx_it.o
                0x000000000800ce88                DebugMon_Handler
 .text.TIM6_IRQHandler
                0x000000000800ce94       0x14 ./ST_Code/Core/Src/stm32l1xx_it.o
                0x000000000800ce94                TIM6_IRQHandler
 .text.SystemInit
                0x000000000800cea8       0x68 ./ST_Code/Core/Src/system_stm32l1xx.o
                0x000000000800cea8                SystemInit
 .text.HAL_Init
                0x000000000800cf10       0x30 ./ST_Code/Drivers/STM32L1xx_HAL_Driver/Src/stm32l1xx_hal.o
                0x000000000800cf10                HAL_Init
 .text.HAL_MspInit
                0x000000000800cf40        0xc ./ST_Code/Drivers/STM32L1xx_HAL_Driver/Src/stm32l1xx_hal.o
                0x000000000800cf40                HAL_MspInit
 .text.HAL_IncTick
                0x000000000800cf4c       0x24 ./ST_Code/Drivers/STM32L1xx_HAL_Driver/Src/stm32l1xx_hal.o
                0x000000000800cf4c                HAL_IncTick
 .text.HAL_GetTick
                0x000000000800cf70       0x14 ./ST_Code/Drivers/STM32L1xx_HAL_Driver/Src/stm32l1xx_hal.o
                0x000000000800cf70                HAL_GetTick
 .text.__NVIC_SetPriorityGrouping
                0x000000000800cf84       0x48 ./ST_Code/Drivers/STM32L1xx_HAL_Driver/Src/stm32l1xx_hal_cortex.o
 .text.__NVIC_GetPriorityGrouping
                0x000000000800cfcc       0x1c ./ST_Code/Drivers/STM32L1xx_HAL_Driver/Src/stm32l1xx_hal_cortex.o
 .text.__NVIC_EnableIRQ
                0x000000000800cfe8       0x38 ./ST_Code/Drivers/STM32L1xx_HAL_Driver/Src/stm32l1xx_hal_cortex.o
 .text.__NVIC_SetPriority
                0x000000000800d020       0x54 ./ST_Code/Drivers/STM32L1xx_HAL_Driver/Src/stm32l1xx_hal_cortex.o
 .text.NVIC_EncodePriority
                0x000000000800d074       0x64 ./ST_Code/Drivers/STM32L1xx_HAL_Driver/Src/stm32l1xx_hal_cortex.o
 .text.HAL_NVIC_SetPriorityGrouping
                0x000000000800d0d8       0x16 ./ST_Code/Drivers/STM32L1xx_HAL_Driver/Src/stm32l1xx_hal_cortex.o
                0x000000000800d0d8                HAL_NVIC_SetPriorityGrouping
 .text.HAL_NVIC_SetPriority
                0x000000000800d0ee       0x38 ./ST_Code/Drivers/STM32L1xx_HAL_Driver/Src/stm32l1xx_hal_cortex.o
                0x000000000800d0ee                HAL_NVIC_SetPriority
 .text.HAL_NVIC_EnableIRQ
                0x000000000800d126       0x1c ./ST_Code/Drivers/STM32L1xx_HAL_Driver/Src/stm32l1xx_hal_cortex.o
                0x000000000800d126                HAL_NVIC_EnableIRQ
 *fill*         0x000000000800d142        0x2 dead
 .text.HAL_GPIO_Init
                0x000000000800d144      0x320 ./ST_Code/Drivers/STM32L1xx_HAL_Driver/Src/stm32l1xx_hal_gpio.o
                0x000000000800d144                HAL_GPIO_Init
 .text.HAL_GPIO_WritePin
                0x000000000800d464       0x30 ./ST_Code/Drivers/STM32L1xx_HAL_Driver/Src/stm32l1xx_hal_gpio.o
                0x000000000800d464                HAL_GPIO_WritePin
 .text.HAL_RCC_OscConfig
                0x000000000800d494      0x660 ./ST_Code/Drivers/STM32L1xx_HAL_Driver/Src/stm32l1xx_hal_rcc.o
                0x000000000800d494                HAL_RCC_OscConfig
 .text.HAL_RCC_ClockConfig
                0x000000000800daf4      0x268 ./ST_Code/Drivers/STM32L1xx_HAL_Driver/Src/stm32l1xx_hal_rcc.o
                0x000000000800daf4                HAL_RCC_ClockConfig
 .text.HAL_RCC_GetSysClockFreq
                0x000000000800dd5c       0xb8 ./ST_Code/Drivers/STM32L1xx_HAL_Driver/Src/stm32l1xx_hal_rcc.o
                0x000000000800dd5c                HAL_RCC_GetSysClockFreq
 .text.HAL_RCC_GetHCLKFreq
                0x000000000800de14       0x14 ./ST_Code/Drivers/STM32L1xx_HAL_Driver/Src/stm32l1xx_hal_rcc.o
                0x000000000800de14                HAL_RCC_GetHCLKFreq
 .text.HAL_RCC_GetPCLK1Freq
                0x000000000800de28       0x28 ./ST_Code/Drivers/STM32L1xx_HAL_Driver/Src/stm32l1xx_hal_rcc.o
                0x000000000800de28                HAL_RCC_GetPCLK1Freq
 .text.HAL_RCC_GetClockConfig
                0x000000000800de50       0x60 ./ST_Code/Drivers/STM32L1xx_HAL_Driver/Src/stm32l1xx_hal_rcc.o
                0x000000000800de50                HAL_RCC_GetClockConfig
 .text.RCC_SetFlashLatencyFromMSIRange
                0x000000000800deb0       0xc0 ./ST_Code/Drivers/STM32L1xx_HAL_Driver/Src/stm32l1xx_hal_rcc.o
 .text.HAL_TIM_Base_Init
                0x000000000800df70       0x56 ./ST_Code/Drivers/STM32L1xx_HAL_Driver/Src/stm32l1xx_hal_tim.o
                0x000000000800df70                HAL_TIM_Base_Init
 .text.HAL_TIM_Base_MspInit
                0x000000000800dfc6       0x12 ./ST_Code/Drivers/STM32L1xx_HAL_Driver/Src/stm32l1xx_hal_tim.o
                0x000000000800dfc6                HAL_TIM_Base_MspInit
 .text.HAL_TIM_Base_Start_IT
                0x000000000800dfd8       0x46 ./ST_Code/Drivers/STM32L1xx_HAL_Driver/Src/stm32l1xx_hal_tim.o
                0x000000000800dfd8                HAL_TIM_Base_Start_IT
 .text.HAL_TIM_IRQHandler
                0x000000000800e01e      0x1b8 ./ST_Code/Drivers/STM32L1xx_HAL_Driver/Src/stm32l1xx_hal_tim.o
                0x000000000800e01e                HAL_TIM_IRQHandler
 .text.HAL_TIM_OC_DelayElapsedCallback
                0x000000000800e1d6       0x12 ./ST_Code/Drivers/STM32L1xx_HAL_Driver/Src/stm32l1xx_hal_tim.o
                0x000000000800e1d6                HAL_TIM_OC_DelayElapsedCallback
 .text.HAL_TIM_IC_CaptureCallback
                0x000000000800e1e8       0x12 ./ST_Code/Drivers/STM32L1xx_HAL_Driver/Src/stm32l1xx_hal_tim.o
                0x000000000800e1e8                HAL_TIM_IC_CaptureCallback
 .text.HAL_TIM_PWM_PulseFinishedCallback
                0x000000000800e1fa       0x12 ./ST_Code/Drivers/STM32L1xx_HAL_Driver/Src/stm32l1xx_hal_tim.o
                0x000000000800e1fa                HAL_TIM_PWM_PulseFinishedCallback
 .text.HAL_TIM_TriggerCallback
                0x000000000800e20c       0x12 ./ST_Code/Drivers/STM32L1xx_HAL_Driver/Src/stm32l1xx_hal_tim.o
                0x000000000800e20c                HAL_TIM_TriggerCallback
 *fill*         0x000000000800e21e        0x2 dead
 .text.TIM_Base_SetConfig
                0x000000000800e220       0xe0 ./ST_Code/Drivers/STM32L1xx_HAL_Driver/Src/stm32l1xx_hal_tim.o
 .text.LL_GPIO_SetPinMode
                0x000000000800e300       0x5c ./ST_Code/Drivers/STM32L1xx_HAL_Driver/Src/stm32l1xx_ll_gpio.o
 .text.LL_GPIO_SetPinOutputType
                0x000000000800e35c       0x2e ./ST_Code/Drivers/STM32L1xx_HAL_Driver/Src/stm32l1xx_ll_gpio.o
 .text.LL_GPIO_SetPinSpeed
                0x000000000800e38a       0x5c ./ST_Code/Drivers/STM32L1xx_HAL_Driver/Src/stm32l1xx_ll_gpio.o
 .text.LL_GPIO_SetPinPull
                0x000000000800e3e6       0x5c ./ST_Code/Drivers/STM32L1xx_HAL_Driver/Src/stm32l1xx_ll_gpio.o
 .text.LL_GPIO_SetAFPin_0_7
                0x000000000800e442       0x5c ./ST_Code/Drivers/STM32L1xx_HAL_Driver/Src/stm32l1xx_ll_gpio.o
 .text.LL_GPIO_SetAFPin_8_15
                0x000000000800e49e       0x60 ./ST_Code/Drivers/STM32L1xx_HAL_Driver/Src/stm32l1xx_ll_gpio.o
 .text.LL_GPIO_Init
                0x000000000800e4fe       0xe6 ./ST_Code/Drivers/STM32L1xx_HAL_Driver/Src/stm32l1xx_ll_gpio.o
                0x000000000800e4fe                LL_GPIO_Init
 .text.LL_RCC_MSI_GetRange
                0x000000000800e5e4       0x18 ./ST_Code/Drivers/STM32L1xx_HAL_Driver/Src/stm32l1xx_ll_rcc.o
 .text.LL_RCC_GetSysClkSource
                0x000000000800e5fc       0x18 ./ST_Code/Drivers/STM32L1xx_HAL_Driver/Src/stm32l1xx_ll_rcc.o
 .text.LL_RCC_GetAHBPrescaler
                0x000000000800e614       0x18 ./ST_Code/Drivers/STM32L1xx_HAL_Driver/Src/stm32l1xx_ll_rcc.o
 .text.LL_RCC_GetAPB1Prescaler
                0x000000000800e62c       0x18 ./ST_Code/Drivers/STM32L1xx_HAL_Driver/Src/stm32l1xx_ll_rcc.o
 .text.LL_RCC_GetAPB2Prescaler
                0x000000000800e644       0x18 ./ST_Code/Drivers/STM32L1xx_HAL_Driver/Src/stm32l1xx_ll_rcc.o
 .text.LL_RCC_PLL_GetMainSource
                0x000000000800e65c       0x18 ./ST_Code/Drivers/STM32L1xx_HAL_Driver/Src/stm32l1xx_ll_rcc.o
 .text.LL_RCC_PLL_GetMultiplicator
                0x000000000800e674       0x18 ./ST_Code/Drivers/STM32L1xx_HAL_Driver/Src/stm32l1xx_ll_rcc.o
 .text.LL_RCC_PLL_GetDivider
                0x000000000800e68c       0x18 ./ST_Code/Drivers/STM32L1xx_HAL_Driver/Src/stm32l1xx_ll_rcc.o
 .text.LL_RCC_GetSystemClocksFreq
                0x000000000800e6a4       0x4a ./ST_Code/Drivers/STM32L1xx_HAL_Driver/Src/stm32l1xx_ll_rcc.o
                0x000000000800e6a4                LL_RCC_GetSystemClocksFreq
 *fill*         0x000000000800e6ee        0x2 dead
 .text.RCC_GetSystemClockFreq
                0x000000000800e6f0       0xa0 ./ST_Code/Drivers/STM32L1xx_HAL_Driver/Src/stm32l1xx_ll_rcc.o
                0x000000000800e6f0                RCC_GetSystemClockFreq
 .text.RCC_GetHCLKClockFreq
                0x000000000800e790       0x2c ./ST_Code/Drivers/STM32L1xx_HAL_Driver/Src/stm32l1xx_ll_rcc.o
                0x000000000800e790                RCC_GetHCLKClockFreq
 .text.RCC_GetPCLK1ClockFreq
                0x000000000800e7bc       0x28 ./ST_Code/Drivers/STM32L1xx_HAL_Driver/Src/stm32l1xx_ll_rcc.o
                0x000000000800e7bc                RCC_GetPCLK1ClockFreq
 .text.RCC_GetPCLK2ClockFreq
                0x000000000800e7e4       0x28 ./ST_Code/Drivers/STM32L1xx_HAL_Driver/Src/stm32l1xx_ll_rcc.o
                0x000000000800e7e4                RCC_GetPCLK2ClockFreq
 .text.RCC_PLL_GetFreqDomain_SYS
                0x000000000800e80c       0x64 ./ST_Code/Drivers/STM32L1xx_HAL_Driver/Src/stm32l1xx_ll_rcc.o
                0x000000000800e80c                RCC_PLL_GetFreqDomain_SYS
 .text.LL_USART_IsEnabled
                0x000000000800e870       0x26 ./ST_Code/Drivers/STM32L1xx_HAL_Driver/Src/stm32l1xx_ll_usart.o
 .text.LL_USART_SetStopBitsLength
                0x000000000800e896       0x24 ./ST_Code/Drivers/STM32L1xx_HAL_Driver/Src/stm32l1xx_ll_usart.o
 .text.LL_USART_SetHWFlowCtrl
                0x000000000800e8ba       0x24 ./ST_Code/Drivers/STM32L1xx_HAL_Driver/Src/stm32l1xx_ll_usart.o
 *fill*         0x000000000800e8de        0x2 dead
 .text.LL_USART_SetBaudRate
                0x000000000800e8e0      0x16c ./ST_Code/Drivers/STM32L1xx_HAL_Driver/Src/stm32l1xx_ll_usart.o
 .text.LL_USART_Init
                0x000000000800ea4c       0xec ./ST_Code/Drivers/STM32L1xx_HAL_Driver/Src/stm32l1xx_ll_usart.o
                0x000000000800ea4c                LL_USART_Init
 .text._out_null
                0x000000000800eb38       0x1a ./ST_Code/LIB-PRINTF/printf.o
 .text._out_char
                0x000000000800eb52       0x26 ./ST_Code/LIB-PRINTF/printf.o
 .text._strnlen_s
                0x000000000800eb78       0x38 ./ST_Code/LIB-PRINTF/printf.o
 .text._is_digit
                0x000000000800ebb0       0x2c ./ST_Code/LIB-PRINTF/printf.o
 .text._atoi    0x000000000800ebdc       0x48 ./ST_Code/LIB-PRINTF/printf.o
 .text._out_rev
                0x000000000800ec24       0xa0 ./ST_Code/LIB-PRINTF/printf.o
 .text._ntoa_format
                0x000000000800ecc4      0x1b8 ./ST_Code/LIB-PRINTF/printf.o
 .text._ntoa_long
                0x000000000800ee7c       0xce ./ST_Code/LIB-PRINTF/printf.o
 .text._ntoa_long_long
                0x000000000800ef4a       0xdc ./ST_Code/LIB-PRINTF/printf.o
 *fill*         0x000000000800f026        0x2 dead
 .text._ftoa    0x000000000800f028      0x4bc ./ST_Code/LIB-PRINTF/printf.o
 *fill*         0x000000000800f4e4        0x4 dead
 .text._etoa    0x000000000800f4e8      0x520 ./ST_Code/LIB-PRINTF/printf.o
 .text._vsnprintf
                0x000000000800fa08      0x968 ./ST_Code/LIB-PRINTF/printf.o
 .text.printf_  0x0000000008010370       0x38 ./ST_Code/LIB-PRINTF/printf.o
                0x0000000008010370                printf_
 .text.MemManage_Handler
                0x00000000080103a8       0x1a ./Startup/memfault_handler.o
                0x00000000080103a8                MemManage_Handler
 *fill*         0x00000000080103c2        0x2 dead
 .text.Reset_Handler
                0x00000000080103c4       0x48 ./Startup/startup_stm32l152retx.o
                0x00000000080103c4                Reset_Handler
 .text.Default_Handler
                0x000000000801040c        0x2 ./Startup/startup_stm32l152retx.o
                0x000000000801040c                RTC_Alarm_IRQHandler
                0x000000000801040c                EXTI2_IRQHandler
                0x000000000801040c                COMP_ACQ_IRQHandler
                0x000000000801040c                TIM10_IRQHandler
                0x000000000801040c                USB_HP_IRQHandler
                0x000000000801040c                PVD_IRQHandler
                0x000000000801040c                EXTI3_IRQHandler
                0x000000000801040c                EXTI0_IRQHandler
                0x000000000801040c                USB_FS_WKUP_IRQHandler
                0x000000000801040c                DMA2_Channel2_IRQHandler
                0x000000000801040c                USART3_IRQHandler
                0x000000000801040c                LCD_IRQHandler
                0x000000000801040c                UART5_IRQHandler
                0x000000000801040c                TIM4_IRQHandler
                0x000000000801040c                DMA2_Channel1_IRQHandler
                0x000000000801040c                I2C1_EV_IRQHandler
                0x000000000801040c                UART4_IRQHandler
                0x000000000801040c                DMA2_Channel4_IRQHandler
                0x000000000801040c                TIM3_IRQHandler
                0x000000000801040c                RCC_IRQHandler
                0x000000000801040c                Default_Handler
                0x000000000801040c                EXTI15_10_IRQHandler
                0x000000000801040c                TIM7_IRQHandler
                0x000000000801040c                TIM5_IRQHandler
                0x000000000801040c                EXTI9_5_IRQHandler
                0x000000000801040c                TIM9_IRQHandler
                0x000000000801040c                TAMPER_STAMP_IRQHandler
                0x000000000801040c                RTC_WKUP_IRQHandler
                0x000000000801040c                SPI2_IRQHandler
                0x000000000801040c                DMA2_Channel5_IRQHandler
                0x000000000801040c                USB_LP_IRQHandler
                0x000000000801040c                EXTI4_IRQHandler
                0x000000000801040c                COMP_IRQHandler
                0x000000000801040c                WWDG_IRQHandler
                0x000000000801040c                TIM2_IRQHandler
                0x000000000801040c                DAC_IRQHandler
                0x000000000801040c                EXTI1_IRQHandler
                0x000000000801040c                TIM11_IRQHandler
                0x000000000801040c                FLASH_IRQHandler
                0x000000000801040c                USART1_IRQHandler
                0x000000000801040c                SPI3_IRQHandler
                0x000000000801040c                I2C1_ER_IRQHandler
                0x000000000801040c                DMA2_Channel3_IRQHandler
 *fill*         0x000000000801040e        0x2 dead
 .text.__libc_init_array
                0x0000000008010410       0x48 c:/st/stm32cubeide_1.8.0/stm32cubeide/plugins/com.st.stm32cube.ide.mcu.externaltools.gnu-tools-for-stm32.9-2020-q2-update.win32_2.0.0.202105311346/tools/bin/../lib/gcc/arm-none-eabi/9.3.1/../../../../arm-none-eabi/lib/thumb/v7-m/nofp\libc_nano.a(lib_a-init.o)
                0x0000000008010410                __libc_init_array
 .text.memcpy   0x0000000008010458       0x1c c:/st/stm32cubeide_1.8.0/stm32cubeide/plugins/com.st.stm32cube.ide.mcu.externaltools.gnu-tools-for-stm32.9-2020-q2-update.win32_2.0.0.202105311346/tools/bin/../lib/gcc/arm-none-eabi/9.3.1/../../../../arm-none-eabi/lib/thumb/v7-m/nofp\libc_nano.a(lib_a-memcpy-stub.o)
                0x0000000008010458                memcpy
 .text.memset   0x0000000008010474       0x10 c:/st/stm32cubeide_1.8.0/stm32cubeide/plugins/com.st.stm32cube.ide.mcu.externaltools.gnu-tools-for-stm32.9-2020-q2-update.win32_2.0.0.202105311346/tools/bin/../lib/gcc/arm-none-eabi/9.3.1/../../../../arm-none-eabi/lib/thumb/v7-m/nofp\libc_nano.a(lib_a-memset.o)
                0x0000000008010474                memset
 *(.glue_7)
 .glue_7        0x0000000008010484        0x0 linker stubs
 *(.glue_7t)
 .glue_7t       0x0000000008010484        0x0 linker stubs
 *(.eh_frame)
 .eh_frame      0x0000000008010484        0x0 c:/st/stm32cubeide_1.8.0/stm32cubeide/plugins/com.st.stm32cube.ide.mcu.externaltools.gnu-tools-for-stm32.9-2020-q2-update.win32_2.0.0.202105311346/tools/bin/../lib/gcc/arm-none-eabi/9.3.1/thumb/v7-m/nofp/crtbegin.o
 *(.init)
 .init          0x0000000008010484        0x4 c:/st/stm32cubeide_1.8.0/stm32cubeide/plugins/com.st.stm32cube.ide.mcu.externaltools.gnu-tools-for-stm32.9-2020-q2-update.win32_2.0.0.202105311346/tools/bin/../lib/gcc/arm-none-eabi/9.3.1/thumb/v7-m/nofp/crti.o
                0x0000000008010484                _init
 .init          0x0000000008010488        0x8 c:/st/stm32cubeide_1.8.0/stm32cubeide/plugins/com.st.stm32cube.ide.mcu.externaltools.gnu-tools-for-stm32.9-2020-q2-update.win32_2.0.0.202105311346/tools/bin/../lib/gcc/arm-none-eabi/9.3.1/thumb/v7-m/nofp/crtn.o
 *(.fini)
 .fini          0x0000000008010490        0x4 c:/st/stm32cubeide_1.8.0/stm32cubeide/plugins/com.st.stm32cube.ide.mcu.externaltools.gnu-tools-for-stm32.9-2020-q2-update.win32_2.0.0.202105311346/tools/bin/../lib/gcc/arm-none-eabi/9.3.1/thumb/v7-m/nofp/crti.o
                0x0000000008010490                _fini
 .fini          0x0000000008010494        0x8 c:/st/stm32cubeide_1.8.0/stm32cubeide/plugins/com.st.stm32cube.ide.mcu.externaltools.gnu-tools-for-stm32.9-2020-q2-update.win32_2.0.0.202105311346/tools/bin/../lib/gcc/arm-none-eabi/9.3.1/thumb/v7-m/nofp/crtn.o
                0x000000000801049c                . = ALIGN (0x4)
                0x000000000801049c                _etext = .

.vfp11_veneer   0x000000000801049c        0x0
 .vfp11_veneer  0x000000000801049c        0x0 linker stubs

.v4_bx          0x000000000801049c        0x0
 .v4_bx         0x000000000801049c        0x0 linker stubs

.iplt           0x000000000801049c        0x0
 .iplt          0x000000000801049c        0x0 c:/st/stm32cubeide_1.8.0/stm32cubeide/plugins/com.st.stm32cube.ide.mcu.externaltools.gnu-tools-for-stm32.9-2020-q2-update.win32_2.0.0.202105311346/tools/bin/../lib/gcc/arm-none-eabi/9.3.1/thumb/v7-m/nofp/crtbegin.o

.rodata         0x00000000080104a0      0x218
                0x00000000080104a0                . = ALIGN (0x4)
 *(.rodata)
 .rodata        0x00000000080104a0       0x7d ./Demo/mpu_demo.o
 *fill*         0x000000000801051d        0x3 
 .rodata        0x0000000008010520       0x14 ./FreeRTOS/container.o
 .rodata        0x0000000008010534        0x5 ./FreeRTOS/tasks.o
 *fill*         0x0000000008010539        0x3 
 .rodata        0x000000000801053c        0xd ./FreeRTOS/timers.o
 *fill*         0x0000000008010549        0x3 
 .rodata        0x000000000801054c       0x18 ./ST_Code/LIB-PRINTF/printf.o
 *(.rodata*)
 .rodata.CHANNEL_OFFSET_TAB
                0x0000000008010564        0x7 ./FreeRTOS/container.o
 *fill*         0x000000000801056b        0x1 
 .rodata.ulRanksADC
                0x000000000801056c       0x40 ./FreeRTOS/container.o
 .rodata.ulChannelsADC
                0x00000000080105ac       0x40 ./FreeRTOS/container.o
 .rodata.ulNumberOfRanks
                0x00000000080105ec       0x40 ./FreeRTOS/container.o
 .rodata.CHANNEL_OFFSET_TAB
                0x000000000801062c        0x7 ./ST_Code/Core/Src/main.o
 *fill*         0x0000000008010633        0x1 
 .rodata.BoardGPIO
                0x0000000008010634       0x10 ./ST_Code/Core/Src/main.o
                0x0000000008010634                BoardGPIO
 .rodata.PLLMulTable
                0x0000000008010644        0x9 ./ST_Code/Core/Src/system_stm32l1xx.o
                0x0000000008010644                PLLMulTable
 *fill*         0x000000000801064d        0x3 
 .rodata.AHBPrescTable
                0x0000000008010650       0x10 ./ST_Code/Core/Src/system_stm32l1xx.o
                0x0000000008010650                AHBPrescTable
 .rodata.APBPrescTable
                0x0000000008010660        0x8 ./ST_Code/Core/Src/system_stm32l1xx.o
                0x0000000008010660                APBPrescTable
 .rodata.pow10.4371
                0x0000000008010668       0x50 ./ST_Code/LIB-PRINTF/printf.o
                0x00000000080106b8                . = ALIGN (0x4)

.ARM.extab      0x00000000080106b8        0x0
                0x00000000080106b8                . = ALIGN (0x4)
 *(.ARM.extab* .gnu.linkonce.armextab.*)
                0x00000000080106b8                . = ALIGN (0x4)

.ARM            0x00000000080106b8        0x8
                0x00000000080106b8                . = ALIGN (0x4)
                0x00000000080106b8                __exidx_start = .
 *(.ARM.exidx*)
 .ARM.exidx     0x00000000080106b8        0x8 c:/st/stm32cubeide_1.8.0/stm32cubeide/plugins/com.st.stm32cube.ide.mcu.externaltools.gnu-tools-for-stm32.9-2020-q2-update.win32_2.0.0.202105311346/tools/bin/../lib/gcc/arm-none-eabi/9.3.1/thumb/v7-m/nofp\libgcc.a(_udivmoddi4.o)
                0x00000000080106c0                __exidx_end = .
                0x00000000080106c0                . = ALIGN (0x4)

.rel.dyn        0x00000000080106c0        0x0
 .rel.iplt      0x00000000080106c0        0x0 c:/st/stm32cubeide_1.8.0/stm32cubeide/plugins/com.st.stm32cube.ide.mcu.externaltools.gnu-tools-for-stm32.9-2020-q2-update.win32_2.0.0.202105311346/tools/bin/../lib/gcc/arm-none-eabi/9.3.1/thumb/v7-m/nofp/crtbegin.o

.preinit_array  0x00000000080106c0        0x0
                0x00000000080106c0                . = ALIGN (0x4)
                0x00000000080106c0                PROVIDE (__preinit_array_start = .)
 *(.preinit_array*)
                0x00000000080106c0                PROVIDE (__preinit_array_end = .)
                0x00000000080106c0                . = ALIGN (0x4)

.init_array     0x00000000080106c0        0x4
                0x00000000080106c0                . = ALIGN (0x4)
                0x00000000080106c0                PROVIDE (__init_array_start = .)
 *(SORT_BY_NAME(.init_array.*))
 *(.init_array*)
 .init_array    0x00000000080106c0        0x4 c:/st/stm32cubeide_1.8.0/stm32cubeide/plugins/com.st.stm32cube.ide.mcu.externaltools.gnu-tools-for-stm32.9-2020-q2-update.win32_2.0.0.202105311346/tools/bin/../lib/gcc/arm-none-eabi/9.3.1/thumb/v7-m/nofp/crtbegin.o
                0x00000000080106c4                PROVIDE (__init_array_end = .)
                0x00000000080106c4                . = ALIGN (0x4)

.fini_array     0x00000000080106c4        0x4
                0x00000000080106c4                . = ALIGN (0x4)
                [!provide]                        PROVIDE (__fini_array_start = .)
 *(SORT_BY_NAME(.fini_array.*))
 *(.fini_array*)
 .fini_array    0x00000000080106c4        0x4 c:/st/stm32cubeide_1.8.0/stm32cubeide/plugins/com.st.stm32cube.ide.mcu.externaltools.gnu-tools-for-stm32.9-2020-q2-update.win32_2.0.0.202105311346/tools/bin/../lib/gcc/arm-none-eabi/9.3.1/thumb/v7-m/nofp/crtbegin.o
                [!provide]                        PROVIDE (__fini_array_end = .)
                0x00000000080106c8                . = ALIGN (0x4)
                0x00000000080106c8                _sidata = LOADADDR (.privileged_data)

.privileged_data
                0x0000000020000000     0x8000 load address 0x00000000080106c8
                0x0000000020000000                . = ALIGN (0x4)
                0x0000000020000000                _sdata = .
 *(privileged_data)
 privileged_data
                0x0000000020000000      0x228 ./FreeRTOS/container.o
                0x000000002000004c                ucQueueStorageArea
                0x0000000020000198                xSTackRegions
                0x00000000200001f8                ulNumberRestrictedTask
                0x00000000200001fc                ucSlaveOwnAddress
                0x00000000200001fd                ucMasterRequestDirection
                0x00000000200001fe                usMasterNbDataToReceive
                0x0000000020000200                ucGenerateStop
                0x0000000020000201                ucCSSP1
 privileged_data
                0x0000000020000228       0x28 ./FreeRTOS/queue.o
                0x0000000020000228                xQueueRegistry
 privileged_data
                0x0000000020000250      0x10c ./FreeRTOS/tasks.o
                0x0000000020000250                pxCurrentTCB
 privileged_data
                0x000000002000035c       0xc4 ./FreeRTOS/timers.o
 privileged_data
                0x0000000020000420     0x4020 ./FreeRTOS/portable/MemMang/heap_4.o
                0x0000000020004440                . = ALIGN (0x4)
 FILL mask 0xdead
                0x0000000000008000                . = __privileged_data_region_size__
 *fill*         0x0000000020004440     0x3bc0 dead

.data           0x0000000020008000       0x14 load address 0x00000000080186c8
                0x0000000020008000                . = ALIGN (0x4)
 *(.data)
 *(.data*)
 .data.uxTopUsedPriority
                0x0000000020008000        0x4 ./FreeRTOS/tasks.o
                0x0000000020008000                uxTopUsedPriority
 .data.uxCriticalNesting
                0x0000000020008004        0x4 ./FreeRTOS/portable/GCC/ARM_CM3_MPU/port.o
 .data.SystemCoreClock
                0x0000000020008008        0x4 ./ST_Code/Core/Src/system_stm32l1xx.o
                0x0000000020008008                SystemCoreClock
 .data.uwTickPrio
                0x000000002000800c        0x4 ./ST_Code/Drivers/STM32L1xx_HAL_Driver/Src/stm32l1xx_hal.o
                0x000000002000800c                uwTickPrio
 .data.uwTickFreq
                0x0000000020008010        0x4 ./ST_Code/Drivers/STM32L1xx_HAL_Driver/Src/stm32l1xx_hal.o
                0x0000000020008010                uwTickFreq
                0x0000000020008014                . = ALIGN (0x4)
                0x0000000020008014                _edata = .

.igot.plt       0x0000000020008014        0x0 load address 0x00000000080186dc
 .igot.plt      0x0000000020008014        0x0 c:/st/stm32cubeide_1.8.0/stm32cubeide/plugins/com.st.stm32cube.ide.mcu.externaltools.gnu-tools-for-stm32.9-2020-q2-update.win32_2.0.0.202105311346/tools/bin/../lib/gcc/arm-none-eabi/9.3.1/thumb/v7-m/nofp/crtbegin.o
                0x0000000020008014                . = ALIGN (0x4)

.bss            0x0000000020008400     0x1c40 load address 0x00000000080186dc
                0x0000000020008400                _sbss = .
                0x0000000020008400                __bss_start__ = _sbss
 *(.bss)
 .bss           0x0000000020008400       0x1c c:/st/stm32cubeide_1.8.0/stm32cubeide/plugins/com.st.stm32cube.ide.mcu.externaltools.gnu-tools-for-stm32.9-2020-q2-update.win32_2.0.0.202105311346/tools/bin/../lib/gcc/arm-none-eabi/9.3.1/thumb/v7-m/nofp/crtbegin.o
 *(.bss*)
 .bss.xIdleTaskTCB.6683
                0x000000002000841c       0x8c ./Demo/app_main.o
 .bss.uxIdleTaskStack.6684
                0x00000000200084a8      0x400 ./Demo/app_main.o
 .bss.xTimerTaskTCB.6690
                0x00000000200088a8       0x8c ./Demo/app_main.o
 .bss.uxTimerTaskStack.6691
                0x0000000020008934      0x400 ./Demo/app_main.o
 *fill*         0x0000000020008d34      0x2cc 
 .bss.xTestTaskStack
                0x0000000020009000      0x400 ./Demo/mpu_demo.o
 .bss.ucROTaskFaultTracker
                0x0000000020009400       0x20 ./Demo/mpu_demo.o
 *fill*         0x0000000020009420      0x3e0 
 .bss.xDMATaskStack.9925
                0x0000000020009800      0x400 ./FreeRTOS/container.o
 .bss.ulCount   0x0000000020009c00        0x4 ./FreeRTOS/tasks.o
                0x0000000020009c00                ulCount
 .bss.ulCount2  0x0000000020009c04        0x4 ./FreeRTOS/tasks.o
                0x0000000020009c04                ulCount2
 .bss.ucMaxSysCallPriority
                0x0000000020009c08        0x1 ./FreeRTOS/portable/GCC/ARM_CM3_MPU/port.o
 *fill*         0x0000000020009c09        0x3 
 .bss.ulMaxPRIGROUPValue
                0x0000000020009c0c        0x4 ./FreeRTOS/portable/GCC/ARM_CM3_MPU/port.o
 *(COMMON)
 *fill*         0x0000000020009c10       0x10 
 COMMON         0x0000000020009c20      0x3e0 ./Demo/mpu_demo.o
                0x0000000020009c20                xTaskBuffer
                0x0000000020009cac                xStack
                0x0000000020009fe0                ucSharedMemory
 COMMON         0x000000002000a000       0x3c ./ST_Code/Core/Src/stm32l1xx_hal_timebase_tim.o
                0x000000002000a000                htim6
 COMMON         0x000000002000a03c        0x4 ./ST_Code/Drivers/STM32L1xx_HAL_Driver/Src/stm32l1xx_hal.o
                0x000000002000a03c                uwTick
                0x000000002000a040                . = ALIGN (0x4)
                0x000000002000a040                _ebss = .
                0x000000002000a040                __bss_end__ = _ebss

._user_heap_stack
                0x000000002000a040      0x600 load address 0x00000000080186dc
                0x000000002000a040                . = ALIGN (0x8)
                0x000000002000a040                PROVIDE (end = .)
                [!provide]                        PROVIDE (_end = .)
                0x000000002000a240                . = (. + _Min_Heap_Size)
 *fill*         0x000000002000a040      0x200 
                0x000000002000a640                . = (. + _Min_Stack_Size)
 *fill*         0x000000002000a240      0x400 
                0x000000002000a640                . = ALIGN (0x8)

/DISCARD/
 libc.a(*)
 libm.a(*)
 libgcc.a(*)

.ARM.attributes
                0x0000000000000000       0x29
 *(.ARM.attributes)
 .ARM.attributes
                0x0000000000000000       0x1d c:/st/stm32cubeide_1.8.0/stm32cubeide/plugins/com.st.stm32cube.ide.mcu.externaltools.gnu-tools-for-stm32.9-2020-q2-update.win32_2.0.0.202105311346/tools/bin/../lib/gcc/arm-none-eabi/9.3.1/thumb/v7-m/nofp/crti.o
 .ARM.attributes
                0x000000000000001d       0x2d c:/st/stm32cubeide_1.8.0/stm32cubeide/plugins/com.st.stm32cube.ide.mcu.externaltools.gnu-tools-for-stm32.9-2020-q2-update.win32_2.0.0.202105311346/tools/bin/../lib/gcc/arm-none-eabi/9.3.1/thumb/v7-m/nofp/crtbegin.o
 .ARM.attributes
                0x000000000000004a       0x2d ./Demo/app_main.o
 .ARM.attributes
                0x0000000000000077       0x2d ./Demo/mpu_demo.o
 .ARM.attributes
                0x00000000000000a4       0x2d ./FreeRTOS/container.o
 .ARM.attributes
                0x00000000000000d1       0x2d ./FreeRTOS/event_groups.o
 .ARM.attributes
                0x00000000000000fe       0x2d ./FreeRTOS/list.o
 .ARM.attributes
                0x000000000000012b       0x2d ./FreeRTOS/queue.o
 .ARM.attributes
                0x0000000000000158       0x2d ./FreeRTOS/stream_buffer.o
 .ARM.attributes
                0x0000000000000185       0x2d ./FreeRTOS/tasks.o
 .ARM.attributes
                0x00000000000001b2       0x2d ./FreeRTOS/timers.o
 .ARM.attributes
                0x00000000000001df       0x2d ./FreeRTOS/portable/Common/mpu_wrappers.o
 .ARM.attributes
                0x000000000000020c       0x2d ./FreeRTOS/portable/GCC/ARM_CM3_MPU/port.o
 .ARM.attributes
                0x0000000000000239       0x2d ./FreeRTOS/portable/MemMang/heap_4.o
 .ARM.attributes
                0x0000000000000266       0x2d ./ST_Code/Core/Src/main.o
 .ARM.attributes
                0x0000000000000293       0x2d ./ST_Code/Core/Src/stm32l1xx_hal_timebase_tim.o
 .ARM.attributes
                0x00000000000002c0       0x2d ./ST_Code/Core/Src/stm32l1xx_it.o
 .ARM.attributes
                0x00000000000002ed       0x2d ./ST_Code/Core/Src/system_stm32l1xx.o
 .ARM.attributes
                0x000000000000031a       0x2d ./ST_Code/Drivers/STM32L1xx_HAL_Driver/Src/stm32l1xx_hal.o
 .ARM.attributes
                0x0000000000000347       0x2d ./ST_Code/Drivers/STM32L1xx_HAL_Driver/Src/stm32l1xx_hal_cortex.o
 .ARM.attributes
                0x0000000000000374       0x2d ./ST_Code/Drivers/STM32L1xx_HAL_Driver/Src/stm32l1xx_hal_gpio.o
 .ARM.attributes
                0x00000000000003a1       0x2d ./ST_Code/Drivers/STM32L1xx_HAL_Driver/Src/stm32l1xx_hal_rcc.o
 .ARM.attributes
                0x00000000000003ce       0x2d ./ST_Code/Drivers/STM32L1xx_HAL_Driver/Src/stm32l1xx_hal_tim.o
 .ARM.attributes
                0x00000000000003fb       0x2d ./ST_Code/Drivers/STM32L1xx_HAL_Driver/Src/stm32l1xx_ll_gpio.o
 .ARM.attributes
                0x0000000000000428       0x2d ./ST_Code/Drivers/STM32L1xx_HAL_Driver/Src/stm32l1xx_ll_rcc.o
 .ARM.attributes
                0x0000000000000455       0x2d ./ST_Code/Drivers/STM32L1xx_HAL_Driver/Src/stm32l1xx_ll_usart.o
 .ARM.attributes
                0x0000000000000482       0x2d ./ST_Code/LIB-PRINTF/printf.o
 .ARM.attributes
                0x00000000000004af       0x2d ./Startup/memfault_handler.o
 .ARM.attributes
                0x00000000000004dc       0x21 ./Startup/startup_stm32l152retx.o
 .ARM.attributes
                0x00000000000004fd       0x2d c:/st/stm32cubeide_1.8.0/stm32cubeide/plugins/com.st.stm32cube.ide.mcu.externaltools.gnu-tools-for-stm32.9-2020-q2-update.win32_2.0.0.202105311346/tools/bin/../lib/gcc/arm-none-eabi/9.3.1/../../../../arm-none-eabi/lib/thumb/v7-m/nofp\libc_nano.a(lib_a-init.o)
 .ARM.attributes
                0x000000000000052a       0x2d c:/st/stm32cubeide_1.8.0/stm32cubeide/plugins/com.st.stm32cube.ide.mcu.externaltools.gnu-tools-for-stm32.9-2020-q2-update.win32_2.0.0.202105311346/tools/bin/../lib/gcc/arm-none-eabi/9.3.1/../../../../arm-none-eabi/lib/thumb/v7-m/nofp\libc_nano.a(lib_a-memcpy-stub.o)
 .ARM.attributes
                0x0000000000000557       0x2d c:/st/stm32cubeide_1.8.0/stm32cubeide/plugins/com.st.stm32cube.ide.mcu.externaltools.gnu-tools-for-stm32.9-2020-q2-update.win32_2.0.0.202105311346/tools/bin/../lib/gcc/arm-none-eabi/9.3.1/../../../../arm-none-eabi/lib/thumb/v7-m/nofp\libc_nano.a(lib_a-memset.o)
 .ARM.attributes
                0x0000000000000584       0x17 c:/st/stm32cubeide_1.8.0/stm32cubeide/plugins/com.st.stm32cube.ide.mcu.externaltools.gnu-tools-for-stm32.9-2020-q2-update.win32_2.0.0.202105311346/tools/bin/../lib/gcc/arm-none-eabi/9.3.1/../../../../arm-none-eabi/lib/thumb/v7-m/nofp\libc_nano.a(lib_a-strlen.o)
 .ARM.attributes
                0x000000000000059b       0x1d c:/st/stm32cubeide_1.8.0/stm32cubeide/plugins/com.st.stm32cube.ide.mcu.externaltools.gnu-tools-for-stm32.9-2020-q2-update.win32_2.0.0.202105311346/tools/bin/../lib/gcc/arm-none-eabi/9.3.1/thumb/v7-m/nofp\libgcc.a(_arm_addsubdf3.o)
 .ARM.attributes
                0x00000000000005b8       0x1d c:/st/stm32cubeide_1.8.0/stm32cubeide/plugins/com.st.stm32cube.ide.mcu.externaltools.gnu-tools-for-stm32.9-2020-q2-update.win32_2.0.0.202105311346/tools/bin/../lib/gcc/arm-none-eabi/9.3.1/thumb/v7-m/nofp\libgcc.a(_arm_muldivdf3.o)
 .ARM.attributes
                0x00000000000005d5       0x1d c:/st/stm32cubeide_1.8.0/stm32cubeide/plugins/com.st.stm32cube.ide.mcu.externaltools.gnu-tools-for-stm32.9-2020-q2-update.win32_2.0.0.202105311346/tools/bin/../lib/gcc/arm-none-eabi/9.3.1/thumb/v7-m/nofp\libgcc.a(_arm_cmpdf2.o)
 .ARM.attributes
                0x00000000000005f2       0x1d c:/st/stm32cubeide_1.8.0/stm32cubeide/plugins/com.st.stm32cube.ide.mcu.externaltools.gnu-tools-for-stm32.9-2020-q2-update.win32_2.0.0.202105311346/tools/bin/../lib/gcc/arm-none-eabi/9.3.1/thumb/v7-m/nofp\libgcc.a(_arm_fixdfsi.o)
 .ARM.attributes
                0x000000000000060f       0x1d c:/st/stm32cubeide_1.8.0/stm32cubeide/plugins/com.st.stm32cube.ide.mcu.externaltools.gnu-tools-for-stm32.9-2020-q2-update.win32_2.0.0.202105311346/tools/bin/../lib/gcc/arm-none-eabi/9.3.1/thumb/v7-m/nofp\libgcc.a(_arm_fixunsdfsi.o)
 .ARM.attributes
                0x000000000000062c       0x1d c:/st/stm32cubeide_1.8.0/stm32cubeide/plugins/com.st.stm32cube.ide.mcu.externaltools.gnu-tools-for-stm32.9-2020-q2-update.win32_2.0.0.202105311346/tools/bin/../lib/gcc/arm-none-eabi/9.3.1/thumb/v7-m/nofp\libgcc.a(_aeabi_uldivmod.o)
 .ARM.attributes
                0x0000000000000649       0x2d c:/st/stm32cubeide_1.8.0/stm32cubeide/plugins/com.st.stm32cube.ide.mcu.externaltools.gnu-tools-for-stm32.9-2020-q2-update.win32_2.0.0.202105311346/tools/bin/../lib/gcc/arm-none-eabi/9.3.1/thumb/v7-m/nofp\libgcc.a(_udivmoddi4.o)
 .ARM.attributes
                0x0000000000000676       0x1d c:/st/stm32cubeide_1.8.0/stm32cubeide/plugins/com.st.stm32cube.ide.mcu.externaltools.gnu-tools-for-stm32.9-2020-q2-update.win32_2.0.0.202105311346/tools/bin/../lib/gcc/arm-none-eabi/9.3.1/thumb/v7-m/nofp\libgcc.a(_dvmd_tls.o)
 .ARM.attributes
                0x0000000000000693       0x1d c:/st/stm32cubeide_1.8.0/stm32cubeide/plugins/com.st.stm32cube.ide.mcu.externaltools.gnu-tools-for-stm32.9-2020-q2-update.win32_2.0.0.202105311346/tools/bin/../lib/gcc/arm-none-eabi/9.3.1/thumb/v7-m/nofp/crtn.o
OUTPUT(FreeRTOSDemo.elf elf32-littlearm)
LOAD linker stubs
LOAD c:/st/stm32cubeide_1.8.0/stm32cubeide/plugins/com.st.stm32cube.ide.mcu.externaltools.gnu-tools-for-stm32.9-2020-q2-update.win32_2.0.0.202105311346/tools/bin/../lib/gcc/arm-none-eabi/9.3.1/../../../../arm-none-eabi/lib/thumb/v7-m/nofp\libc.a