Modbus.c:94:6:RingAdd	16	static
Modbus.c:110:9:RingGetAllBytes	16	static
Modbus.c:115:9:RingGetNBytes	32	static
Modbus.c:131:9:RingCountBytes	16	static
Modbus.c:136:6:RingClear	16	static
Modbus.c:167:6:ModbusInit	120	static
Modbus.c:310:6:ModbusStart	16	static
Modbus.c:345:6:vTimerCallbackT35	32	static
Modbus.c:365:6:vTimerCallbackTimeout	32	static
Modbus.c:385:6:StartTaskModbusSlave	88	static
Modbus.c:497:6:ModbusQuery	24	static
Modbus.c:505:6:ModbusQueryInject	24	static
Modbus.c:524:8:SendQuery	32	static
Modbus.c:634:6:StartTaskModbusMaster	48	static
Modbus.c:730:6:get_FC1	32	static
Modbus.c:755:6:get_FC3	32	static
Modbus.c:776:9:validateAnswer	24	static
Modbus.c:822:8:getRxBuffer	24	static
Modbus.c:884:9:validateRequest	24	static
Modbus.c:952:10:word	24	static
Modbus.c:970:10:calcCRC	32	static
Modbus.c:1003:6:buildException	24	static
Modbus.c:1025:6:sendTxBuffer	80	static,ignoring_inline_asm
Modbus.c:1121:8:process_FC1	32	static
Modbus.c:1176:8:process_FC3	24	static
Modbus.c:1208:8:process_FC5	24	static
Modbus.c:1241:8:process_FC6	24	static
Modbus.c:1267:8:process_FC15	32	static
Modbus.c:1323:8:process_FC16	24	static
